Archive member included to satisfy reference by file (symbol)

c:/program files/microchip/xc32/v4.10/bin/bin/../../lib/gcc/pic32c/8.3.1/arm/v7-a+simd/hard\libgcc.a(_udivsi3.o)
                              build/sam_a5d27_som1_winc3400/production/_ext/1895127654/plib_flexcom4_spi_master.o (__aeabi_uidiv)
c:/program files/microchip/xc32/v4.10/bin/bin/../../lib/gcc/pic32c/8.3.1/arm/v7-a+simd/hard\libgcc.a(_divsi3.o)
                              build/sam_a5d27_som1_winc3400/production/_ext/695691069/sys_time.o (__aeabi_idiv)
c:/program files/microchip/xc32/v4.10/bin/bin/../../lib/gcc/pic32c/8.3.1/arm/v7-a+simd/hard\libgcc.a(_dvmd_tls.o)
                              c:/program files/microchip/xc32/v4.10/bin/bin/../../lib/gcc/pic32c/8.3.1/arm/v7-a+simd/hard\libgcc.a(_udivsi3.o) (__aeabi_idiv0)
c:/program files/microchip/xc32/v4.10/bin/bin/../../lib/gcc/pic32c/8.3.1/arm/v7-a+simd/hard\libgcc.a(_aeabi_uldivmod.o)
                              build/sam_a5d27_som1_winc3400/production/_ext/695691069/sys_time.o (__aeabi_uldivmod)
c:/program files/microchip/xc32/v4.10/bin/bin/../../lib/gcc/pic32c/8.3.1/arm/v7-a+simd/hard\libgcc.a(_udivmoddi4.o)
                              c:/program files/microchip/xc32/v4.10/bin/bin/../../lib/gcc/pic32c/8.3.1/arm/v7-a+simd/hard\libgcc.a(_aeabi_uldivmod.o) (__udivmoddi4)
c:/program files/microchip/xc32/v4.10/bin/bin/../../lib/gcc/pic32c/8.3.1/../../../../pic32c/lib/arm/v7-a+simd/hard\libc-musl.a(__libc_start_main.o)
                              build/sam_a5d27_som1_winc3400/production/_ext/1420774346/cstartup.o (__libc_init_array)
c:/program files/microchip/xc32/v4.10/bin/bin/../../lib/gcc/pic32c/8.3.1/../../../../pic32c/lib/arm/v7-a+simd/hard\libc-musl.a(libc.o)
                              c:/program files/microchip/xc32/v4.10/bin/bin/../../lib/gcc/pic32c/8.3.1/../../../../pic32c/lib/arm/v7-a+simd/hard\libc-musl.a(__libc_start_main.o) (__progname_full)
c:/program files/microchip/xc32/v4.10/bin/bin/../../lib/gcc/pic32c/8.3.1/../../../../pic32c/lib/arm/v7-a+simd/hard\libc-musl.a(malloc.o)
                              build/sam_a5d27_som1_winc3400/production/_ext/1909873291/m2m_wifi.o (free)
c:/program files/microchip/xc32/v4.10/bin/bin/../../lib/gcc/pic32c/8.3.1/../../../../pic32c/lib/arm/v7-a+simd/hard\libc-musl.a(expand_heap.o)
                              c:/program files/microchip/xc32/v4.10/bin/bin/../../lib/gcc/pic32c/8.3.1/../../../../pic32c/lib/arm/v7-a+simd/hard\libc-musl.a(malloc.o) (__expand_heap)
c:/program files/microchip/xc32/v4.10/bin/bin/../../lib/gcc/pic32c/8.3.1/../../../../pic32c/lib/arm/v7-a+simd/hard\libc-musl.a(vsnprintf.o)
                              build/sam_a5d27_som1_winc3400/production/_ext/1006343247/sys_console.o (vsnprintf)
c:/program files/microchip/xc32/v4.10/bin/bin/../../lib/gcc/pic32c/8.3.1/../../../../pic32c/lib/arm/v7-a+simd/hard\libc-musl.a(sprintf.o)
                              (sprintf)
c:/program files/microchip/xc32/v4.10/bin/bin/../../lib/gcc/pic32c/8.3.1/../../../../pic32c/lib/arm/v7-a+simd/hard\libc-musl.a(vsprintf.o)
                              c:/program files/microchip/xc32/v4.10/bin/bin/../../lib/gcc/pic32c/8.3.1/../../../../pic32c/lib/arm/v7-a+simd/hard\libc-musl.a(sprintf.o) (vsprintf)
c:/program files/microchip/xc32/v4.10/bin/bin/../../lib/gcc/pic32c/8.3.1/../../../../pic32c/lib/arm/v7-a+simd/hard\libc-musl.a(memcmp.o)
                              build/sam_a5d27_som1_winc3400/production/_ext/1909873291/m2m_flash.o (memcmp)
c:/program files/microchip/xc32/v4.10/bin/bin/../../lib/gcc/pic32c/8.3.1/../../../../pic32c/lib/arm/v7-a+simd/hard\libc-musl.a(memcpy.o)
                              build/sam_a5d27_som1_winc3400/production/_ext/1909873291/m2m_ota.o (memcpy)
c:/program files/microchip/xc32/v4.10/bin/bin/../../lib/gcc/pic32c/8.3.1/../../../../pic32c/lib/arm/v7-a+simd/hard\libc-musl.a(memset.o)
                              build/sam_a5d27_som1_winc3400/production/_ext/1909873291/m2m_ota.o (memset)
c:/program files/microchip/xc32/v4.10/bin/bin/../../lib/gcc/pic32c/8.3.1/../../../../pic32c/lib/arm/v7-a+simd/hard\libc-musl.a(strlen.o)
                              build/sam_a5d27_som1_winc3400/production/_ext/1909873291/m2m_ota.o (strlen)
c:/program files/microchip/xc32/v4.10/bin/bin/../../lib/gcc/pic32c/8.3.1/../../../../pic32c/lib/arm/v7-a+simd/hard\libc-musl.a(strchr.o)
                              build/sam_a5d27_som1_winc3400/production/_ext/237603529/wdrv_winc_sta.o (strchr)
c:/program files/microchip/xc32/v4.10/bin/bin/../../lib/gcc/pic32c/8.3.1/../../../../pic32c/lib/arm/v7-a+simd/hard\libc-musl.a(strchrnul.o)
                              c:/program files/microchip/xc32/v4.10/bin/bin/../../lib/gcc/pic32c/8.3.1/../../../../pic32c/lib/arm/v7-a+simd/hard\libc-musl.a(strchr.o) (__strchrnul)
c:/program files/microchip/xc32/v4.10/bin/bin/../../lib/gcc/pic32c/8.3.1/../../../../pic32c/lib/arm/v7-a+simd/hard\libc-musl.a(gmtime.o)
[...]
Memory Configuration

Name             Origin             Length             Attributes
sram             0x00200000         0x00020000         !xrw
ram              0x21000000         0x07000000         xrw
ram_nocache      0x20000000         0x01000000         !xrw
rom              0x00000000         0x00000000         xrl
*default*        0x00000000         0xffffffff

Linker script and memory map

LOAD c:/program files/microchip/xc32/v4.10/bin/bin/../../lib/gcc/pic32c/8.3.1/arm/v7-a+simd/hard/crti.o
LOAD c:/program files/microchip/xc32/v4.10/bin/bin/../../lib/gcc/pic32c/8.3.1/arm/v7-a+simd/hard/crtbegin.o
LOAD build/sam_a5d27_som1_winc3400/production/_ext/1279932671/drv_spi.o
LOAD build/sam_a5d27_som1_winc3400/production/_ext/1407615473/wdrv_winc_gpio.o
LOAD build/sam_a5d27_som1_winc3400/production/_ext/1407615473/wdrv_winc_eint.o
LOAD build/sam_a5d27_som1_winc3400/production/_ext/1846510740/wdrv_winc_spi.o
LOAD build/sam_a5d27_som1_winc3400/production/_ext/1941162184/nm_common.o
LOAD build/sam_a5d27_som1_winc3400/production/_ext/1909873291/nmspi.o
LOAD build/sam_a5d27_som1_winc3400/production/_ext/1909873291/nmdrv.o
LOAD build/sam_a5d27_som1_winc3400/production/_ext/1909873291/m2m_ota.o
LOAD build/sam_a5d27_som1_winc3400/production/_ext/1909873291/m2m_flash.o
LOAD build/sam_a5d27_som1_winc3400/production/_ext/1909873291/m2m_periph.o
LOAD build/sam_a5d27_som1_winc3400/production/_ext/1909873291/m2m_ssl.o
LOAD build/sam_a5d27_som1_winc3400/production/_ext/1909873291/m2m_hif.o
LOAD build/sam_a5d27_som1_winc3400/production/_ext/1909873291/nmasic.o
LOAD build/sam_a5d27_som1_winc3400/production/_ext/1909873291/nmbus.o
LOAD build/sam_a5d27_som1_winc3400/production/_ext/1909873291/m2m_wifi.o
LOAD build/sam_a5d27_som1_winc3400/production/_ext/1483395904/inet_ntop.o
LOAD build/sam_a5d27_som1_winc3400/production/_ext/1483395904/inet_addr.o
LOAD build/sam_a5d27_som1_winc3400/production/_ext/1483395904/socket.o
LOAD build/sam_a5d27_som1_winc3400/production/_ext/1501229872/spi_flash.o
LOAD build/sam_a5d27_som1_winc3400/production/_ext/973425813/wdrv_winc_osal.o
LOAD build/sam_a5d27_som1_winc3400/production/_ext/237603529/wdrv_winc_softap.o
LOAD build/sam_a5d27_som1_winc3400/production/_ext/237603529/wdrv_winc_assoc.o
LOAD build/sam_a5d27_som1_winc3400/production/_ext/237603529/wdrv_winc_httpprovctx.o
LOAD build/sam_a5d27_som1_winc3400/production/_ext/237603529/wdrv_winc_wps.o
LOAD build/sam_a5d27_som1_winc3400/production/_ext/237603529/wdrv_winc_systime.o
LOAD build/sam_a5d27_som1_winc3400/production/_ext/237603529/wdrv_winc_sta.o
LOAD build/sam_a5d27_som1_winc3400/production/_ext/237603529/wdrv_winc_bssctx.o
LOAD build/sam_a5d27_som1_winc3400/production/_ext/237603529/wdrv_winc_bssfind.o
LOAD build/sam_a5d27_som1_winc3400/production/_ext/237603529/wdrv_winc_custie.o
LOAD build/sam_a5d27_som1_winc3400/production/_ext/237603529/wdrv_winc_nvm.o
LOAD build/sam_a5d27_som1_winc3400/production/_ext/237603529/wdrv_winc_socket.o
LOAD build/sam_a5d27_som1_winc3400/production/_ext/237603529/wdrv_winc_powersave.o
LOAD build/sam_a5d27_som1_winc3400/production/_ext/237603529/wdrv_winc.o
LOAD build/sam_a5d27_som1_winc3400/production/_ext/237603529/wdrv_winc_ssl.o
LOAD build/sam_a5d27_som1_winc3400/production/_ext/237603529/wdrv_winc_enterprise.o
LOAD build/sam_a5d27_som1_winc3400/production/_ext/237603529/wdrv_winc_authctx.o
LOAD build/sam_a5d27_som1_winc3400/production/_ext/883939571/plib_aic.o
LOAD build/sam_a5d27_som1_winc3400/production/_ext/883937548/plib_clk.o
LOAD build/sam_a5d27_som1_winc3400/production/_ext/1895127654/plib_flexcom4_spi_master.o
LOAD build/sam_a5d27_som1_winc3400/production/_ext/662486865/plib_matrix.o
LOAD build/sam_a5d27_som1_winc3400/production/_ext/883927897/plib_mmu.o
LOAD build/sam_a5d27_som1_winc3400/production/_ext/883925144/plib_pio.o
LOAD build/sam_a5d27_som1_winc3400/production/_ext/941317725/plib_tc0.o
LOAD build/sam_a5d27_som1_winc3400/production/_ext/1631734212/plib_uart1.o
LOAD build/sam_a5d27_som1_winc3400/production/_ext/958701621/plib_xdmac0.o
LOAD build/sam_a5d27_som1_winc3400/production/_ext/1563713540/xc32_monitor.o
LOAD build/sam_a5d27_som1_winc3400/production/_ext/1788205625/sys_cache.o
LOAD build/sam_a5d27_som1_winc3400/production/_ext/1006343247/sys_console_uart.o
LOAD build/sam_a5d27_som1_winc3400/production/_ext/1006343247/sys_console.o
LOAD build/sam_a5d27_som1_winc3400/production/_ext/100066323/sys_debug.o
LOAD build/sam_a5d27_som1_winc3400/production/_ext/775042947/sys_dma.o
LOAD build/sam_a5d27_som1_winc3400/production/_ext/937565385/sys_int.o
LOAD build/sam_a5d27_som1_winc3400/production/_ext/695691069/sys_time.o
LOAD build/sam_a5d27_som1_winc3400/production/_ext/1420774346/initialization.o
LOAD build/sam_a5d27_som1_winc3400/production/_ext/1420774346/fault_handlers.o
LOAD build/sam_a5d27_som1_winc3400/production/_ext/1420774346/cstartup.o
LOAD build/sam_a5d27_som1_winc3400/production/_ext/1420774346/tasks.o
LOAD build/sam_a5d27_som1_winc3400/production/_ext/1420774346/interrupts.o
LOAD build/sam_a5d27_som1_winc3400/production/_ext/1360937237/app.o
LOAD build/sam_a5d27_som1_winc3400/production/_ext/1360937237/main.o
LOAD build/sam_a5d27_som1_winc3400/production/_ext/1360937237/example.o
                0x00000001                __MPLAB_BUILD = 0x1
                0x00001000                C_STACK_SIZE = 0x1000
                0x00000060                IRQ_STACK_SIZE = 0x60
                0x00000060                FIQ_STACK_SIZE = 0x60
                0x00001000                SVC_STACK_SIZE = 0x1000
                0x00000040                ABT_STACK_SIZE = 0x40
                0x00000040                UND_STACK_SIZE = 0x40

.text           0x26f00000    0x102fc
                0x26f00000                . = ALIGN (0x4)
                0x26f00000                _sfixed = .
 *(.textEntry)
 .textEntry     0x26f00000      0x13c build/sam_a5d27_som1_winc3400/production/_ext/1420774346/cstartup.o
                0x26f00000                entry
 *(.text .text.* .gnu.linkonce.t.*)
 .text          0x26f0013c       0x70 c:/program files/microchip/xc32/v4.10/bin/bin/../../lib/gcc/pic32c/8.3.1/arm/v7-a+simd/hard/crtbegin.o
 .text._DRV_SPI_DriverHandleValidate
                0x26f001ac       0x80 build/sam_a5d27_som1_winc3400/production/_ext/1279932671/drv_spi.o
 .text._DRV_SPI_RemoveTransferObjFromList
                0x26f0022c       0x28 build/sam_a5d27_som1_winc3400/production/_ext/1279932671/drv_spi.o
 .text._DRV_SPI_TX_DMA_CallbackHandler
                0x26f00254       0x7c build/sam_a5d27_som1_winc3400/production/_ext/1279932671/drv_spi.o
                0x26f00254                _DRV_SPI_TX_DMA_CallbackHandler
 .text._DRV_SPI_UpdateTransferSetupAndAssertCS
                0x26f002d0       0xdc build/sam_a5d27_som1_winc3400/production/_ext/1279932671/drv_spi.o
 .text._DRV_SPI_StartDMATransfer
                0x26f003ac      0x27c build/sam_a5d27_som1_winc3400/production/_ext/1279932671/drv_spi.o
 .text._DRV_SPI_ResourceLock
                0x26f00628      0x12c build/sam_a5d27_som1_winc3400/production/_ext/1279932671/drv_spi.o
 .text._DRV_SPI_ResourceUnlock
                0x26f00754      0x104 build/sam_a5d27_som1_winc3400/production/_ext/1279932671/drv_spi.o
 .text._DRV_SPI_RX_DMA_CallbackHandler
                0x26f00858      0x1fc build/sam_a5d27_som1_winc3400/production/_ext/1279932671/drv_spi.o
                0x26f00858                _DRV_SPI_RX_DMA_CallbackHandler
 .text._DRV_SPI_PlibCallbackHandler
                0x26f00a54      0x148 build/sam_a5d27_som1_winc3400/production/_ext/1279932671/drv_spi.o
 .text.DRV_SPI_Initialize
                0x26f00b9c      0x188 build/sam_a5d27_som1_winc3400/production/_ext/1279932671/drv_spi.o
                0x26f00b9c                DRV_SPI_Initialize
 .text.DRV_SPI_Open
                0x26f00d24      0x228 build/sam_a5d27_som1_winc3400/production/_ext/1279932671/drv_spi.o
                0x26f00d24                DRV_SPI_Open
 .text.DRV_SPI_TransferEventHandlerSet
                0x26f00f4c       0x90 build/sam_a5d27_som1_winc3400/production/_ext/1279932671/drv_spi.o
                0x26f00f4c                DRV_SPI_TransferEventHandlerSet
 .text.DRV_SPI_WriteReadTransferAdd
                0x26f00fdc      0x34c build/sam_a5d27_som1_winc3400/production/_ext/1279932671/drv_spi.o
                0x26f00fdc                DRV_SPI_WriteReadTransferAdd
 .text.DRV_SPI_WriteTransferAdd
                0x26f01328       0x20 build/sam_a5d27_som1_winc3400/production/_ext/1279932671/drv_spi.o
                0x26f01328                DRV_SPI_WriteTransferAdd
 .text.WDRV_WINC_GPIOResetAssert
                0x26f01348       0x14 build/sam_a5d27_som1_winc3400/production/_ext/1407615473/wdrv_winc_gpio.o
                0x26f01348                WDRV_WINC_GPIOResetAssert
 .text.WDRV_WINC_GPIOResetDeassert
                0x26f0135c       0x14 build/sam_a5d27_som1_winc3400/production/_ext/1407615473/wdrv_winc_gpio.o
                0x26f0135c                WDRV_WINC_GPIOResetDeassert
 .text.WDRV_WINC_GPIOChipEnableAssert
                0x26f01370       0x14 build/sam_a5d27_som1_winc3400/production/_ext/1407615473/wdrv_winc_gpio.o
                0x26f01370                WDRV_WINC_GPIOChipEnableAssert
 .text.WDRV_WINC_GPIOChipEnableDeassert
                0x26f01384       0x14 build/sam_a5d27_som1_winc3400/production/_ext/1407615473/wdrv_winc_gpio.o
                0x26f01384                WDRV_WINC_GPIOChipEnableDeassert
 .text.WDRV_WINC_INTInitialize
                0x26f01398       0x34 build/sam_a5d27_som1_winc3400/production/_ext/1407615473/wdrv_winc_eint.o
                0x26f01398                WDRV_WINC_INTInitialize
 .text.WDRV_WINC_INTDeinitialize
                0x26f013cc       0x20 build/sam_a5d27_som1_winc3400/production/_ext/1407615473/wdrv_winc_eint.o
                0x26f013cc                WDRV_WINC_INTDeinitialize
 .text._WDRV_WINC_SPITransferEventHandler
                0x26f013ec       0x60 build/sam_a5d27_som1_winc3400/production/_ext/1846510740/wdrv_winc_spi.o
 .text.WDRV_WINC_SPISend
                0x26f0144c       0x70 build/sam_a5d27_som1_winc3400/production/_ext/1846510740/wdrv_winc_spi.o
                0x26f0144c                WDRV_WINC_SPISend
 .text.WDRV_WINC_SPIReceive
                0x26f014bc       0x88 build/sam_a5d27_som1_winc3400/production/_ext/1846510740/wdrv_winc_spi.o
                0x26f014bc                WDRV_WINC_SPIReceive
 .text.WDRV_WINC_SPIOpen
                0x26f01544       0x94 build/sam_a5d27_som1_winc3400/production/_ext/1846510740/wdrv_winc_spi.o
                0x26f01544                WDRV_WINC_SPIOpen
 .text.WDRV_WINC_SPIInitialize
                0x26f015d8       0x24 build/sam_a5d27_som1_winc3400/production/_ext/1846510740/wdrv_winc_spi.o
                0x26f015d8                WDRV_WINC_SPIInitialize
 .text.WDRV_WINC_SPIDeinitialize
                0x26f015fc       0x38 build/sam_a5d27_som1_winc3400/production/_ext/1846510740/wdrv_winc_spi.o
                0x26f015fc                WDRV_WINC_SPIDeinitialize
 .text.nm_sleep
                0x26f01634        0xc build/sam_a5d27_som1_winc3400/production/_ext/1941162184/nm_common.o
                0x26f01634                nm_sleep
 .text.nm_reset
                0x26f01640       0x30 build/sam_a5d27_som1_winc3400/production/_ext/1941162184/nm_common.o
                0x26f01640                nm_reset
 .text.spi_cmd  0x26f01670      0x1fc build/sam_a5d27_som1_winc3400/production/_ext/1909873291/nmspi.o
 .text.spi_cmd_rsp
                0x26f0186c      0x178 build/sam_a5d27_som1_winc3400/production/_ext/1909873291/nmspi.o
 .text.spi_data_read
                0x26f019e4      0x19c build/sam_a5d27_som1_winc3400/production/_ext/1909873291/nmspi.o
 .text.spi_reset
                0x26f01b80       0x48 build/sam_a5d27_som1_winc3400/production/_ext/1909873291/nmspi.o
 .text.nm_spi_lock_init
                0x26f01bc8       0x14 build/sam_a5d27_som1_winc3400/production/_ext/1909873291/nmspi.o
                0x26f01bc8                nm_spi_lock_init
 .text.nm_spi_deinit
                0x26f01bdc       0x14 build/sam_a5d27_som1_winc3400/production/_ext/1909873291/nmspi.o
                0x26f01bdc                nm_spi_deinit
 .text.nm_spi_read_reg_with_ret
                0x26f01bf0      0x198 build/sam_a5d27_som1_winc3400/production/_ext/1909873291/nmspi.o
                0x26f01bf0                nm_spi_read_reg_with_ret
 .text.nm_spi_read_reg
                0x26f01d88       0x1c build/sam_a5d27_som1_winc3400/production/_ext/1909873291/nmspi.o
                0x26f01d88                nm_spi_read_reg
 .text.nm_spi_write_reg
                0x26f01da4      0x13c build/sam_a5d27_som1_winc3400/production/_ext/1909873291/nmspi.o
                0x26f01da4                nm_spi_write_reg
 .text.nm_spi_init
                0x26f01ee0      0x198 build/sam_a5d27_som1_winc3400/production/_ext/1909873291/nmspi.o
                0x26f01ee0                nm_spi_init
 .text.nm_spi_read_block
                0x26f02078      0x1a8 build/sam_a5d27_som1_winc3400/production/_ext/1909873291/nmspi.o
                0x26f02078                nm_spi_read_block
 .text.nm_spi_write_block
                0x26f02220      0x35c build/sam_a5d27_som1_winc3400/production/_ext/1909873291/nmspi.o
                0x26f02220                nm_spi_write_block
 .text.nm_get_hif_info
                0x26f0257c       0x58 build/sam_a5d27_som1_winc3400/production/_ext/1909873291/nmdrv.o
                0x26f0257c                nm_get_hif_info
 .text.nm_get_firmware_full_info
                0x26f025d4      0x1d4 build/sam_a5d27_som1_winc3400/production/_ext/1909873291/nmdrv.o
                0x26f025d4                nm_get_firmware_full_info
 .text.nm_get_ota_firmware_info
                0x26f027a8      0x1d4 build/sam_a5d27_som1_winc3400/production/_ext/1909873291/nmdrv.o
                0x26f027a8                nm_get_ota_firmware_info
 .text.nm_drv_init_download_mode
                0x26f0297c       0x94 build/sam_a5d27_som1_winc3400/production/_ext/1909873291/nmdrv.o
                0x26f0297c                nm_drv_init_download_mode
 .text.nm_drv_init_hold
                0x26f02a10       0xb0 build/sam_a5d27_som1_winc3400/production/_ext/1909873291/nmdrv.o
                0x26f02a10                nm_drv_init_hold
 .text.nm_drv_init_start
                0x26f02ac0       0xac build/sam_a5d27_som1_winc3400/production/_ext/1909873291/nmdrv.o
                0x26f02ac0                nm_drv_init_start
 .text.nm_drv_deinit
                0x26f02b6c       0x78 build/sam_a5d27_som1_winc3400/production/_ext/1909873291/nmdrv.o
                0x26f02b6c                nm_drv_deinit
 .text.nm_get_state
                0x26f02be4       0x10 build/sam_a5d27_som1_winc3400/production/_ext/1909873291/nmdrv.o
                0x26f02be4                nm_get_state
 .text.m2m_ota_cb
                0x26f02bf4       0x84 build/sam_a5d27_som1_winc3400/production/_ext/1909873291/m2m_ota.o
 .text.m2m_ota_init
                0x26f02c78       0x50 build/sam_a5d27_som1_winc3400/production/_ext/1909873291/m2m_ota.o
                0x26f02c78                m2m_ota_init
 .text.m2m_ssl_cb
                0x26f02cc8      0x238 build/sam_a5d27_som1_winc3400/production/_ext/1909873291/m2m_ssl.o
 .text.m2m_ssl_init
                0x26f02f00       0x74 build/sam_a5d27_som1_winc3400/production/_ext/1909873291/m2m_ssl.o
                0x26f02f00                m2m_ssl_init
 .text.m2m_hif_cb
                0x26f02f74        0x4 build/sam_a5d27_som1_winc3400/production/_ext/1909873291/m2m_hif.o
 .text.hif_set_rx_done
                0x26f02f78       0x70 build/sam_a5d27_som1_winc3400/production/_ext/1909873291/m2m_hif.o
 .text.hif_chip_wake
                0x26f02fe8       0x78 build/sam_a5d27_som1_winc3400/production/_ext/1909873291/m2m_hif.o
                0x26f02fe8                hif_chip_wake
 .text.hif_chip_sleep
                0x26f03060       0x70 build/sam_a5d27_som1_winc3400/production/_ext/1909873291/m2m_hif.o
                0x26f03060                hif_chip_sleep
 .text.hif_deinit
                0x26f030d0       0x28 build/sam_a5d27_som1_winc3400/production/_ext/1909873291/m2m_hif.o
                0x26f030d0                hif_deinit
 .text.hif_check_compatibility
                0x26f030f8       0x28 build/sam_a5d27_som1_winc3400/production/_ext/1909873291/m2m_hif.o
                0x26f030f8                hif_check_compatibility
 .text.hif_enable_access
                0x26f03120      0x13c build/sam_a5d27_som1_winc3400/production/_ext/1909873291/m2m_hif.o
                0x26f03120                hif_enable_access
 .text.hif_check_code
                0x26f0325c       0xf4 build/sam_a5d27_som1_winc3400/production/_ext/1909873291/m2m_hif.o
                0x26f0325c                hif_check_code
 .text.hif_send
                0x26f03350      0x508 build/sam_a5d27_som1_winc3400/production/_ext/1909873291/m2m_hif.o
                0x26f03350                hif_send
 .text.hif_handle_isr
                0x26f03858      0x55c build/sam_a5d27_som1_winc3400/production/_ext/1909873291/m2m_hif.o
                0x26f03858                hif_handle_isr
 .text.hif_receive
                0x26f03db4      0x150 build/sam_a5d27_som1_winc3400/production/_ext/1909873291/m2m_hif.o
                0x26f03db4                hif_receive
 .text.hif_register_cb
                0x26f03f04       0xd8 build/sam_a5d27_som1_winc3400/production/_ext/1909873291/m2m_hif.o
                0x26f03f04                hif_register_cb
 .text.hif_init
                0x26f03fdc       0x50 build/sam_a5d27_som1_winc3400/production/_ext/1909873291/m2m_hif.o
                0x26f03fdc                hif_init
 .text.chip_apply_conf
                0x26f0402c       0x58 build/sam_a5d27_som1_winc3400/production/_ext/1909873291/nmasic.o
                0x26f0402c                chip_apply_conf
 .text.chip_idle
                0x26f04084       0x44 build/sam_a5d27_som1_winc3400/production/_ext/1909873291/nmasic.o
                0x26f04084                chip_idle
 .text.enable_interrupts
                0x26f040c8       0x90 build/sam_a5d27_som1_winc3400/production/_ext/1909873291/nmasic.o
                0x26f040c8                enable_interrupts
 .text.cpu_start
                0x26f04158      0x120 build/sam_a5d27_som1_winc3400/production/_ext/1909873291/nmasic.o
                0x26f04158                cpu_start
 .text.nmi_get_chipid
                0x26f04278      0x1f0 build/sam_a5d27_som1_winc3400/production/_ext/1909873291/nmasic.o
                0x26f04278                nmi_get_chipid
 .text.chip_sleep
                0x26f04468       0xa0 build/sam_a5d27_som1_winc3400/production/_ext/1909873291/nmasic.o
                0x26f04468                chip_sleep
 .text.chip_wake
                0x26f04508      0x124 build/sam_a5d27_som1_winc3400/production/_ext/1909873291/nmasic.o
                0x26f04508                chip_wake
 .text.wait_for_bootrom
                0x26f0462c      0x118 build/sam_a5d27_som1_winc3400/production/_ext/1909873291/nmasic.o
                0x26f0462c                wait_for_bootrom
 .text.wait_for_firmware_start
                0x26f04744      0x154 build/sam_a5d27_som1_winc3400/production/_ext/1909873291/nmasic.o
                0x26f04744                wait_for_firmware_start
 .text.chip_deinit
                0x26f04898      0x11c build/sam_a5d27_som1_winc3400/production/_ext/1909873291/nmasic.o
                0x26f04898                chip_deinit
 .text.nmi_get_mac_address
                0x26f049b4       0x80 build/sam_a5d27_som1_winc3400/production/_ext/1909873291/nmasic.o
                0x26f049b4                nmi_get_mac_address
 .text.nm_bus_iface_init
                0x26f04a34       0x18 build/sam_a5d27_som1_winc3400/production/_ext/1909873291/nmbus.o
                0x26f04a34                nm_bus_iface_init
 .text.nm_bus_iface_deinit
                0x26f04a4c        0x8 build/sam_a5d27_som1_winc3400/production/_ext/1909873291/nmbus.o
                0x26f04a4c                nm_bus_iface_deinit
 .text.nm_read_reg
                0x26f04a54        0xc build/sam_a5d27_som1_winc3400/production/_ext/1909873291/nmbus.o
                0x26f04a54                nm_read_reg
 .text.nm_read_reg_with_ret
                0x26f04a60        0xc build/sam_a5d27_som1_winc3400/production/_ext/1909873291/nmbus.o
                0x26f04a60                nm_read_reg_with_ret
 .text.nm_write_reg
                0x26f04a6c        0xc build/sam_a5d27_som1_winc3400/production/_ext/1909873291/nmbus.o
                0x26f04a6c                nm_write_reg
 .text.nm_read_block
                0x26f04a78       0x84 build/sam_a5d27_som1_winc3400/production/_ext/1909873291/nmbus.o
                0x26f04a78                nm_read_block
 .text.nm_write_block
                0x26f04afc       0x84 build/sam_a5d27_som1_winc3400/production/_ext/1909873291/nmbus.o
                0x26f04afc                nm_write_block
 .text.m2m_wifi_cb
                0x26f04b80      0x694 build/sam_a5d27_som1_winc3400/production/_ext/1909873291/m2m_wifi.o
 .text.m2m_validate_ap_parameters
                0x26f05214      0x150 build/sam_a5d27_som1_winc3400/production/_ext/1909873291/m2m_wifi.o
 .text.m2m_wifi_download_mode
                0x26f05364       0x20 build/sam_a5d27_som1_winc3400/production/_ext/1909873291/m2m_wifi.o
                0x26f05364                m2m_wifi_download_mode
 .text.m2m_wifi_ble_set_gain_table
                0x26f05384       0x3c build/sam_a5d27_som1_winc3400/production/_ext/1909873291/m2m_wifi.o
                0x26f05384                m2m_wifi_ble_set_gain_table
 .text.m2m_wifi_init_hold
                0x26f053c0        0xc build/sam_a5d27_som1_winc3400/production/_ext/1909873291/m2m_wifi.o
                0x26f053c0                m2m_wifi_init_hold
 .text.m2m_wifi_deinit
                0x26f053cc       0x1c build/sam_a5d27_som1_winc3400/production/_ext/1909873291/m2m_wifi.o
                0x26f053cc                m2m_wifi_deinit
 .text.m2m_wifi_get_state
                0x26f053e8       0x1c build/sam_a5d27_som1_winc3400/production/_ext/1909873291/m2m_wifi.o
                0x26f053e8                m2m_wifi_get_state
 .text.m2m_wifi_handle_events
                0x26f05404       0x20 build/sam_a5d27_som1_winc3400/production/_ext/1909873291/m2m_wifi.o
                0x26f05404                m2m_wifi_handle_events
 .text.m2m_wifi_enable_ap_ext
                0x26f05424       0x7c build/sam_a5d27_som1_winc3400/production/_ext/1909873291/m2m_wifi.o
                0x26f05424                m2m_wifi_enable_ap_ext
 .text.m2m_wifi_req_restrict_ble
                0x26f054a0       0x30 build/sam_a5d27_som1_winc3400/production/_ext/1909873291/m2m_wifi.o
                0x26f054a0                m2m_wifi_req_restrict_ble
 .text.m2m_wifi_get_mac_address
                0x26f054d0       0x30 build/sam_a5d27_som1_winc3400/production/_ext/1909873291/m2m_wifi.o
                0x26f054d0                m2m_wifi_get_mac_address
 .text.m2m_wifi_req_scan_result
                0x26f05500       0x38 build/sam_a5d27_som1_winc3400/production/_ext/1909873291/m2m_wifi.o
                0x26f05500                m2m_wifi_req_scan_result
 .text.m2m_wifi_get_num_ap_found
                0x26f05538       0x10 build/sam_a5d27_som1_winc3400/production/_ext/1909873291/m2m_wifi.o
                0x26f05538                m2m_wifi_get_num_ap_found
 .text.m2m_wifi_get_chipId
                0x26f05548        0xc build/sam_a5d27_som1_winc3400/production/_ext/1909873291/m2m_wifi.o
                0x26f05548                m2m_wifi_get_chipId
 .text.m2m_wifi_get_firmware_version
                0x26f05554       0x30 build/sam_a5d27_som1_winc3400/production/_ext/1909873291/m2m_wifi.o
                0x26f05554                m2m_wifi_get_firmware_version
 .text.m2m_ota_get_firmware_version
                0x26f05584       0x30 build/sam_a5d27_som1_winc3400/production/_ext/1909873291/m2m_wifi.o
                0x26f05584                m2m_ota_get_firmware_version
 .text.m2m_wifi_init_start
                0x26f055b4      0x140 build/sam_a5d27_som1_winc3400/production/_ext/1909873291/m2m_wifi.o
                0x26f055b4                m2m_wifi_init_start
 .text.m2m_wifi_start_provision_mode_ext
                0x26f056f4      0x124 build/sam_a5d27_som1_winc3400/production/_ext/1909873291/m2m_wifi.o
                0x26f056f4                m2m_wifi_start_provision_mode_ext
 .text.inet_ntop
                0x26f05818       0xf4 build/sam_a5d27_som1_winc3400/production/_ext/1483395904/inet_ntop.o
                0x26f05818                inet_ntop
 .text.inet_addr
                0x26f0590c      0x160 build/sam_a5d27_som1_winc3400/production/_ext/1483395904/inet_addr.o
                0x26f0590c                inet_addr
 .text.m2m_ip_cb
                0x26f05a6c      0x764 build/sam_a5d27_som1_winc3400/production/_ext/1483395904/socket.o
 .text.socketInit
                0x26f061d0       0x60 build/sam_a5d27_som1_winc3400/production/_ext/1483395904/socket.o
                0x26f061d0                socketInit
 .text.socketDeinit
                0x26f06230       0x50 build/sam_a5d27_som1_winc3400/production/_ext/1483395904/socket.o
                0x26f06230                socketDeinit
 .text.registerSocketEventCallback
                0x26f06280       0x10 build/sam_a5d27_som1_winc3400/production/_ext/1483395904/socket.o
                0x26f06280                registerSocketEventCallback
 .text.socket   0x26f06290      0x348 build/sam_a5d27_som1_winc3400/production/_ext/1483395904/socket.o
                0x26f06290                socket
 .text.bind     0x26f065d8       0xc0 build/sam_a5d27_som1_winc3400/production/_ext/1483395904/socket.o
                0x26f065d8                bind
 .text.listen   0x26f06698       0x90 build/sam_a5d27_som1_winc3400/production/_ext/1483395904/socket.o
                0x26f06698                listen
 .text.accept   0x26f06728       0x38 build/sam_a5d27_som1_winc3400/production/_ext/1483395904/socket.o
                0x26f06728                accept
 .text.send     0x26f06760      0x118 build/sam_a5d27_som1_winc3400/production/_ext/1483395904/socket.o
                0x26f06760                send
 .text.recv     0x26f06878      0x124 build/sam_a5d27_som1_winc3400/production/_ext/1483395904/socket.o
                0x26f06878                recv
 .text.shutdown
                0x26f0699c       0xe8 build/sam_a5d27_som1_winc3400/production/_ext/1483395904/socket.o
                0x26f0699c                shutdown
 .text.WDRV_MSDelay
                0x26f06a84       0x38 build/sam_a5d27_som1_winc3400/production/_ext/973425813/wdrv_winc_osal.o
                0x26f06a84                WDRV_MSDelay
 .text.WDRV_WINC_APStart
                0x26f06abc      0x228 build/sam_a5d27_som1_winc3400/production/_ext/237603529/wdrv_winc_softap.o
                0x26f06abc                WDRV_WINC_APStart
 .text.WDRV_WINC_LocalTimeToUTC
                0x26f06ce4       0xd8 build/sam_a5d27_som1_winc3400/production/_ext/237603529/wdrv_winc_systime.o
                0x26f06ce4                WDRV_WINC_LocalTimeToUTC
 .text.WDRV_WINC_BSSCtxIsValid
                0x26f06dbc       0xb4 build/sam_a5d27_som1_winc3400/production/_ext/237603529/wdrv_winc_bssctx.o
                0x26f06dbc                WDRV_WINC_BSSCtxIsValid
 .text.WDRV_WINC_BSSCtxSetDefaults
                0x26f06e70       0x30 build/sam_a5d27_som1_winc3400/production/_ext/237603529/wdrv_winc_bssctx.o
                0x26f06e70                WDRV_WINC_BSSCtxSetDefaults
 .text.WDRV_WINC_BSSCtxSetSSID
                0x26f06ea0       0x70 build/sam_a5d27_som1_winc3400/production/_ext/237603529/wdrv_winc_bssctx.o
                0x26f06ea0                WDRV_WINC_BSSCtxSetSSID
 .text.WDRV_WINC_BSSCtxSetChannel
                0x26f06f10       0x48 build/sam_a5d27_som1_winc3400/production/_ext/237603529/wdrv_winc_bssctx.o
                0x26f06f10                WDRV_WINC_BSSCtxSetChannel
 .text.WDRV_WINC_IPDHCPServerConfigure
                0x26f06f58       0x5c build/sam_a5d27_som1_winc3400/production/_ext/237603529/wdrv_winc_socket.o
                0x26f06f58                WDRV_WINC_IPDHCPServerConfigure
 .text.WDRV_WINC_SocketRegisterEventCallback
                0x26f06fb4       0x24 build/sam_a5d27_som1_winc3400/production/_ext/237603529/wdrv_winc_socket.o
                0x26f06fb4                WDRV_WINC_SocketRegisterEventCallback
 .text._WDRV_WINC_OTAUpdateCallback
                0x26f06fd8       0x98 build/sam_a5d27_som1_winc3400/production/_ext/237603529/wdrv_winc.o
 .text._WDRV_WINC_SSLCallback
                0x26f07070      0x19c build/sam_a5d27_som1_winc3400/production/_ext/237603529/wdrv_winc.o
 .text._WDRV_WINC_WifiCallback
                0x26f0720c      0x6e0 build/sam_a5d27_som1_winc3400/production/_ext/237603529/wdrv_winc.o
 .text.WDRV_WINC_Initialize
                0x26f078ec       0xa0 build/sam_a5d27_som1_winc3400/production/_ext/237603529/wdrv_winc.o
                0x26f078ec                WDRV_WINC_Initialize
 .text.WDRV_WINC_Status
                0x26f0798c       0x30 build/sam_a5d27_som1_winc3400/production/_ext/237603529/wdrv_winc.o
                0x26f0798c                WDRV_WINC_Status
 .text.WDRV_WINC_Tasks
                0x26f079bc      0x3c4 build/sam_a5d27_som1_winc3400/production/_ext/237603529/wdrv_winc.o
                0x26f079bc                WDRV_WINC_Tasks
 .text.WDRV_WINC_Open
                0x26f07d80      0x19c build/sam_a5d27_som1_winc3400/production/_ext/237603529/wdrv_winc.o
                0x26f07d80                WDRV_WINC_Open
 .text.WDRV_WINC_ISR
                0x26f07f1c       0x28 build/sam_a5d27_som1_winc3400/production/_ext/237603529/wdrv_winc.o
                0x26f07f1c                WDRV_WINC_ISR
 .text.WDRV_WINC_AuthCtxSetOpen
                0x26f07f44       0x20 build/sam_a5d27_som1_winc3400/production/_ext/237603529/wdrv_winc_authctx.o
                0x26f07f44                WDRV_WINC_AuthCtxSetOpen
 .text.WDRV_WINC_AuthCtxSetWPA
                0x26f07f64       0x74 build/sam_a5d27_som1_winc3400/production/_ext/237603529/wdrv_winc_authctx.o
                0x26f07f64                WDRV_WINC_AuthCtxSetWPA
 .text.AIC_INT_Initialize
                0x26f07fd8      0x144 build/sam_a5d27_som1_winc3400/production/_ext/883939571/plib_aic.o
                0x26f07fd8                AIC_INT_Initialize
 .text.AIC_INT_IrqDisable
                0x26f0811c       0x28 build/sam_a5d27_som1_winc3400/production/_ext/883939571/plib_aic.o
                0x26f0811c                AIC_INT_IrqDisable
 .text.AIC_INT_IrqRestore
                0x26f08144       0x20 build/sam_a5d27_som1_winc3400/production/_ext/883939571/plib_aic.o
                0x26f08144                AIC_INT_IrqRestore
 .text.CLK_Initialize
                0x26f08164       0x58 build/sam_a5d27_som1_winc3400/production/_ext/883937548/plib_clk.o
                0x26f08164                CLK_Initialize
 .text.FLEXCOM4_SPI_Initialize
                0x26f081bc       0x4c build/sam_a5d27_som1_winc3400/production/_ext/1895127654/plib_flexcom4_spi_master.o
                0x26f081bc                FLEXCOM4_SPI_Initialize
 .text.FLEXCOM4_SPI_WriteRead
                0x26f08208      0x29c build/sam_a5d27_som1_winc3400/production/_ext/1895127654/plib_flexcom4_spi_master.o
                0x26f08208                FLEXCOM4_SPI_WriteRead
 .text.FLEXCOM4_SPI_TransferSetup
                0x26f084a4       0x98 build/sam_a5d27_som1_winc3400/production/_ext/1895127654/plib_flexcom4_spi_master.o
                0x26f084a4                FLEXCOM4_SPI_TransferSetup
 .text.FLEXCOM4_SPI_IsTransmitterBusy
                0x26f0853c       0x18 build/sam_a5d27_som1_winc3400/production/_ext/1895127654/plib_flexcom4_spi_master.o
                0x26f0853c                FLEXCOM4_SPI_IsTransmitterBusy
 .text.FLEXCOM4_SPI_CallbackRegister
                0x26f08554       0x14 build/sam_a5d27_som1_winc3400/production/_ext/1895127654/plib_flexcom4_spi_master.o
                0x26f08554                FLEXCOM4_SPI_CallbackRegister
 .text.FLEXCOM4_InterruptHandler
                0x26f08568      0x340 build/sam_a5d27_som1_winc3400/production/_ext/1895127654/plib_flexcom4_spi_master.o
                0x26f08568                FLEXCOM4_InterruptHandler
 .text.Matrix_Initialize
                0x26f088a8       0x50 build/sam_a5d27_som1_winc3400/production/_ext/662486865/plib_matrix.o
                0x26f088a8                Matrix_Initialize
 .text.icache_Enable
                0x26f088f8       0x28 build/sam_a5d27_som1_winc3400/production/_ext/883927897/plib_mmu.o
                0x26f088f8                icache_Enable
 .text.MMU_Initialize
                0x26f08920      0x330 build/sam_a5d27_som1_winc3400/production/_ext/883927897/plib_mmu.o
                0x26f08920                MMU_Initialize
 .text.PIO_Initialize
                0x26f08c50       0xb4 build/sam_a5d27_som1_winc3400/production/_ext/883925144/plib_pio.o
                0x26f08c50                PIO_Initialize
 .text.PIO_PortSet
                0x26f08d04       0x14 build/sam_a5d27_som1_winc3400/production/_ext/883925144/plib_pio.o
                0x26f08d04                PIO_PortSet
 .text.PIO_PortClear
                0x26f08d18       0x14 build/sam_a5d27_som1_winc3400/production/_ext/883925144/plib_pio.o
                0x26f08d18                PIO_PortClear
 .text.PIO_PortInterruptEnable
                0x26f08d2c       0x14 build/sam_a5d27_som1_winc3400/production/_ext/883925144/plib_pio.o
                0x26f08d2c                PIO_PortInterruptEnable
 .text.PIO_PortInterruptDisable
                0x26f08d40       0x14 build/sam_a5d27_som1_winc3400/production/_ext/883925144/plib_pio.o
                0x26f08d40                PIO_PortInterruptDisable
 .text.PIO_PinInterruptCallbackRegister
                0x26f08d54       0xa8 build/sam_a5d27_som1_winc3400/production/_ext/883925144/plib_pio.o
                0x26f08d54                PIO_PinInterruptCallbackRegister
 .text.PIOB_InterruptHandler
                0x26f08dfc       0x5c build/sam_a5d27_som1_winc3400/production/_ext/883925144/plib_pio.o
                0x26f08dfc                PIOB_InterruptHandler
 .text.TC0_CH0_TimerInitialize
                0x26f08e58       0x30 build/sam_a5d27_som1_winc3400/production/_ext/941317725/plib_tc0.o
                0x26f08e58                TC0_CH0_TimerInitialize
 .text.TC0_CH0_TimerStart
                0x26f08e88       0x14 build/sam_a5d27_som1_winc3400/production/_ext/941317725/plib_tc0.o
                0x26f08e88                TC0_CH0_TimerStart
 .text.TC0_CH0_TimerStop
                0x26f08e9c       0x14 build/sam_a5d27_som1_winc3400/production/_ext/941317725/plib_tc0.o
                0x26f08e9c                TC0_CH0_TimerStop
 .text.TC0_CH0_TimerFrequencyGet
                0x26f08eb0        0xc build/sam_a5d27_som1_winc3400/production/_ext/941317725/plib_tc0.o
                0x26f08eb0                TC0_CH0_TimerFrequencyGet
 .text.TC0_CH0_TimerPeriodSet
                0x26f08ebc       0x10 build/sam_a5d27_som1_winc3400/production/_ext/941317725/plib_tc0.o
                0x26f08ebc                TC0_CH0_TimerPeriodSet
 .text.TC0_CH0_TimerCompareSet
                0x26f08ecc       0x10 build/sam_a5d27_som1_winc3400/production/_ext/941317725/plib_tc0.o
                0x26f08ecc                TC0_CH0_TimerCompareSet
 .text.TC0_CH0_TimerCounterGet
                0x26f08edc       0x10 build/sam_a5d27_som1_winc3400/production/_ext/941317725/plib_tc0.o
                0x26f08edc                TC0_CH0_TimerCounterGet
 .text.TC0_CH0_TimerCallbackRegister
                0x26f08eec       0x14 build/sam_a5d27_som1_winc3400/production/_ext/941317725/plib_tc0.o
                0x26f08eec                TC0_CH0_TimerCallbackRegister
 .text.TC0_CH0_InterruptHandler
                0x26f08f00       0x40 build/sam_a5d27_som1_winc3400/production/_ext/941317725/plib_tc0.o
                0x26f08f00                TC0_CH0_InterruptHandler
 .text.TC0_InterruptHandler
                0x26f08f40        0xc build/sam_a5d27_som1_winc3400/production/_ext/941317725/plib_tc0.o
                0x26f08f40                TC0_InterruptHandler
 .text.UART1_WritePendingBytesGet
                0x26f08f4c       0x20 build/sam_a5d27_som1_winc3400/production/_ext/1631734212/plib_uart1.o
 .text.UART1_Initialize
                0x26f08f6c       0x70 build/sam_a5d27_som1_winc3400/production/_ext/1631734212/plib_uart1.o
                0x26f08f6c                UART1_Initialize
 .text.UART1_Read
                0x26f08fdc       0xd0 build/sam_a5d27_som1_winc3400/production/_ext/1631734212/plib_uart1.o
                0x26f08fdc                UART1_Read
 .text.UART1_ReadCountGet
                0x26f090ac       0x20 build/sam_a5d27_som1_winc3400/production/_ext/1631734212/plib_uart1.o
                0x26f090ac                UART1_ReadCountGet
 .text.UART1_ReadFreeBufferCountGet
                0x26f090cc       0x10 build/sam_a5d27_som1_winc3400/production/_ext/1631734212/plib_uart1.o
                0x26f090cc                UART1_ReadFreeBufferCountGet
 .text.UART1_WriteCountGet
                0x26f090dc        0xc build/sam_a5d27_som1_winc3400/production/_ext/1631734212/plib_uart1.o
                0x26f090dc                UART1_WriteCountGet
 .text.UART1_Write
                0x26f090e8       0x98 build/sam_a5d27_som1_winc3400/production/_ext/1631734212/plib_uart1.o
                0x26f090e8                UART1_Write
 .text.UART1_WriteFreeBufferCountGet
                0x26f09180       0x14 build/sam_a5d27_som1_winc3400/production/_ext/1631734212/plib_uart1.o
                0x26f09180                UART1_WriteFreeBufferCountGet
 .text.UART1_InterruptHandler
                0x26f09194      0x24c build/sam_a5d27_som1_winc3400/production/_ext/1631734212/plib_uart1.o
                0x26f09194                UART1_InterruptHandler
 .text.XDMAC0_InterruptHandler
                0x26f093e0       0xc0 build/sam_a5d27_som1_winc3400/production/_ext/958701621/plib_xdmac0.o
                0x26f093e0                XDMAC0_InterruptHandler
 .text.XDMAC0_Initialize
                0x26f094a0       0x68 build/sam_a5d27_som1_winc3400/production/_ext/958701621/plib_xdmac0.o
                0x26f094a0                XDMAC0_Initialize
 .text.XDMAC0_ChannelCallbackRegister
                0x26f09508       0x18 build/sam_a5d27_som1_winc3400/production/_ext/958701621/plib_xdmac0.o
                0x26f09508                XDMAC0_ChannelCallbackRegister
 .text.XDMAC0_ChannelTransfer
                0x26f09520       0x9c build/sam_a5d27_som1_winc3400/production/_ext/958701621/plib_xdmac0.o
                0x26f09520                XDMAC0_ChannelTransfer
 .text.XDMAC0_ChannelSettingsGet
                0x26f095bc       0x14 build/sam_a5d27_som1_winc3400/production/_ext/958701621/plib_xdmac0.o
                0x26f095bc                XDMAC0_ChannelSettingsGet
 .text.XDMAC0_ChannelSettingsSet
                0x26f095d0       0x24 build/sam_a5d27_som1_winc3400/production/_ext/958701621/plib_xdmac0.o
                0x26f095d0                XDMAC0_ChannelSettingsSet
 .text.Console_UART_Initialize
                0x26f095f4       0x2c build/sam_a5d27_som1_winc3400/production/_ext/1006343247/sys_console_uart.o
                0x26f095f4                Console_UART_Initialize
 .text.Console_UART_Read
                0x26f09620       0x60 build/sam_a5d27_som1_winc3400/production/_ext/1006343247/sys_console_uart.o
                0x26f09620                Console_UART_Read
 .text.Console_UART_Flush
                0x26f09680        0x8 build/sam_a5d27_som1_winc3400/production/_ext/1006343247/sys_console_uart.o
                0x26f09680                Console_UART_Flush
 .text.Console_UART_Status
                0x26f09688       0x24 build/sam_a5d27_som1_winc3400/production/_ext/1006343247/sys_console_uart.o
                0x26f09688                Console_UART_Status
 .text.Console_UART_Tasks
                0x26f096ac        0x4 build/sam_a5d27_som1_winc3400/production/_ext/1006343247/sys_console_uart.o
                0x26f096ac                Console_UART_Tasks
 .text.Console_UART_WriteCountGet
                0x26f096b0       0x5c build/sam_a5d27_som1_winc3400/production/_ext/1006343247/sys_console_uart.o
                0x26f096b0                Console_UART_WriteCountGet
 .text.Console_UART_WriteFreeBufferCountGet
                0x26f0970c       0x5c build/sam_a5d27_som1_winc3400/production/_ext/1006343247/sys_console_uart.o
                0x26f0970c                Console_UART_WriteFreeBufferCountGet
 .text.Console_UART_Write
                0x26f09768       0x60 build/sam_a5d27_som1_winc3400/production/_ext/1006343247/sys_console_uart.o
                0x26f09768                Console_UART_Write
 .text.Console_UART_ReadFreeBufferCountGet
                0x26f097c8       0x5c build/sam_a5d27_som1_winc3400/production/_ext/1006343247/sys_console_uart.o
                0x26f097c8                Console_UART_ReadFreeBufferCountGet
 .text.Console_UART_ReadCountGet
                0x26f09824       0x5c build/sam_a5d27_som1_winc3400/production/_ext/1006343247/sys_console_uart.o
                0x26f09824                Console_UART_ReadCountGet
 .text.SYS_CONSOLE_Initialize
                0x26f09880       0xa4 build/sam_a5d27_som1_winc3400/production/_ext/1006343247/sys_console.o
                0x26f09880                SYS_CONSOLE_Initialize
 .text.SYS_CONSOLE_HandleGet
                0x26f09924       0x10 build/sam_a5d27_som1_winc3400/production/_ext/1006343247/sys_console.o
                0x26f09924                SYS_CONSOLE_HandleGet
 .text.SYS_CONSOLE_Print
                0x26f09934       0xe0 build/sam_a5d27_som1_winc3400/production/_ext/1006343247/sys_console.o
                0x26f09934                SYS_CONSOLE_Print
 .text.SYS_CONSOLE_Message
                0x26f09a14       0x60 build/sam_a5d27_som1_winc3400/production/_ext/1006343247/sys_console.o
                0x26f09a14                SYS_CONSOLE_Message
 .text.SYS_DEBUG_Initialize
                0x26f09a74       0x30 build/sam_a5d27_som1_winc3400/production/_ext/100066323/sys_debug.o
                0x26f09a74                SYS_DEBUG_Initialize
 .text.SYS_DEBUG_ConsoleInstanceGet
                0x26f09aa4       0x10 build/sam_a5d27_som1_winc3400/production/_ext/100066323/sys_debug.o
                0x26f09aa4                SYS_DEBUG_ConsoleInstanceGet
 .text.SYS_DEBUG_ErrorLevelGet
                0x26f09ab4       0x10 build/sam_a5d27_som1_winc3400/production/_ext/100066323/sys_debug.o
                0x26f09ab4                SYS_DEBUG_ErrorLevelGet
 .text.SYS_DMA_AddressingModeSetup
                0x26f09ac4       0x30 build/sam_a5d27_som1_winc3400/production/_ext/775042947/sys_dma.o
                0x26f09ac4                SYS_DMA_AddressingModeSetup
 .text.SYS_DMA_DataWidthSetup
                0x26f09af4       0x28 build/sam_a5d27_som1_winc3400/production/_ext/775042947/sys_dma.o
                0x26f09af4                SYS_DMA_DataWidthSetup
 .text.SYS_INT_Disable
                0x26f09b1c        0xc build/sam_a5d27_som1_winc3400/production/_ext/937565385/sys_int.o
                0x26f09b1c                SYS_INT_Disable
 .text.SYS_INT_Restore
                0x26f09b28        0xc build/sam_a5d27_som1_winc3400/production/_ext/937565385/sys_int.o
                0x26f09b28                SYS_INT_Restore
 .text.SYS_INT_SourceIsEnabled
                0x26f09b34       0x2c build/sam_a5d27_som1_winc3400/production/_ext/937565385/sys_int.o
                0x26f09b34                SYS_INT_SourceIsEnabled
 .text.SYS_INT_SourceEnable
                0x26f09b60       0x2c build/sam_a5d27_som1_winc3400/production/_ext/937565385/sys_int.o
                0x26f09b60                SYS_INT_SourceEnable
 .text.SYS_INT_SourceDisable
                0x26f09b8c       0x40 build/sam_a5d27_som1_winc3400/production/_ext/937565385/sys_int.o
                0x26f09b8c                SYS_INT_SourceDisable
 .text.SYS_INT_SourceRestore
                0x26f09bcc       0x34 build/sam_a5d27_som1_winc3400/production/_ext/937565385/sys_int.o
                0x26f09bcc                SYS_INT_SourceRestore
 .text.SYS_TIME_GetTimerObject
                0x26f09c00       0x74 build/sam_a5d27_som1_winc3400/production/_ext/695691069/sys_time.o
 .text.SYS_TIME_HwTimerCompareUpdate
                0x26f09c74      0x130 build/sam_a5d27_som1_winc3400/production/_ext/695691069/sys_time.o
 .text.SYS_TIME_RemoveFromList
                0x26f09da4       0xbc build/sam_a5d27_som1_winc3400/production/_ext/695691069/sys_time.o
 .text.SYS_TIME_AddToList
                0x26f09e60       0xec build/sam_a5d27_som1_winc3400/production/_ext/695691069/sys_time.o
 .text.SYS_TIME_UpdateTimerList
                0x26f09f4c       0x70 build/sam_a5d27_som1_winc3400/production/_ext/695691069/sys_time.o
 .text.SYS_TIME_ResourceLock
                0x26f09fbc       0x5c build/sam_a5d27_som1_winc3400/production/_ext/695691069/sys_time.o
 .text.SYS_TIME_ResourceUnlock
                0x26f0a018       0x2c build/sam_a5d27_som1_winc3400/production/_ext/695691069/sys_time.o
 .text.SYS_TIME_TimerObjectCreate
                0x26f0a044      0x12c build/sam_a5d27_som1_winc3400/production/_ext/695691069/sys_time.o
 .text.SYS_TIME_TimerAdd
                0x26f0a170       0x7c build/sam_a5d27_som1_winc3400/production/_ext/695691069/sys_time.o
 .text.SYS_TIME_Initialize
                0x26f0a1ec      0x110 build/sam_a5d27_som1_winc3400/production/_ext/695691069/sys_time.o
                0x26f0a1ec                SYS_TIME_Initialize
 .text.SYS_TIME_TimerDestroy
                0x26f0a2fc       0x74 build/sam_a5d27_som1_winc3400/production/_ext/695691069/sys_time.o
                0x26f0a2fc                SYS_TIME_TimerDestroy
 .text.SYS_TIME_PLIBCallback
                0x26f0a370      0x184 build/sam_a5d27_som1_winc3400/production/_ext/695691069/sys_time.o
 .text.SYS_TIME_TimerStart
                0x26f0a4f4       0xa4 build/sam_a5d27_som1_winc3400/production/_ext/695691069/sys_time.o
                0x26f0a4f4                SYS_TIME_TimerStart
 .text.SYS_TIME_TimerPeriodHasExpired
                0x26f0a598       0x48 build/sam_a5d27_som1_winc3400/production/_ext/695691069/sys_time.o
                0x26f0a598                SYS_TIME_TimerPeriodHasExpired
 .text.SYS_TIME_DelayMS
                0x26f0a5e0       0x84 build/sam_a5d27_som1_winc3400/production/_ext/695691069/sys_time.o
                0x26f0a5e0                SYS_TIME_DelayMS
 .text.SYS_TIME_DelayIsComplete
                0x26f0a664       0x28 build/sam_a5d27_som1_winc3400/production/_ext/695691069/sys_time.o
                0x26f0a664                SYS_TIME_DelayIsComplete
 .text.SYS_Initialize
                0x26f0a68c       0xac build/sam_a5d27_som1_winc3400/production/_ext/1420774346/initialization.o
                0x26f0a68c                SYS_Initialize
 .text.undefined_instruction_irq_handler
                0x26f0a738        0x4 build/sam_a5d27_som1_winc3400/production/_ext/1420774346/fault_handlers.o
                0x26f0a738                undefined_instruction_irq_handler
 .text.software_interrupt_irq_handler
                0x26f0a73c        0x4 build/sam_a5d27_som1_winc3400/production/_ext/1420774346/fault_handlers.o
                0x26f0a73c                software_interrupt_irq_handler
 .text.data_abort_irq_handler
                0x26f0a740        0x4 build/sam_a5d27_som1_winc3400/production/_ext/1420774346/fault_handlers.o
                0x26f0a740                data_abort_irq_handler
 .text.prefetch_abort_irq_handler
                0x26f0a744        0x4 build/sam_a5d27_som1_winc3400/production/_ext/1420774346/fault_handlers.o
                0x26f0a744                prefetch_abort_irq_handler
 *fill*         0x26f0a748        0x8 
 .text          0x26f0a750       0xa4 build/sam_a5d27_som1_winc3400/production/_ext/1420774346/cstartup.o
 .text.SYS_Tasks
                0x26f0a7f4       0x1c build/sam_a5d27_som1_winc3400/production/_ext/1420774346/tasks.o
                0x26f0a7f4                SYS_Tasks
 .text.DefaultInterruptHandlerForSpurious
                0x26f0a810       0x18 build/sam_a5d27_som1_winc3400/production/_ext/1420774346/interrupts.o
                0x26f0a810                DefaultInterruptHandlerForSpurious
 .text.APP_Initialize
                0x26f0a828       0x14 build/sam_a5d27_som1_winc3400/production/_ext/1360937237/app.o
                0x26f0a828                APP_Initialize
 .text.APP_Tasks
                0x26f0a83c       0xb8 build/sam_a5d27_som1_winc3400/production/_ext/1360937237/app.o
                0x26f0a83c                APP_Tasks
 .text.main     0x26f0a8f4       0x14 build/sam_a5d27_som1_winc3400/production/_ext/1360937237/main.o
                0x26f0a8f4                main
 .text.APP_ExampleAPConnectNotifyCallback
                0x26f0a908       0x74 build/sam_a5d27_som1_winc3400/production/_ext/1360937237/example.o
 .text.APP_ExampleDHCPAddressEventCallback
                0x26f0a97c       0x58 build/sam_a5d27_som1_winc3400/production/_ext/1360937237/example.o
 .text.APP_ExampleSocketEventCallback
                0x26f0a9d4      0x3a8 build/sam_a5d27_som1_winc3400/production/_ext/1360937237/example.o
 .text.APP_ExampleInitialize
                0x26f0ad7c       0x7c build/sam_a5d27_som1_winc3400/production/_ext/1360937237/example.o
                0x26f0ad7c                APP_ExampleInitialize
 .text.APP_ExampleTasks
                0x26f0adf8      0x208 build/sam_a5d27_som1_winc3400/production/_ext/1360937237/example.o
                0x26f0adf8                APP_ExampleTasks
 .text          0x26f0b000       0xc8 c:/program files/microchip/xc32/v4.10/bin/bin/../../lib/gcc/pic32c/8.3.1/arm/v7-a+simd/hard\libgcc.a(_udivsi3.o)
                0x26f0b000                __aeabi_uidiv
                0x26f0b000                __udivsi3
                0x26f0b0a8                __aeabi_uidivmod
 .text          0x26f0b0c8       0xfc c:/program files/microchip/xc32/v4.10/bin/bin/../../lib/gcc/pic32c/8.3.1/arm/v7-a+simd/hard\libgcc.a(_divsi3.o)
                0x26f0b0c8                __divsi3
                0x26f0b0c8                __aeabi_idiv
                0x26f0b1a4                __aeabi_idivmod
 .text          0x26f0b1c4        0x4 c:/program files/microchip/xc32/v4.10/bin/bin/../../lib/gcc/pic32c/8.3.1/arm/v7-a+simd/hard\libgcc.a(_dvmd_tls.o)
                0x26f0b1c4                __aeabi_idiv0
                0x26f0b1c4                __aeabi_ldiv0
 .text          0x26f0b1c8       0x3c c:/program files/microchip/xc32/v4.10/bin/bin/../../lib/gcc/pic32c/8.3.1/arm/v7-a+simd/hard\libgcc.a(_aeabi_uldivmod.o)
                0x26f0b1c8                __aeabi_uldivmod
 .text          0x26f0b204      0x148 c:/program files/microchip/xc32/v4.10/bin/bin/../../lib/gcc/pic32c/8.3.1/arm/v7-a+simd/hard\libgcc.a(_udivmoddi4.o)
                0x26f0b204                __udivmoddi4
 .text.__dummy  0x26f0b34c        0x4 c:/program files/microchip/xc32/v4.10/bin/bin/../../lib/gcc/pic32c/8.3.1/../../../../pic32c/lib/arm/v7-a+simd/hard\libc-musl.a(__libc_start_main.o)
                0x26f0b34c                __init_stdio
                0x26f0b34c                __init_host
 .text.__libc_start_init
                0x26f0b350       0x88 c:/program files/microchip/xc32/v4.10/bin/bin/../../lib/gcc/pic32c/8.3.1/../../../../pic32c/lib/arm/v7-a+simd/hard\libc-musl.a(__libc_start_main.o)
                0x26f0b350                __libc_init_array
 .text.bin_index
                0x26f0b3d8       0x48 c:/program files/microchip/xc32/v4.10/bin/bin/../../lib/gcc/pic32c/8.3.1/../../../../pic32c/lib/arm/v7-a+simd/hard\libc-musl.a(malloc.o)
 .text.adjust_size
                0x26f0b420       0x60 c:/program files/microchip/xc32/v4.10/bin/bin/../../lib/gcc/pic32c/8.3.1/../../../../pic32c/lib/arm/v7-a+simd/hard\libc-musl.a(malloc.o)
 .text.lock_bin
                0x26f0b480       0x34 c:/program files/microchip/xc32/v4.10/bin/bin/../../lib/gcc/pic32c/8.3.1/../../../../pic32c/lib/arm/v7-a+simd/hard\libc-musl.a(malloc.o)
 .text.unbin    0x26f0b4b4       0x90 c:/program files/microchip/xc32/v4.10/bin/bin/../../lib/gcc/pic32c/8.3.1/../../../../pic32c/lib/arm/v7-a+simd/hard\libc-musl.a(malloc.o)
 .text.alloc_fwd
                0x26f0b544       0x4c c:/program files/microchip/xc32/v4.10/bin/bin/../../lib/gcc/pic32c/8.3.1/../../../../pic32c/lib/arm/v7-a+simd/hard\libc-musl.a(malloc.o)
 .text.alloc_rev
                0x26f0b590       0x50 c:/program files/microchip/xc32/v4.10/bin/bin/../../lib/gcc/pic32c/8.3.1/../../../../pic32c/lib/arm/v7-a+simd/hard\libc-musl.a(malloc.o)
 .text.free     0x26f0b5e0      0x16c c:/program files/microchip/xc32/v4.10/bin/bin/../../lib/gcc/pic32c/8.3.1/../../../../pic32c/lib/arm/v7-a+simd/hard\libc-musl.a(malloc.o)
                0x26f0b5e0                free
 .text.trim     0x26f0b74c       0x40 c:/program files/microchip/xc32/v4.10/bin/bin/../../lib/gcc/pic32c/8.3.1/../../../../pic32c/lib/arm/v7-a+simd/hard\libc-musl.a(malloc.o)
 .text.malloc   0x26f0b78c      0x284 c:/program files/microchip/xc32/v4.10/bin/bin/../../lib/gcc/pic32c/8.3.1/../../../../pic32c/lib/arm/v7-a+simd/hard\libc-musl.a(malloc.o)
                0x26f0b78c                malloc
 .text.__expand_heap
                0x26f0ba10       0x2c c:/program files/microchip/xc32/v4.10/bin/bin/../../lib/gcc/pic32c/8.3.1/../../../../pic32c/lib/arm/v7-a+simd/hard\libc-musl.a(expand_heap.o)
                0x26f0ba10                __expand_heap
 .text.vsnprintf
                0x26f0ba3c       0x98 c:/program files/microchip/xc32/v4.10/bin/bin/../../lib/gcc/pic32c/8.3.1/../../../../pic32c/lib/arm/v7-a+simd/hard\libc-musl.a(vsnprintf.o)
                0x26f0ba3c                vsnprintf
 .text.memcmp   0x26f0bad4       0x4c c:/program files/microchip/xc32/v4.10/bin/bin/../../lib/gcc/pic32c/8.3.1/../../../../pic32c/lib/arm/v7-a+simd/hard\libc-musl.a(memcmp.o)
                0x26f0bad4                memcmp
 .text.memcpy   0x26f0bb20       0x1c c:/program files/microchip/xc32/v4.10/bin/bin/../../lib/gcc/pic32c/8.3.1/../../../../pic32c/lib/arm/v7-a+simd/hard\libc-musl.a(memcpy.o)
                0x26f0bb20                memcpy
 .text.memset   0x26f0bb3c       0x18 c:/program files/microchip/xc32/v4.10/bin/bin/../../lib/gcc/pic32c/8.3.1/../../../../pic32c/lib/arm/v7-a+simd/hard\libc-musl.a(memset.o)
                0x26f0bb3c                memset
 .text.strlen   0x26f0bb54       0x20 c:/program files/microchip/xc32/v4.10/bin/bin/../../lib/gcc/pic32c/8.3.1/../../../../pic32c/lib/arm/v7-a+simd/hard\libc-musl.a(strlen.o)
                0x26f0bb54                strlen
 .text.mktime   0x26f0bb74       0x90 c:/program files/microchip/xc32/v4.10/bin/bin/../../lib/gcc/pic32c/8.3.1/../../../../pic32c/lib/arm/v7-a+simd/hard\libc-musl.a(mktime.o)
                0x26f0bb74                mktime
 .text.vfprintf
                0x26f0bc04       0x28 c:/program files/microchip/xc32/v4.10/bin/bin/../../lib/gcc/pic32c/8.3.1/../../../../pic32c/lib/arm/v7-a+simd/hard\libc-musl.a(vfprintf.o)
                0x26f0bc04                vfprintf
 .text.__tm_to_secs
                0x26f0bc2c       0xb8 c:/program files/microchip/xc32/v4.10/bin/bin/../../lib/gcc/pic32c/8.3.1/../../../../pic32c/lib/arm/v7-a+simd/hard\libc-musl.a(__tm_to_secs.o)
                0x26f0bc2c                __tm_to_secs
 *fill*         0x26f0bce4        0x4 
 .text.__year_to_secs
                0x26f0bce8      0x17c c:/program files/microchip/xc32/v4.10/bin/bin/../../lib/gcc/pic32c/8.3.1/../../../../pic32c/lib/arm/v7-a+simd/hard\libc-musl.a(__year_to_secs.o)
                0x26f0bce8                __year_to_secs
 *fill*         0x26f0be64        0x4 
 .text.__secs_to_tm
                0x26f0be68      0x288 c:/program files/microchip/xc32/v4.10/bin/bin/../../lib/gcc/pic32c/8.3.1/../../../../pic32c/lib/arm/v7-a+simd/hard\libc-musl.a(__secs_to_tm.o)
                0x26f0be68                __secs_to_tm
 .text.__string_out
                0x26f0c0f0       0x44 c:/program files/microchip/xc32/v4.10/bin/bin/../../lib/gcc/pic32c/8.3.1/../../../../pic32c/lib/arm/v7-a+simd/hard\libc-musl.a(__printf_core.o)
                0x26f0c0f0                __out
 .text.__pad    0x26f0c134       0xc0 c:/program files/microchip/xc32/v4.10/bin/bin/../../lib/gcc/pic32c/8.3.1/../../../../pic32c/lib/arm/v7-a+simd/hard\libc-musl.a(__printf_core.o)
                0x26f0c134                __pad
 .text.__fmt_state
                0x26f0c1f4       0x74 c:/program files/microchip/xc32/v4.10/bin/bin/../../lib/gcc/pic32c/8.3.1/../../../../pic32c/lib/arm/v7-a+simd/hard\libc-musl.a(__printf_core.o)
                0x26f0c1f4                __fmt_state
 .text.__printf_core
                0x26f0c268      0x51c c:/program files/microchip/xc32/v4.10/bin/bin/../../lib/gcc/pic32c/8.3.1/../../../../pic32c/lib/arm/v7-a+simd/hard\libc-musl.a(__printf_core.o)
                0x26f0c268                __printf_core
 .text.atoi     0x26f0c784       0x70 c:/program files/microchip/xc32/v4.10/bin/bin/../../lib/gcc/pic32c/8.3.1/../../../../pic32c/lib/arm/v7-a+simd/hard\libc-musl.a(atoi.o)
                0x26f0c784                atoi
 .text.__month_to_secs
                0x26f0c7f4       0x24 c:/program files/microchip/xc32/v4.10/bin/bin/../../lib/gcc/pic32c/8.3.1/../../../../pic32c/lib/arm/v7-a+simd/hard\libc-musl.a(__month_to_secs.o)
                0x26f0c7f4                __month_to_secs
 .text.tolower  0x26f0c818       0x10 c:/program files/microchip/xc32/v4.10/bin/bin/../../lib/gcc/pic32c/8.3.1/../../../../pic32c/lib/arm/v7-a+simd/hard\libc-musl.a(tolower.o)
                0x26f0c818                tolower
 .text.__fmt_a  0x26f0c828      0x57c c:/program files/microchip/xc32/v4.10/bin/bin/../../lib/gcc/pic32c/8.3.1/../../../../pic32c/lib/arm/v7-a+simd/hard\libc-musl.a(__fmt_a.o)
                0x26f0c828                __fmt_a_needed
                0x26f0c828                __fmt_a
 .text.__fmt_d  0x26f0cda4      0x118 c:/program files/microchip/xc32/v4.10/bin/bin/../../lib/gcc/pic32c/8.3.1/../../../../pic32c/lib/arm/v7-a+simd/hard\libc-musl.a(__fmt_d.o)
                0x26f0cda4                __fmt_d
                0x26f0cda4                __fmt_d_needed
 *fill*         0x26f0cebc        0x4 
 .text.__fmt_fp
                0x26f0cec0      0x580 c:/program files/microchip/xc32/v4.10/bin/bin/../../lib/gcc/pic32c/8.3.1/../../../../pic32c/lib/arm/v7-a+simd/hard\libc-musl.a(__fmt_fp.o)
                0x26f0cec0                __fmt_f_needed
                0x26f0cec0                __fmt_fp
 .text.__fmt_o  0x26f0d440       0xbc c:/program files/microchip/xc32/v4.10/bin/bin/../../lib/gcc/pic32c/8.3.1/../../../../pic32c/lib/arm/v7-a+simd/hard\libc-musl.a(__fmt_o.o)
                0x26f0d440                __fmt_o
                0x26f0d440                __fmt_o_needed
 .text.__fmt_s  0x26f0d4fc       0x88 c:/program files/microchip/xc32/v4.10/bin/bin/../../lib/gcc/pic32c/8.3.1/../../../../pic32c/lib/arm/v7-a+simd/hard\libc-musl.a(__fmt_s.o)
                0x26f0d4fc                __fmt_s
                0x26f0d4fc                __fmt_0_needed
                0x26f0d4fc                __fmt_s_needed
 .text.__cvt_u  0x26f0d584       0xb8 c:/program files/microchip/xc32/v4.10/bin/bin/../../lib/gcc/pic32c/8.3.1/../../../../pic32c/lib/arm/v7-a+simd/hard\libc-musl.a(__fmt_u.o)
                0x26f0d584                __cvt_u
 .text.__fmt_u  0x26f0d63c       0x94 c:/program files/microchip/xc32/v4.10/bin/bin/../../lib/gcc/pic32c/8.3.1/../../../../pic32c/lib/arm/v7-a+simd/hard\libc-musl.a(__fmt_u.o)
                0x26f0d63c                __fmt_u_needed
                0x26f0d63c                __fmt_u
 .text.__fmt_x  0x26f0d6d0      0x190 c:/program files/microchip/xc32/v4.10/bin/bin/../../lib/gcc/pic32c/8.3.1/../../../../pic32c/lib/arm/v7-a+simd/hard\libc-musl.a(__fmt_x.o)
                0x26f0d6d0                __fmt_x_needed
                0x26f0d6d0                __fmt_x
 .text.__pop_float
                0x26f0d860       0x44 c:/program files/microchip/xc32/v4.10/bin/bin/../../lib/gcc/pic32c/8.3.1/../../../../pic32c/lib/arm/v7-a+simd/hard\libc-musl.a(__pop_float.o)
                0x26f0d860                __pop_float_needed
                0x26f0d860                __pop_float
 .text.__pop_int
                0x26f0d8a4      0x158 c:/program files/microchip/xc32/v4.10/bin/bin/../../lib/gcc/pic32c/8.3.1/../../../../pic32c/lib/arm/v7-a+simd/hard\libc-musl.a(__pop_int.o)
                0x26f0d8a4                __pop_int_needed
                0x26f0d8a4                __pop_int
 .text.__pop_ptr
                0x26f0d9fc       0xec c:/program files/microchip/xc32/v4.10/bin/bin/../../lib/gcc/pic32c/8.3.1/../../../../pic32c/lib/arm/v7-a+simd/hard\libc-musl.a(__pop_ptr.o)
                0x26f0d9fc                __pop_ptr
                0x26f0d9fc                __pop_ptr_needed
 .text.strcpy   0x26f0dae8       0x14 c:/program files/microchip/xc32/v4.10/bin/bin/../../lib/gcc/pic32c/8.3.1/../../../../pic32c/lib/arm/v7-a+simd/hard\libc-musl.a(strcpy.o)
                0x26f0dae8                strcpy
 .text.toupper  0x26f0dafc       0x10 c:/program files/microchip/xc32/v4.10/bin/bin/../../lib/gcc/pic32c/8.3.1/../../../../pic32c/lib/arm/v7-a+simd/hard\libc-musl.a(toupper.o)
                0x26f0dafc                toupper
 .text.stpcpy   0x26f0db0c       0x1c c:/program files/microchip/xc32/v4.10/bin/bin/../../lib/gcc/pic32c/8.3.1/../../../../pic32c/lib/arm/v7-a+simd/hard\libc-musl.a(stpcpy.o)
                0x26f0db0c                __stpcpy
                0x26f0db0c                stpcpy
 .text.floor    0x26f0db28       0xa8 c:/program files/microchip/xc32/v4.10/bin/bin/../../lib/gcc/pic32c/8.3.1/../../../../pic32c/lib/arm/v7-a+simd/hard\libm-musl.a(floor.o)
                0x26f0db28                floor
 .text.normalize
                0x26f0dbd0       0x7c c:/program files/microchip/xc32/v4.10/bin/bin/../../lib/gcc/pic32c/8.3.1/../../../../pic32c/lib/arm/v7-a+simd/hard\libm-musl.a(fma.o)
 *fill*         0x26f0dc4c        0x4 
 .text.fma      0x26f0dc50      0x62c c:/program files/microchip/xc32/v4.10/bin/bin/../../lib/gcc/pic32c/8.3.1/../../../../pic32c/lib/arm/v7-a+simd/hard\libm-musl.a(fma.o)
                0x26f0dc50                fma
 *fill*         0x26f0e27c        0x4 
 .text.scalbn   0x26f0e280       0xac c:/program files/microchip/xc32/v4.10/bin/bin/../../lib/gcc/pic32c/8.3.1/../../../../pic32c/lib/arm/v7-a+simd/hard\libm-musl.a(scalbn.o)
                0x26f0e280                scalbn
 .text._sbrk    0x26f0e32c       0x3c c:/program files/microchip/xc32/v4.10/bin/bin/../../lib/gcc/pic32c/8.3.1/../../../../pic32c/lib/arm/v7-a+simd/hard\libpic32c.a(sbrk.o)
                0x26f0e32c                _sbrk
 .text          0x26f0e368      0x3c0 c:/program files/microchip/xc32/v4.10/bin/bin/../../lib/gcc/pic32c/8.3.1/arm/v7-a+simd/hard\libgcc.a(_arm_addsubdf3.o)
                0x26f0e368                __aeabi_drsub
                0x26f0e370                __aeabi_dsub
                0x26f0e370                __subdf3
                0x26f0e374                __aeabi_dadd
                0x26f0e374                __adddf3
                0x26f0e620                __floatunsidf
                0x26f0e620                __aeabi_ui2d
                0x26f0e644                __floatsidf
                0x26f0e644                __aeabi_i2d
                0x26f0e66c                __aeabi_f2d
                0x26f0e66c                __extendsfdf2
                0x26f0e6b4                __floatundidf
                0x26f0e6b4                __aeabi_ul2d
                0x26f0e6c8                __floatdidf
                0x26f0e6c8                __aeabi_l2d
 .text          0x26f0e728       0xd4 c:/program files/microchip/xc32/v4.10/bin/bin/../../lib/gcc/pic32c/8.3.1/arm/v7-a+simd/hard\libgcc.a(_aeabi_ldivmod.o)
                0x26f0e728                __aeabi_ldivmod
 *(.rodata .rodata* .gnu.linkonce.r.*)
 .rodata        0x26f0e7fc      0x10c build/sam_a5d27_som1_winc3400/production/_ext/1279932671/drv_spi.o
 .rodata        0x26f0e908       0x14 build/sam_a5d27_som1_winc3400/production/_ext/1846510740/wdrv_winc_spi.o
 .rodata        0x26f0e91c      0x664 build/sam_a5d27_som1_winc3400/production/_ext/1909873291/nmspi.o
 .rodata.crc7_syndrome_table
                0x26f0ef80      0x100 build/sam_a5d27_som1_winc3400/production/_ext/1909873291/nmspi.o
 .rodata        0x26f0f080      0x1d8 build/sam_a5d27_som1_winc3400/production/_ext/1909873291/nmdrv.o
 .rodata        0x26f0f258       0x38 build/sam_a5d27_som1_winc3400/production/_ext/1909873291/m2m_ota.o
 .rodata        0x26f0f290      0x10c build/sam_a5d27_som1_winc3400/production/_ext/1909873291/m2m_ssl.o
 .rodata        0x26f0f39c      0x450 build/sam_a5d27_som1_winc3400/production/_ext/1909873291/m2m_hif.o
 .rodata.gau16HifBlacklist
                0x26f0f7ec       0x1c build/sam_a5d27_som1_winc3400/production/_ext/1909873291/m2m_hif.o
 .rodata        0x26f0f808      0x184 build/sam_a5d27_som1_winc3400/production/_ext/1909873291/nmasic.o
 .rodata        0x26f0f98c      0x27c build/sam_a5d27_som1_winc3400/production/_ext/1909873291/m2m_wifi.o
 .rodata        0x26f0fc08      0x100 build/sam_a5d27_som1_winc3400/production/_ext/1483395904/socket.o
 .rodata        0x26f0fd08       0x80 build/sam_a5d27_som1_winc3400/production/_ext/237603529/wdrv_winc.o
 .rodata.bleGapMDevReadyMsg.12450
                0x26f0fd88        0xc build/sam_a5d27_som1_winc3400/production/_ext/237603529/wdrv_winc.o
 .rodata.portNumCb
                0x26f0fd94        0x8 build/sam_a5d27_som1_winc3400/production/_ext/883925144/plib_pio.o
 .rodata.sysConsoleUARTDevDesc
                0x26f0fd9c       0x2c build/sam_a5d27_som1_winc3400/production/_ext/1006343247/sys_console_uart.o
                0x26f0fd9c                sysConsoleUARTDevDesc
 .rodata.debugInit
                0x26f0fdc8        0x4 build/sam_a5d27_som1_winc3400/production/_ext/1420774346/initialization.o
                0x26f0fdc8                debugInit
 .rodata.drvSPI0InitData
                0x26f0fdcc       0x30 build/sam_a5d27_som1_winc3400/production/_ext/1420774346/initialization.o
                0x26f0fdcc                drvSPI0InitData
 .rodata.drvSPI0InterruptSources
                0x26f0fdfc       0x18 build/sam_a5d27_som1_winc3400/production/_ext/1420774346/initialization.o
                0x26f0fdfc                drvSPI0InterruptSources
 .rodata.drvSPI0PlibAPI
                0x26f0fe14       0x10 build/sam_a5d27_som1_winc3400/production/_ext/1420774346/initialization.o
                0x26f0fe14                drvSPI0PlibAPI
 .rodata.drvSPI0remapClockPhase
                0x26f0fe24        0x8 build/sam_a5d27_som1_winc3400/production/_ext/1420774346/initialization.o
                0x26f0fe24                drvSPI0remapClockPhase
 .rodata.drvSPI0remapClockPolarity
                0x26f0fe2c        0x8 build/sam_a5d27_som1_winc3400/production/_ext/1420774346/initialization.o
                0x26f0fe2c                drvSPI0remapClockPolarity
 .rodata.drvSPI0remapDataBits
                0x26f0fe34       0x28 build/sam_a5d27_som1_winc3400/production/_ext/1420774346/initialization.o
                0x26f0fe34                drvSPI0remapDataBits
 .rodata.sysConsole0Init
                0x26f0fe5c        0xc build/sam_a5d27_som1_winc3400/production/_ext/1420774346/initialization.o
                0x26f0fe5c                sysConsole0Init
 .rodata.sysConsole0UARTInitData
                0x26f0fe68        0x4 build/sam_a5d27_som1_winc3400/production/_ext/1420774346/initialization.o
                0x26f0fe68                sysConsole0UARTInitData
 .rodata.sysConsole0UARTPlibAPI
                0x26f0fe6c       0x18 build/sam_a5d27_som1_winc3400/production/_ext/1420774346/initialization.o
                0x26f0fe6c                sysConsole0UARTPlibAPI
 .rodata.sysTimeInitData
                0x26f0fe84        0x8 build/sam_a5d27_som1_winc3400/production/_ext/1420774346/initialization.o
                0x26f0fe84                sysTimeInitData
 .rodata.sysTimePlibAPI
                0x26f0fe8c       0x1c build/sam_a5d27_som1_winc3400/production/_ext/1420774346/initialization.o
                0x26f0fe8c                sysTimePlibAPI
 .rodata.wdrvWincInitData
                0x26f0fea8        0x8 build/sam_a5d27_som1_winc3400/production/_ext/1420774346/initialization.o
 .rodata        0x26f0feb0      0x334 build/sam_a5d27_som1_winc3400/production/_ext/1360937237/example.o
 .rodata        0x26f101e4       0x5c c:/program files/microchip/xc32/v4.10/bin/bin/../../lib/gcc/pic32c/8.3.1/../../../../pic32c/lib/arm/v7-a+simd/hard\libc-musl.a(malloc.o)
 .rodata        0x26f10240        0x4 c:/program files/microchip/xc32/v4.10/bin/bin/../../lib/gcc/pic32c/8.3.1/../../../../pic32c/lib/arm/v7-a+simd/hard\libc-musl.a(mktime.o)
 .rodata        0x26f10244        0xc c:/program files/microchip/xc32/v4.10/bin/bin/../../lib/gcc/pic32c/8.3.1/../../../../pic32c/lib/arm/v7-a+simd/hard\libc-musl.a(__secs_to_tm.o)
 .rodata        0x26f10250       0x1c c:/program files/microchip/xc32/v4.10/bin/bin/../../lib/gcc/pic32c/8.3.1/../../../../pic32c/lib/arm/v7-a+simd/hard\libc-musl.a(__printf_core.o)
 .rodata        0x26f1026c       0x30 c:/program files/microchip/xc32/v4.10/bin/bin/../../lib/gcc/pic32c/8.3.1/../../../../pic32c/lib/arm/v7-a+simd/hard\libc-musl.a(__month_to_secs.o)
 .rodata        0x26f1029c       0x10 c:/program files/microchip/xc32/v4.10/bin/bin/../../lib/gcc/pic32c/8.3.1/../../../../pic32c/lib/arm/v7-a+simd/hard\libc-musl.a(__fmt_a.o)
 .rodata        0x26f102ac       0x10 c:/program files/microchip/xc32/v4.10/bin/bin/../../lib/gcc/pic32c/8.3.1/../../../../pic32c/lib/arm/v7-a+simd/hard\libc-musl.a(__fmt_fp.o)
 .rodata        0x26f102bc        0x7 c:/program files/microchip/xc32/v4.10/bin/bin/../../lib/gcc/pic32c/8.3.1/../../../../pic32c/lib/arm/v7-a+simd/hard\libc-musl.a(__fmt_s.o)
 *(.ARM.extab* .gnu.linkonce.armextab.*)
                0x26f102c4                . = ALIGN (0x4)
 *fill*         0x26f102c3        0x1 
 *(.init)
 .init          0x26f102c4        0xc c:/program files/microchip/xc32/v4.10/bin/bin/../../lib/gcc/pic32c/8.3.1/arm/v7-a+simd/hard/crti.o
                0x26f102c4                _init
 .init          0x26f102d0        0xc c:/program files/microchip/xc32/v4.10/bin/bin/../../lib/gcc/pic32c/8.3.1/arm/v7-a+simd/hard/crtn.o
                0x26f102dc                . = ALIGN (0x4)
                0x26f102dc                __preinit_array_start = .
 *(.preinit_array)
                0x26f102dc                __preinit_array_end = .
                0x26f102dc                . = ALIGN (0x4)
                0x26f102dc                __init_array_start = .
 *(SORT_BY_NAME(.init_array.*))
 *(.init_array)
 .init_array    0x26f102dc        0x4 c:/program files/microchip/xc32/v4.10/bin/bin/../../lib/gcc/pic32c/8.3.1/arm/v7-a+simd/hard/crtbegin.o
                0x26f102e0                __init_array_end = .
                0x26f102e0                . = ALIGN (0x4)
 *crtbegin.o(.ctors)
 *(EXCLUDE_FILE(*crtend.o) .ctors)
 *(SORT_BY_NAME(.ctors.*))
 *crtend.o(.ctors)
                0x26f102e0                . = ALIGN (0x4)
 *(.fini)
 .fini          0x26f102e0        0xc c:/program files/microchip/xc32/v4.10/bin/bin/../../lib/gcc/pic32c/8.3.1/arm/v7-a+simd/hard/crti.o
                0x26f102e0                _fini
 .fini          0x26f102ec        0xc c:/program files/microchip/xc32/v4.10/bin/bin/../../lib/gcc/pic32c/8.3.1/arm/v7-a+simd/hard/crtn.o
                0x26f102f8                . = ALIGN (0x4)
                0x26f102f8                __fini_array_start = .
 *(.fini_array)
 .fini_array    0x26f102f8        0x4 c:/program files/microchip/xc32/v4.10/bin/bin/../../lib/gcc/pic32c/8.3.1/arm/v7-a+simd/hard/crtbegin.o
 *(SORT_BY_NAME(.fini_array.*))
                0x26f102fc                __fini_array_end = .
 *crtbegin.o(.dtors)
 *(EXCLUDE_FILE(*crtend.o) .dtors)
 *(SORT_BY_NAME(.dtors.*))
 *crtend.o(.dtors)
 *(.dinit*)
                0x26f102fc                . = ALIGN (0x4)

.data           0x26f102fc       0x7c
 *(.data .data.*)
 .data.genuStatus
                0x26f102fc        0x1 build/sam_a5d27_som1_winc3400/production/_ext/1909873291/m2m_ssl.o
 *fill*         0x26f102fd        0x3 
 .data.egstrNmBusCapabilities
                0x26f10300        0x2 build/sam_a5d27_som1_winc3400/production/_ext/1909873291/nmbus.o
                0x26f10300                egstrNmBusCapabilities
 .data.gSysTimeTokenCount
                0x26f10302        0x2 build/sam_a5d27_som1_winc3400/production/_ext/695691069/sys_time.o
 .data.irqData  0x26f10304       0x64 build/sam_a5d27_som1_winc3400/production/_ext/1420774346/interrupts.o
                0x26f10304                irqData
 .data.irqDataEntryCount
                0x26f10368        0x4 build/sam_a5d27_som1_winc3400/production/_ext/1420774346/interrupts.o
                0x26f10368                irqDataEntryCount
 .data.msg_wifi_product
                0x26f1036c        0x9 build/sam_a5d27_som1_winc3400/production/_ext/1360937237/example.o
 .data.serverSocket
                0x26f10375        0x1 build/sam_a5d27_som1_winc3400/production/_ext/1360937237/example.o
 .data.tcp_client_socket
                0x26f10376        0x1 build/sam_a5d27_som1_winc3400/production/_ext/1360937237/example.o
                0x26f10378                . = ALIGN (0x4)
 *fill*         0x26f10377        0x1 
                0x26f10378                _efixed = .
                [!provide]                PROVIDE (__exidx_start = .)

.ARM.exidx      0x26f10378        0x8
 *(.ARM.exidx* .gnu.linkonce.armexidx.*)
 .ARM.exidx     0x26f10378        0x8 c:/program files/microchip/xc32/v4.10/bin/bin/../../lib/gcc/pic32c/8.3.1/arm/v7-a+simd/hard\libgcc.a(_udivmoddi4.o)
                [!provide]                PROVIDE (__exidx_end = .)
                0x26f10380                . = ALIGN (0x4)
                0x26f10380                _etext = .

.relocate       0x00200000       0x3c load address 0x26f10380
                0x00200000                . = ALIGN (0x4)
                0x00200000                _srelocate = .
 *(.vectors .vectors.*)
 .vectors       0x00200000       0x3c build/sam_a5d27_som1_winc3400/production/_ext/1420774346/cstartup.o
 *(.ramfunc)
                0x0020003c                . = ALIGN (0x4)
                0x0020003c                _erelocate = .

.region_cache_aligned_const
                0x26f103bc        0x4
                0x26f103c0                . = ALIGN (0x20)
 *fill*         0x26f103bc        0x4 
 *(.region_cache_aligned_const .region_cache_aligned_const.*)
                0x26f103c0                . = ALIGN (0x20)

.region_sram    0x0020003c        0x0
                0x0020003c                . = ALIGN (0x4)
 *(.region_sram .region_sram.*)

.region_ram     0x26f103c0        0x0
                0x26f103c0                . = ALIGN (0x4)
 *(.region_ram .region_ram.*)

.region_nocache
                0x20000000        0x0
                0x20000000                . = ALIGN (0x4)
 *(.region_nocache .region_nocache.*)

.bss            0x26f14000     0x9558
                0x26f14000                . = ALIGN (0x4)
                0x26f14000                _szero = .
 *(.bss .bss.*)
 .bss           0x26f14000       0x1c c:/program files/microchip/xc32/v4.10/bin/bin/../../lib/gcc/pic32c/8.3.1/arm/v7-a+simd/hard/crtbegin.o
 .bss.gDrvSPIObj
                0x26f1401c       0x70 build/sam_a5d27_som1_winc3400/production/_ext/1279932671/drv_spi.o
 *fill*         0x26f1408c       0x14 
 .bss.txDummyData
                0x26f140a0       0x20 build/sam_a5d27_som1_winc3400/production/_ext/1279932671/drv_spi.o
 .bss.dummy.11541
                0x26f140c0        0x1 build/sam_a5d27_som1_winc3400/production/_ext/1846510740/wdrv_winc_spi.o
 *fill*         0x26f140c1        0x3 
 .bss.spiDcpt   0x26f140c4       0x14 build/sam_a5d27_som1_winc3400/production/_ext/1846510740/wdrv_winc_spi.o
 .bss.gu8Crc_off
                0x26f140d8        0x1 build/sam_a5d27_som1_winc3400/production/_ext/1909873291/nmspi.o
 .bss.s_spiLock
                0x26f140d9        0x1 build/sam_a5d27_som1_winc3400/production/_ext/1909873291/nmspi.o
 .bss.genuNmState
                0x26f140da        0x1 build/sam_a5d27_som1_winc3400/production/_ext/1909873291/nmdrv.o
 *fill*         0x26f140db        0x1 
 .bss.gpfOtaUpdateCb
                0x26f140dc        0x4 build/sam_a5d27_som1_winc3400/production/_ext/1909873291/m2m_ota.o
 .bss.gpfAppSSLCb
                0x26f140e0        0x4 build/sam_a5d27_som1_winc3400/production/_ext/1909873291/m2m_ssl.o
 .bss.gu32HIFAddr
                0x26f140e4        0x4 build/sam_a5d27_som1_winc3400/production/_ext/1909873291/m2m_ssl.o
 .bss.gstrHifCxt
                0x26f140e8       0x24 build/sam_a5d27_som1_winc3400/production/_ext/1909873291/m2m_hif.o
                0x26f140e8                gstrHifCxt
 .bss.gu8HifBlOffset
                0x26f1410c        0x1 build/sam_a5d27_som1_winc3400/production/_ext/1909873291/m2m_hif.o
 .bss.hifSemaphore
                0x26f1410d        0x1 build/sam_a5d27_som1_winc3400/production/_ext/1909873291/m2m_hif.o
 *fill*         0x26f1410e        0x2 
 .bss.chipid.11182
                0x26f14110        0x4 build/sam_a5d27_som1_winc3400/production/_ext/1909873291/nmasic.o
 .bss.gau8ethRcvBuf
                0x26f14114        0x4 build/sam_a5d27_som1_winc3400/production/_ext/1909873291/m2m_wifi.o
 .bss.gpfAppEthCb
                0x26f14118        0x4 build/sam_a5d27_som1_winc3400/production/_ext/1909873291/m2m_wifi.o
 .bss.gpfAppWifiCb
                0x26f1411c        0x4 build/sam_a5d27_som1_winc3400/production/_ext/1909873291/m2m_wifi.o
 .bss.gu16ethRcvBufSize
                0x26f14120        0x2 build/sam_a5d27_som1_winc3400/production/_ext/1909873291/m2m_wifi.o
 .bss.gu8ChNum  0x26f14122        0x1 build/sam_a5d27_som1_winc3400/production/_ext/1909873291/m2m_wifi.o
 *fill*         0x26f14123        0x1 
 .bss.gastrSockets
                0x26f14124       0xc0 build/sam_a5d27_som1_winc3400/production/_ext/1483395904/socket.o
                0x26f14124                gastrSockets
 .bss.gbSocketInit
                0x26f141e4        0x1 build/sam_a5d27_som1_winc3400/production/_ext/1483395904/socket.o
                0x26f141e4                gbSocketInit
 *fill*         0x26f141e5        0x3 
 .bss.gfpPingCb
                0x26f141e8        0x4 build/sam_a5d27_som1_winc3400/production/_ext/1483395904/socket.o
 .bss.gpfAppResolveCb
                0x26f141ec        0x4 build/sam_a5d27_som1_winc3400/production/_ext/1483395904/socket.o
                0x26f141ec                gpfAppResolveCb
 .bss.gpfAppSocketCb
                0x26f141f0        0x4 build/sam_a5d27_som1_winc3400/production/_ext/1483395904/socket.o
                0x26f141f0                gpfAppSocketCb
 .bss.gu16SessionID
                0x26f141f4        0x2 build/sam_a5d27_som1_winc3400/production/_ext/1483395904/socket.o
                0x26f141f4                gu16SessionID
 *fill*         0x26f141f6        0x2 
 .bss.gu32PingId
                0x26f141f8        0x4 build/sam_a5d27_som1_winc3400/production/_ext/1483395904/socket.o
 .bss.u8NextTcpSock.11486
                0x26f141fc        0x1 build/sam_a5d27_som1_winc3400/production/_ext/1483395904/socket.o
 .bss.u8NextUdpSock.11487
                0x26f141fd        0x1 build/sam_a5d27_som1_winc3400/production/_ext/1483395904/socket.o
 *fill*         0x26f141fe        0x2 
 .bss.wincCtrlDescriptor
                0x26f14200       0xdc build/sam_a5d27_som1_winc3400/production/_ext/237603529/wdrv_winc.o
 .bss.wincDescriptor
                0x26f142dc       0x10 build/sam_a5d27_som1_winc3400/production/_ext/237603529/wdrv_winc.o
 .bss.flexcom4SpiObj
                0x26f142ec       0x2c build/sam_a5d27_som1_winc3400/production/_ext/1895127654/plib_flexcom4_spi_master.o
                0x26f142ec                flexcom4SpiObj
 .bss.isLastByteTransferInProgress.8334
                0x26f14318        0x1 build/sam_a5d27_som1_winc3400/production/_ext/1895127654/plib_flexcom4_spi_master.o
 *fill*         0x26f14319     0x3ce7 
 .bss.tlb       0x26f18000     0x4000 build/sam_a5d27_som1_winc3400/production/_ext/883927897/plib_mmu.o
 .bss.portPinCbObj
                0x26f1c000        0xc build/sam_a5d27_som1_winc3400/production/_ext/883925144/plib_pio.o
 .bss.TC0_CH0_CallbackObj
                0x26f1c00c        0x8 build/sam_a5d27_som1_winc3400/production/_ext/941317725/plib_tc0.o
 .bss.UART1_ReadBuffer
                0x26f1c014       0x80 build/sam_a5d27_som1_winc3400/production/_ext/1631734212/plib_uart1.o
 .bss.UART1_WriteBuffer
                0x26f1c094      0x800 build/sam_a5d27_som1_winc3400/production/_ext/1631734212/plib_uart1.o
 .bss.uart1Obj  0x26f1c894       0x38 build/sam_a5d27_som1_winc3400/production/_ext/1631734212/plib_uart1.o
                0x26f1c894                uart1Obj
 .bss.xdmacChannelObj
                0x26f1c8cc       0x20 build/sam_a5d27_som1_winc3400/production/_ext/958701621/plib_xdmac0.o
                0x26f1c8cc                xdmacChannelObj
 .bss.gConsoleUartData
                0x26f1c8ec       0x10 build/sam_a5d27_som1_winc3400/production/_ext/1006343247/sys_console_uart.o
 .bss.consoleDeviceInstance
                0x26f1c8fc        0xc build/sam_a5d27_som1_winc3400/production/_ext/1006343247/sys_console.o
 .bss.consolePrintBuffer
                0x26f1c908       0xc8 build/sam_a5d27_som1_winc3400/production/_ext/1006343247/sys_console.o
 .bss.consolePrintBufferMutex
                0x26f1c9d0        0x1 build/sam_a5d27_som1_winc3400/production/_ext/1006343247/sys_console.o
 .bss.isConsoleMutexCreated
                0x26f1c9d1        0x1 build/sam_a5d27_som1_winc3400/production/_ext/1006343247/sys_console.o
 .bss.gblErrLvl
                0x26f1c9d2        0x1 build/sam_a5d27_som1_winc3400/production/_ext/100066323/sys_debug.o
                0x26f1c9d2                gblErrLvl
 *fill*         0x26f1c9d3        0x1 
 .bss.sysDebugInstance
                0x26f1c9d4        0x4 build/sam_a5d27_som1_winc3400/production/_ext/100066323/sys_debug.o
 .bss.gSystemCounterObj
                0x26f1c9d8       0x40 build/sam_a5d27_som1_winc3400/production/_ext/695691069/sys_time.o
 .bss.timers    0x26f1ca18       0xa0 build/sam_a5d27_som1_winc3400/production/_ext/695691069/sys_time.o
 .bss.drvSPI0ClientObjPool
                0x26f1cab8       0x28 build/sam_a5d27_som1_winc3400/production/_ext/1420774346/initialization.o
 .bss.drvSPI0TransferObjPool
                0x26f1cae0       0x90 build/sam_a5d27_som1_winc3400/production/_ext/1420774346/initialization.o
 .bss.sysObj    0x26f1cb70       0x14 build/sam_a5d27_som1_winc3400/production/_ext/1420774346/initialization.o
                0x26f1cb70                sysObj
 .bss.wdrvWincSpiInitData
                0x26f1cb84        0x2 build/sam_a5d27_som1_winc3400/production/_ext/1420774346/initialization.o
 *fill*         0x26f1cb86        0x2 
 .bss.spuriousEventCount
                0x26f1cb88        0x4 build/sam_a5d27_som1_winc3400/production/_ext/1420774346/interrupts.o
                0x26f1cb88                spuriousEventCount
 .bss.appData   0x26f1cb8c        0x8 build/sam_a5d27_som1_winc3400/production/_ext/1360937237/app.o
                0x26f1cb8c                appData
 .bss.wdrvHandle
                0x26f1cb94        0x4 build/sam_a5d27_som1_winc3400/production/_ext/1360937237/app.o
 .bss.authCtx   0x26f1cb98      0x170 build/sam_a5d27_som1_winc3400/production/_ext/1360937237/example.o
 .bss.bssCtx    0x26f1cd08       0x2a build/sam_a5d27_som1_winc3400/production/_ext/1360937237/example.o
 *fill*         0x26f1cd32        0x2 
 .bss.recvBuffer
                0x26f1cd34      0x5b4 build/sam_a5d27_som1_winc3400/production/_ext/1360937237/example.o
 .bss.state     0x26f1d2e8        0x1 build/sam_a5d27_som1_winc3400/production/_ext/1360937237/example.o
 *fill*         0x26f1d2e9        0x3 
 .bss           0x26f1d2ec       0x50 c:/program files/microchip/xc32/v4.10/bin/bin/../../lib/gcc/pic32c/8.3.1/../../../../pic32c/lib/arm/v7-a+simd/hard\libc-musl.a(libc.o)
                0x26f1d2ec                __progname_full
                0x26f1d2ec                program_invocation_name
                0x26f1d2f0                program_invocation_short_name
                0x26f1d2f0                __progname
                0x26f1d2f4                __sysinfo
                0x26f1d2f8                __hwcap
                0x26f1d2fc                __libc
 *fill*         0x26f1d33c        0x4 
 .bss           0x26f1d340      0x20c c:/program files/microchip/xc32/v4.10/bin/bin/../../lib/gcc/pic32c/8.3.1/../../../../pic32c/lib/arm/v7-a+simd/hard\libc-musl.a(malloc.o)
 .bss           0x26f1d54c        0x4 c:/program files/microchip/xc32/v4.10/bin/bin/../../lib/gcc/pic32c/8.3.1/../../../../pic32c/lib/arm/v7-a+simd/hard\libc-musl.a(__environ.o)
                0x26f1d54c                __environ
                0x26f1d54c                environ
                0x26f1d54c                ___environ
                0x26f1d54c                _environ
 .bss           0x26f1d550        0x4 c:/program files/microchip/xc32/v4.10/bin/bin/../../lib/gcc/pic32c/8.3.1/../../../../pic32c/lib/arm/v7-a+simd/hard\libc-musl.a(__errno_location.o)
                0x26f1d550                __errno_val
 .bss           0x26f1d554        0x4 c:/program files/microchip/xc32/v4.10/bin/bin/../../lib/gcc/pic32c/8.3.1/../../../../pic32c/lib/arm/v7-a+simd/hard\libpic32c.a(sbrk.o)
 *(COMMON)
                0x26f1d558                . = ALIGN (0x4)
                0x26f1d558                _ezero = .

.region_cache_aligned
                0x26f1d558        0x8
                0x26f1d560                . = ALIGN (0x20)
 *fill*         0x26f1d558        0x8 
 *(.region_cache_aligned .region_cache_aligned.*)
                0x26f1d560                . = ALIGN (0x20)

.stacks         0x26f1d560     0x2140
                0x26f1d5c0                . = (. + IRQ_STACK_SIZE)
 *fill*         0x26f1d560       0x60 
                0x26f1d5c0                . = ALIGN (0x8)
                0x26f1d5c0                _irqstack = .
                0x26f1d620                . = (. + FIQ_STACK_SIZE)
 *fill*         0x26f1d5c0       0x60 
                0x26f1d620                . = ALIGN (0x8)
                0x26f1d620                _fiqstack = .
                0x26f1d660                . = (. + ABT_STACK_SIZE)
 *fill*         0x26f1d620       0x40 
                0x26f1d660                . = ALIGN (0x8)
                0x26f1d660                _abtstack = .
                0x26f1d6a0                . = (. + UND_STACK_SIZE)
 *fill*         0x26f1d660       0x40 
                0x26f1d6a0                . = ALIGN (0x8)
                0x26f1d6a0                _undstack = .
                0x26f1e6a0                . = (. + SVC_STACK_SIZE)
 *fill*         0x26f1d6a0     0x1000 
                0x26f1e6a0                . = ALIGN (0x8)
                0x26f1e6a0                _svcstack = .
                0x26f1f6a0                . = (. + C_STACK_SIZE)
 *fill*         0x26f1e6a0     0x1000 
                0x26f1f6a0                . = ALIGN (0x8)
                0x26f1f6a0                _cstack = .
                0x26f1f6a0                _end = .
                0x26f1f6a0                _ramcode_lma = _end

.ramcode        0x0020003c        0x0 load address 0x26f1f6a0
                0x0020003c                _sramcode = .
 *(.ramcode_section .ramcode_section.*)
                0x0020003c                _eramcode = .
                0x26f1f6a0                _ramdata_lma = ((_end + _eramcode) - _sramcode)

.ramdata        0x0020003c        0x0 load address 0x26f1f6a0
                0x0020003c                _sramdata = .
 *(.ramdata_section .ramdata_section.*)
                0x0020003c                _eramdata = .
                0x00000200                _min_heap_size = 0x200
START GROUP
LOAD c:/program files/microchip/xc32/v4.10/bin/bin/../../lib/gcc/pic32c/8.3.1/../../../../pic32c/lib/arm/v7-a+simd/hard\libpic32c.a
LOAD c:/program files/microchip/xc32/v4.10/bin/bin/../../lib/gcc/pic32c/8.3.1/arm/v7-a+simd/hard\libgcc.a
LOAD c:/program files/microchip/xc32/v4.10/bin/bin/../../lib/gcc/pic32c/8.3.1/../../../../pic32c/lib/arm/v7-a+simd/hard\libm-musl.a
LOAD c:/program files/microchip/xc32/v4.10/bin/bin/../../lib/gcc/pic32c/8.3.1/../../../../pic32c/lib/arm/v7-a+simd/hard\libc-musl.a
LOAD c:/program files/microchip/xc32/v4.10/bin/bin/../../lib/gcc/pic32c/8.3.1/../../../../pic32c/lib/arm/v7-a+simd/hard\libm-musl.a
END GROUP
LOAD c:/program files/microchip/xc32/v4.10/bin/bin/../../lib/gcc/pic32c/8.3.1/arm/v7-a+simd/hard/crtend.o
LOAD c:/program files/microchip/xc32/v4.10/bin/bin/../../lib/gcc/pic32c/8.3.1/arm/v7-a+simd/hard/crtn.o
OUTPUT(dist/sam_a5d27_som1_winc3400/production/sam_a5d27_som1_winc3400.X.production.elf elf32-littlearm)
LOAD stack

.ARM.attributes
                0x00000000       0x37
 .ARM.attributes
                0x00000000       0x1f c:/program files/microchip/xc32/v4.10/bin/bin/../../lib/gcc/pic32c/8.3.1/arm/v7-a+simd/hard/crti.o
 .ARM.attributes
                0x0000001f       0x35 c:/program files/microchip/xc32/v4.10/bin/bin/../../lib/gcc/pic32c/8.3.1/arm/v7-a+simd/hard/crtbegin.o
 .ARM.attributes
                0x00000054       0x39 build/sam_a5d27_som1_winc3400/production/_ext/1279932671/drv_spi.o
 .ARM.attributes
                0x0000008d       0x39 build/sam_a5d27_som1_winc3400/production/_ext/1407615473/wdrv_winc_gpio.o
 .ARM.attributes
                0x000000c6       0x39 build/sam_a5d27_som1_winc3400/production/_ext/1407615473/wdrv_winc_eint.o
 .ARM.attributes
                0x000000ff       0x39 build/sam_a5d27_som1_winc3400/production/_ext/1846510740/wdrv_winc_spi.o
 .ARM.attributes
                0x00000138       0x39 build/sam_a5d27_som1_winc3400/production/_ext/1941162184/nm_common.o
 .ARM.attributes
                0x00000171       0x39 build/sam_a5d27_som1_winc3400/production/_ext/1909873291/nmspi.o
 .ARM.attributes
                0x000001aa       0x39 build/sam_a5d27_som1_winc3400/production/_ext/1909873291/nmdrv.o
 .ARM.attributes
                0x000001e3       0x39 build/sam_a5d27_som1_winc3400/production/_ext/1909873291/m2m_ota.o
 .ARM.attributes
                0x0000021c       0x39 build/sam_a5d27_som1_winc3400/production/_ext/1909873291/m2m_ssl.o
 .ARM.attributes
                0x00000255       0x39 build/sam_a5d27_som1_winc3400/production/_ext/1909873291/m2m_hif.o
 .ARM.attributes
                0x0000028e       0x39 build/sam_a5d27_som1_winc3400/production/_ext/1909873291/nmasic.o
 .ARM.attributes
                0x000002c7       0x39 build/sam_a5d27_som1_winc3400/production/_ext/1909873291/nmbus.o
 .ARM.attributes
                0x00000300       0x39 build/sam_a5d27_som1_winc3400/production/_ext/1909873291/m2m_wifi.o
 .ARM.attributes
                0x00000339       0x39 build/sam_a5d27_som1_winc3400/production/_ext/1483395904/inet_ntop.o
 .ARM.attributes
                0x00000372       0x39 build/sam_a5d27_som1_winc3400/production/_ext/1483395904/inet_addr.o
 .ARM.attributes
                0x000003ab       0x39 build/sam_a5d27_som1_winc3400/production/_ext/1483395904/socket.o
 .ARM.attributes
                0x000003e4       0x39 build/sam_a5d27_som1_winc3400/production/_ext/973425813/wdrv_winc_osal.o
 .ARM.attributes
                0x0000041d       0x39 build/sam_a5d27_som1_winc3400/production/_ext/237603529/wdrv_winc_softap.o
 .ARM.attributes
                0x00000456       0x39 build/sam_a5d27_som1_winc3400/production/_ext/237603529/wdrv_winc_systime.o
 .ARM.attributes
                0x0000048f       0x39 build/sam_a5d27_som1_winc3400/production/_ext/237603529/wdrv_winc_bssctx.o
 .ARM.attributes
                0x000004c8       0x39 build/sam_a5d27_som1_winc3400/production/_ext/237603529/wdrv_winc_socket.o
 .ARM.attributes
                0x00000501       0x39 build/sam_a5d27_som1_winc3400/production/_ext/237603529/wdrv_winc.o
 .ARM.attributes
                0x0000053a       0x39 build/sam_a5d27_som1_winc3400/production/_ext/237603529/wdrv_winc_authctx.o
 .ARM.attributes
                0x00000573       0x39 build/sam_a5d27_som1_winc3400/production/_ext/883939571/plib_aic.o
 .ARM.attributes
                0x000005ac       0x39 build/sam_a5d27_som1_winc3400/production/_ext/883937548/plib_clk.o
 .ARM.attributes
                0x000005e5       0x39 build/sam_a5d27_som1_winc3400/production/_ext/1895127654/plib_flexcom4_spi_master.o
 .ARM.attributes
                0x0000061e       0x39 build/sam_a5d27_som1_winc3400/production/_ext/662486865/plib_matrix.o
 .ARM.attributes
                0x00000657       0x39 build/sam_a5d27_som1_winc3400/production/_ext/883927897/plib_mmu.o
 .ARM.attributes
                0x00000690       0x39 build/sam_a5d27_som1_winc3400/production/_ext/883925144/plib_pio.o
 .ARM.attributes
                0x000006c9       0x39 build/sam_a5d27_som1_winc3400/production/_ext/941317725/plib_tc0.o
 .ARM.attributes
                0x00000702       0x39 build/sam_a5d27_som1_winc3400/production/_ext/1631734212/plib_uart1.o
 .ARM.attributes
                0x0000073b       0x39 build/sam_a5d27_som1_winc3400/production/_ext/958701621/plib_xdmac0.o
 .ARM.attributes
                0x00000774       0x39 build/sam_a5d27_som1_winc3400/production/_ext/1006343247/sys_console_uart.o
 .ARM.attributes
                0x000007ad       0x39 build/sam_a5d27_som1_winc3400/production/_ext/1006343247/sys_console.o
 .ARM.attributes
                0x000007e6       0x39 build/sam_a5d27_som1_winc3400/production/_ext/100066323/sys_debug.o
 .ARM.attributes
                0x0000081f       0x39 build/sam_a5d27_som1_winc3400/production/_ext/775042947/sys_dma.o
 .ARM.attributes
                0x00000858       0x39 build/sam_a5d27_som1_winc3400/production/_ext/937565385/sys_int.o
 .ARM.attributes
                0x00000891       0x39 build/sam_a5d27_som1_winc3400/production/_ext/695691069/sys_time.o
 .ARM.attributes
                0x000008ca       0x39 build/sam_a5d27_som1_winc3400/production/_ext/1420774346/initialization.o
 .ARM.attributes
                0x00000903       0x39 build/sam_a5d27_som1_winc3400/production/_ext/1420774346/fault_handlers.o
 .ARM.attributes
                0x0000093c       0x25 build/sam_a5d27_som1_winc3400/production/_ext/1420774346/cstartup.o
 .ARM.attributes