Archive member included to satisfy reference by file (symbol)

c:/program files/microchip/xc32/v4.00/bin/bin/../../lib/gcc/pic32c/8.3.1/thumb/v7-a+simd/hard\libgcc.a(_udivsi3.o)
                              build/sam_a5d27_som1_winc1500/production/_ext/1834821283/plib_flexcom4_spi_master.o (__aeabi_uidiv)
c:/program files/microchip/xc32/v4.00/bin/bin/../../lib/gcc/pic32c/8.3.1/thumb/v7-a+simd/hard\libgcc.a(_divsi3.o)
                              build/sam_a5d27_som1_winc1500/production/_ext/668867648/sys_time.o (__aeabi_idiv)
c:/program files/microchip/xc32/v4.00/bin/bin/../../lib/gcc/pic32c/8.3.1/thumb/v7-a+simd/hard\libgcc.a(_dvmd_tls.o)
                              c:/program files/microchip/xc32/v4.00/bin/bin/../../lib/gcc/pic32c/8.3.1/thumb/v7-a+simd/hard\libgcc.a(_udivsi3.o) (__aeabi_idiv0)
c:/program files/microchip/xc32/v4.00/bin/bin/../../lib/gcc/pic32c/8.3.1/thumb/v7-a+simd/hard\libgcc.a(_aeabi_uldivmod.o)
                              build/sam_a5d27_som1_winc1500/production/_ext/668867648/sys_time.o (__aeabi_uldivmod)
c:/program files/microchip/xc32/v4.00/bin/bin/../../lib/gcc/pic32c/8.3.1/thumb/v7-a+simd/hard\libgcc.a(_udivmoddi4.o)
                              c:/program files/microchip/xc32/v4.00/bin/bin/../../lib/gcc/pic32c/8.3.1/thumb/v7-a+simd/hard\libgcc.a(_aeabi_uldivmod.o) (__udivmoddi4)
c:/program files/microchip/xc32/v4.00/bin/bin/../../lib/gcc/pic32c/8.3.1/../../../../pic32c/lib/thumb/v7-a+simd/hard\libc-musl.a(__libc_start_main.o)
                              build/sam_a5d27_som1_winc1500/production/_ext/1420715725/cstartup.o (__libc_init_array)
c:/program files/microchip/xc32/v4.00/bin/bin/../../lib/gcc/pic32c/8.3.1/../../../../pic32c/lib/thumb/v7-a+simd/hard\libc-musl.a(libc.o)
                              c:/program files/microchip/xc32/v4.00/bin/bin/../../lib/gcc/pic32c/8.3.1/../../../../pic32c/lib/thumb/v7-a+simd/hard\libc-musl.a(__libc_start_main.o) (__progname_full)
c:/program files/microchip/xc32/v4.00/bin/bin/../../lib/gcc/pic32c/8.3.1/../../../../pic32c/lib/thumb/v7-a+simd/hard\libc-musl.a(malloc.o)
                              build/sam_a5d27_som1_winc1500/production/_ext/492885778/m2m_wifi.o (free)
c:/program files/microchip/xc32/v4.00/bin/bin/../../lib/gcc/pic32c/8.3.1/../../../../pic32c/lib/thumb/v7-a+simd/hard\libc-musl.a(expand_heap.o)
                              c:/program files/microchip/xc32/v4.00/bin/bin/../../lib/gcc/pic32c/8.3.1/../../../../pic32c/lib/thumb/v7-a+simd/hard\libc-musl.a(malloc.o) (__expand_heap)
c:/program files/microchip/xc32/v4.00/bin/bin/../../lib/gcc/pic32c/8.3.1/../../../../pic32c/lib/thumb/v7-a+simd/hard\libc-musl.a(vsnprintf.o)
                              build/sam_a5d27_som1_winc1500/production/_ext/1238961202/sys_console.o (vsnprintf)
c:/program files/microchip/xc32/v4.00/bin/bin/../../lib/gcc/pic32c/8.3.1/../../../../pic32c/lib/thumb/v7-a+simd/hard\libc-musl.a(sprintf.o)
                              (sprintf)
c:/program files/microchip/xc32/v4.00/bin/bin/../../lib/gcc/pic32c/8.3.1/../../../../pic32c/lib/thumb/v7-a+simd/hard\libc-musl.a(vsprintf.o)
                              c:/program files/microchip/xc32/v4.00/bin/bin/../../lib/gcc/pic32c/8.3.1/../../../../pic32c/lib/thumb/v7-a+simd/hard\libc-musl.a(sprintf.o) (vsprintf)
c:/program files/microchip/xc32/v4.00/bin/bin/../../lib/gcc/pic32c/8.3.1/../../../../pic32c/lib/thumb/v7-a+simd/hard\libc-musl.a(atoi.o)
                              build/sam_a5d27_som1_winc1500/production/_ext/1360937237/example.o (atoi)
c:/program files/microchip/xc32/v4.00/bin/bin/../../lib/gcc/pic32c/8.3.1/../../../../pic32c/lib/thumb/v7-a+simd/hard\libc-musl.a(memcpy.o)
                              build/sam_a5d27_som1_winc1500/production/_ext/492885778/m2m_wifi.o (memcpy)
c:/program files/microchip/xc32/v4.00/bin/bin/../../lib/gcc/pic32c/8.3.1/../../../../pic32c/lib/thumb/v7-a+simd/hard\libc-musl.a(memset.o)
                              build/sam_a5d27_som1_winc1500/production/_ext/492885778/m2m_wifi.o (memset)
c:/program files/microchip/xc32/v4.00/bin/bin/../../lib/gcc/pic32c/8.3.1/../../../../pic32c/lib/thumb/v7-a+simd/hard\libc-musl.a(strlen.o)
                              build/sam_a5d27_som1_winc1500/production/_ext/492885778/m2m_wifi.o (strlen)
c:/program files/microchip/xc32/v4.00/bin/bin/../../lib/gcc/pic32c/8.3.1/../../../../pic32c/lib/thumb/v7-a+simd/hard\libc-musl.a(strchr.o)
                              build/sam_a5d27_som1_winc1500/production/_ext/1528743604/wdrv_winc_sta.o (strchr)
c:/program files/microchip/xc32/v4.00/bin/bin/../../lib/gcc/pic32c/8.3.1/../../../../pic32c/lib/thumb/v7-a+simd/hard\libc-musl.a(strchrnul.o)
                              c:/program files/microchip/xc32/v4.00/bin/bin/../../lib/gcc/pic32c/8.3.1/../../../../pic32c/lib/thumb/v7-a+simd/hard\libc-musl.a(strchr.o) (__strchrnul)
c:/program files/microchip/xc32/v4.00/bin/bin/../../lib/gcc/pic32c/8.3.1/../../../../pic32c/lib/thumb/v7-a+simd/hard\libc-musl.a(strcpy.o)
[...]
Memory Configuration

Name             Origin             Length             Attributes
sram             0x00200000         0x00020000         !xrw
ram              0x21000000         0x07000000         xrw
ram_nocache      0x20000000         0x01000000         !xrw
rom              0x00000000         0x00000000         xrl
*default*        0x00000000         0xffffffff

Linker script and memory map

LOAD c:/program files/microchip/xc32/v4.00/bin/bin/../../lib/gcc/pic32c/8.3.1/thumb/v7-a+simd/hard/crti.o
LOAD c:/program files/microchip/xc32/v4.00/bin/bin/../../lib/gcc/pic32c/8.3.1/thumb/v7-a+simd/hard/crtbegin.o
LOAD build/sam_a5d27_som1_winc1500/production/_ext/1971804060/drv_spi.o
LOAD build/sam_a5d27_som1_winc1500/production/_ext/1615170836/wdrv_winc_eint.o
LOAD build/sam_a5d27_som1_winc1500/production/_ext/1615170836/wdrv_winc_gpio.o
LOAD build/sam_a5d27_som1_winc1500/production/_ext/467732753/wdrv_winc_spi.o
LOAD build/sam_a5d27_som1_winc1500/production/_ext/461596885/nm_common.o
LOAD build/sam_a5d27_som1_winc1500/production/_ext/492885778/m2m_hif.o
LOAD build/sam_a5d27_som1_winc1500/production/_ext/492885778/nmbus.o
LOAD build/sam_a5d27_som1_winc1500/production/_ext/492885778/nmdrv.o
LOAD build/sam_a5d27_som1_winc1500/production/_ext/492885778/m2m_wifi.o
LOAD build/sam_a5d27_som1_winc1500/production/_ext/492885778/m2m_ssl.o
LOAD build/sam_a5d27_som1_winc1500/production/_ext/492885778/nmasic.o
LOAD build/sam_a5d27_som1_winc1500/production/_ext/492885778/nmspi.o
LOAD build/sam_a5d27_som1_winc1500/production/_ext/492885778/m2m_periph.o
LOAD build/sam_a5d27_som1_winc1500/production/_ext/492885778/m2m_ota.o
LOAD build/sam_a5d27_som1_winc1500/production/_ext/919363165/inet_addr.o
LOAD build/sam_a5d27_som1_winc1500/production/_ext/919363165/inet_ntop.o
LOAD build/sam_a5d27_som1_winc1500/production/_ext/919363165/socket.o
LOAD build/sam_a5d27_som1_winc1500/production/_ext/2123267981/flexible_flash.o
LOAD build/sam_a5d27_som1_winc1500/production/_ext/2123267981/spi_flash.o
LOAD build/sam_a5d27_som1_winc1500/production/_ext/141899762/wdrv_winc_osal.o
LOAD build/sam_a5d27_som1_winc1500/production/_ext/1528743604/wdrv_winc_sta.o
LOAD build/sam_a5d27_som1_winc1500/production/_ext/1528743604/wdrv_winc_wps.o
LOAD build/sam_a5d27_som1_winc1500/production/_ext/1528743604/wdrv_winc_authctx.o
LOAD build/sam_a5d27_som1_winc1500/production/_ext/1528743604/wdrv_winc_bssfind.o
LOAD build/sam_a5d27_som1_winc1500/production/_ext/1528743604/wdrv_winc_host_file.o
LOAD build/sam_a5d27_som1_winc1500/production/_ext/1528743604/wdrv_winc_softap.o
LOAD build/sam_a5d27_som1_winc1500/production/_ext/1528743604/wdrv_winc_ssl.o
LOAD build/sam_a5d27_som1_winc1500/production/_ext/1528743604/wdrv_winc_systime.o
LOAD build/sam_a5d27_som1_winc1500/production/_ext/1528743604/wdrv_winc_socket.o
LOAD build/sam_a5d27_som1_winc1500/production/_ext/1528743604/wdrv_winc_bssctx.o
LOAD build/sam_a5d27_som1_winc1500/production/_ext/1528743604/wdrv_winc_nvm.o
LOAD build/sam_a5d27_som1_winc1500/production/_ext/1528743604/wdrv_winc_custie.o
LOAD build/sam_a5d27_som1_winc1500/production/_ext/1528743604/wdrv_winc_httpprovctx.o
LOAD build/sam_a5d27_som1_winc1500/production/_ext/1528743604/wdrv_winc_enterprise.o
LOAD build/sam_a5d27_som1_winc1500/production/_ext/1528743604/wdrv_winc_powersave.o
LOAD build/sam_a5d27_som1_winc1500/production/_ext/1528743604/wdrv_winc.o
LOAD build/sam_a5d27_som1_winc1500/production/_ext/1528743604/wdrv_winc_assoc.o
LOAD build/sam_a5d27_som1_winc1500/production/_ext/192068182/plib_aic.o
LOAD build/sam_a5d27_som1_winc1500/production/_ext/192066159/plib_clk.o
LOAD build/sam_a5d27_som1_winc1500/production/_ext/1834821283/plib_flexcom4_spi_master.o
LOAD build/sam_a5d27_som1_winc1500/production/_ext/669990670/plib_matrix.o
LOAD build/sam_a5d27_som1_winc1500/production/_ext/192056508/plib_mmu.o
LOAD build/sam_a5d27_som1_winc1500/production/_ext/192053755/plib_pio.o
LOAD build/sam_a5d27_som1_winc1500/production/_ext/6195168/plib_tc0.o
LOAD build/sam_a5d27_som1_winc1500/production/_ext/1658557633/plib_uart1.o
LOAD build/sam_a5d27_som1_winc1500/production/_ext/127175570/plib_xdmac0.o
LOAD build/sam_a5d27_som1_winc1500/production/_ext/149286087/xc32_monitor.o
LOAD build/sam_a5d27_som1_winc1500/production/_ext/710391900/sys_cache.o
LOAD build/sam_a5d27_som1_winc1500/production/_ext/1238961202/sys_console.o
LOAD build/sam_a5d27_som1_winc1500/production/_ext/1238961202/sys_console_uart.o
LOAD build/sam_a5d27_som1_winc1500/production/_ext/931592374/sys_debug.o
LOAD build/sam_a5d27_som1_winc1500/production/_ext/737894/sys_dma.o
LOAD build/sam_a5d27_som1_winc1500/production/_ext/1629436774/sys_int.o
LOAD build/sam_a5d27_som1_winc1500/production/_ext/668867648/sys_time.o
LOAD build/sam_a5d27_som1_winc1500/production/_ext/1420715725/interrupts.o
LOAD build/sam_a5d27_som1_winc1500/production/_ext/1420715725/fault_handlers.o
LOAD build/sam_a5d27_som1_winc1500/production/_ext/1420715725/cstartup.o
LOAD build/sam_a5d27_som1_winc1500/production/_ext/1420715725/tasks.o
LOAD build/sam_a5d27_som1_winc1500/production/_ext/1420715725/initialization.o
LOAD build/sam_a5d27_som1_winc1500/production/_ext/1360937237/main.o
LOAD build/sam_a5d27_som1_winc1500/production/_ext/1360937237/app.o
LOAD build/sam_a5d27_som1_winc1500/production/_ext/1360937237/example.o
                0x00000001                __MPLAB_BUILD = 0x1
                0x00001000                C_STACK_SIZE = 0x1000
                0x00000060                IRQ_STACK_SIZE = 0x60
                0x00000060                FIQ_STACK_SIZE = 0x60
                0x00001000                SVC_STACK_SIZE = 0x1000
                0x00000040                ABT_STACK_SIZE = 0x40
                0x00000040                UND_STACK_SIZE = 0x40

.text           0x26f00000     0xd350
                0x26f00000                . = ALIGN (0x4)
                0x26f00000                _sfixed = .
 *(.textEntry)
 .textEntry     0x26f00000      0x13c build/sam_a5d27_som1_winc1500/production/_ext/1420715725/cstartup.o
                0x26f00000                entry
 *(.text .text.* .gnu.linkonce.t.*)
 .text          0x26f0013c       0x50 c:/program files/microchip/xc32/v4.00/bin/bin/../../lib/gcc/pic32c/8.3.1/thumb/v7-a+simd/hard/crtbegin.o
 .text._DRV_SPI_DriverHandleValidate
                0x26f0018c       0x50 build/sam_a5d27_som1_winc1500/production/_ext/1971804060/drv_spi.o
 .text._DRV_SPI_RemoveTransferObjFromList
                0x26f001dc       0x12 build/sam_a5d27_som1_winc1500/production/_ext/1971804060/drv_spi.o
 .text._DRV_SPI_TX_DMA_CallbackHandler
                0x26f001ee       0x58 build/sam_a5d27_som1_winc1500/production/_ext/1971804060/drv_spi.o
                0x26f001ee                _DRV_SPI_TX_DMA_CallbackHandler
 .text._DRV_SPI_UpdateTransferSetupAndAssertCS
                0x26f00246       0x90 build/sam_a5d27_som1_winc1500/production/_ext/1971804060/drv_spi.o
 .text._DRV_SPI_StartDMATransfer
                0x26f002d6      0x1ec build/sam_a5d27_som1_winc1500/production/_ext/1971804060/drv_spi.o
 .text._DRV_SPI_ResourceLock
                0x26f004c2       0xca build/sam_a5d27_som1_winc1500/production/_ext/1971804060/drv_spi.o
 .text._DRV_SPI_ResourceUnlock
                0x26f0058c       0xb4 build/sam_a5d27_som1_winc1500/production/_ext/1971804060/drv_spi.o
 .text._DRV_SPI_RX_DMA_CallbackHandler
                0x26f00640      0x158 build/sam_a5d27_som1_winc1500/production/_ext/1971804060/drv_spi.o
                0x26f00640                _DRV_SPI_RX_DMA_CallbackHandler
 .text._DRV_SPI_PlibCallbackHandler
                0x26f00798       0xca build/sam_a5d27_som1_winc1500/production/_ext/1971804060/drv_spi.o
 *fill*         0x26f00862        0x2 
 .text.DRV_SPI_Initialize
                0x26f00864      0x10c build/sam_a5d27_som1_winc1500/production/_ext/1971804060/drv_spi.o
                0x26f00864                DRV_SPI_Initialize
 .text.DRV_SPI_Open
                0x26f00970      0x180 build/sam_a5d27_som1_winc1500/production/_ext/1971804060/drv_spi.o
                0x26f00970                DRV_SPI_Open
 .text.DRV_SPI_TransferEventHandlerSet
                0x26f00af0       0x64 build/sam_a5d27_som1_winc1500/production/_ext/1971804060/drv_spi.o
                0x26f00af0                DRV_SPI_TransferEventHandlerSet
 .text.DRV_SPI_WriteReadTransferAdd
                0x26f00b54      0x224 build/sam_a5d27_som1_winc1500/production/_ext/1971804060/drv_spi.o
                0x26f00b54                DRV_SPI_WriteReadTransferAdd
 .text.DRV_SPI_WriteTransferAdd
                0x26f00d78       0x14 build/sam_a5d27_som1_winc1500/production/_ext/1971804060/drv_spi.o
                0x26f00d78                DRV_SPI_WriteTransferAdd
 .text.WDRV_WINC_INTInitialize
                0x26f00d8c       0x24 build/sam_a5d27_som1_winc1500/production/_ext/1615170836/wdrv_winc_eint.o
                0x26f00d8c                WDRV_WINC_INTInitialize
 .text.WDRV_WINC_INTDeinitialize
                0x26f00db0       0x14 build/sam_a5d27_som1_winc1500/production/_ext/1615170836/wdrv_winc_eint.o
                0x26f00db0                WDRV_WINC_INTDeinitialize
 .text.WDRV_WINC_GPIOResetAssert
                0x26f00dc4        0xe build/sam_a5d27_som1_winc1500/production/_ext/1615170836/wdrv_winc_gpio.o
                0x26f00dc4                WDRV_WINC_GPIOResetAssert
 .text.WDRV_WINC_GPIOResetDeassert
                0x26f00dd2        0xe build/sam_a5d27_som1_winc1500/production/_ext/1615170836/wdrv_winc_gpio.o
                0x26f00dd2                WDRV_WINC_GPIOResetDeassert
 .text.WDRV_WINC_GPIOChipEnableAssert
                0x26f00de0       0x10 build/sam_a5d27_som1_winc1500/production/_ext/1615170836/wdrv_winc_gpio.o
                0x26f00de0                WDRV_WINC_GPIOChipEnableAssert
 .text.WDRV_WINC_GPIOChipEnableDeassert
                0x26f00df0       0x10 build/sam_a5d27_som1_winc1500/production/_ext/1615170836/wdrv_winc_gpio.o
                0x26f00df0                WDRV_WINC_GPIOChipEnableDeassert
 .text._WDRV_WINC_SPITransferEventHandler
                0x26f00e00       0x42 build/sam_a5d27_som1_winc1500/production/_ext/467732753/wdrv_winc_spi.o
 .text.WDRV_WINC_SPISend
                0x26f00e42       0x50 build/sam_a5d27_som1_winc1500/production/_ext/467732753/wdrv_winc_spi.o
                0x26f00e42                WDRV_WINC_SPISend
 .text.WDRV_WINC_SPIReceive
                0x26f00e92       0x60 build/sam_a5d27_som1_winc1500/production/_ext/467732753/wdrv_winc_spi.o
                0x26f00e92                WDRV_WINC_SPIReceive
 .text.WDRV_WINC_SPIOpen
                0x26f00ef2       0x74 build/sam_a5d27_som1_winc1500/production/_ext/467732753/wdrv_winc_spi.o
                0x26f00ef2                WDRV_WINC_SPIOpen
 .text.WDRV_WINC_SPIInitialize
                0x26f00f66       0x16 build/sam_a5d27_som1_winc1500/production/_ext/467732753/wdrv_winc_spi.o
                0x26f00f66                WDRV_WINC_SPIInitialize
 .text.WDRV_WINC_SPIDeinitialize
                0x26f00f7c       0x28 build/sam_a5d27_som1_winc1500/production/_ext/467732753/wdrv_winc_spi.o
                0x26f00f7c                WDRV_WINC_SPIDeinitialize
 .text.nm_sleep
                0x26f00fa4        0x8 build/sam_a5d27_som1_winc1500/production/_ext/461596885/nm_common.o
                0x26f00fa4                nm_sleep
 .text.nm_reset
                0x26f00fac       0x26 build/sam_a5d27_som1_winc1500/production/_ext/461596885/nm_common.o
                0x26f00fac                nm_reset
 .text.m2m_hif_cb
                0x26f00fd2        0x2 build/sam_a5d27_som1_winc1500/production/_ext/492885778/m2m_hif.o
 .text.hif_set_rx_done
                0x26f00fd4       0x3a build/sam_a5d27_som1_winc1500/production/_ext/492885778/m2m_hif.o
 .text.hif_chip_wake
                0x26f0100e       0x4c build/sam_a5d27_som1_winc1500/production/_ext/492885778/m2m_hif.o
                0x26f0100e                hif_chip_wake
 .text.hif_chip_sleep_sc
                0x26f0105a       0x20 build/sam_a5d27_som1_winc1500/production/_ext/492885778/m2m_hif.o
                0x26f0105a                hif_chip_sleep_sc
 .text.hif_chip_sleep
                0x26f0107a       0x44 build/sam_a5d27_som1_winc1500/production/_ext/492885778/m2m_hif.o
                0x26f0107a                hif_chip_sleep
 .text.hif_deinit
                0x26f010be       0x24 build/sam_a5d27_som1_winc1500/production/_ext/492885778/m2m_hif.o
                0x26f010be                hif_deinit
 *fill*         0x26f010e2        0x2 
 .text.hif_send
                0x26f010e4      0x290 build/sam_a5d27_som1_winc1500/production/_ext/492885778/m2m_hif.o
                0x26f010e4                hif_send
 .text.hif_handle_isr
                0x26f01374      0x3c8 build/sam_a5d27_som1_winc1500/production/_ext/492885778/m2m_hif.o
                0x26f01374                hif_handle_isr
 .text.hif_receive
                0x26f0173c       0xe0 build/sam_a5d27_som1_winc1500/production/_ext/492885778/m2m_hif.o
                0x26f0173c                hif_receive
 .text.hif_register_cb
                0x26f0181c       0x9c build/sam_a5d27_som1_winc1500/production/_ext/492885778/m2m_hif.o
                0x26f0181c                hif_register_cb
 .text.hif_init
                0x26f018b8       0x44 build/sam_a5d27_som1_winc1500/production/_ext/492885778/m2m_hif.o
                0x26f018b8                hif_init
 .text.nm_bus_iface_init
                0x26f018fc       0x10 build/sam_a5d27_som1_winc1500/production/_ext/492885778/nmbus.o
                0x26f018fc                nm_bus_iface_init
 .text.nm_bus_iface_deinit
                0x26f0190c        0x4 build/sam_a5d27_som1_winc1500/production/_ext/492885778/nmbus.o
                0x26f0190c                nm_bus_iface_deinit
 .text.nm_bus_reset
                0x26f01910        0x8 build/sam_a5d27_som1_winc1500/production/_ext/492885778/nmbus.o
                0x26f01910                nm_bus_reset
 .text.nm_read_reg
                0x26f01918        0x8 build/sam_a5d27_som1_winc1500/production/_ext/492885778/nmbus.o
                0x26f01918                nm_read_reg
 .text.nm_read_reg_with_ret
                0x26f01920        0x8 build/sam_a5d27_som1_winc1500/production/_ext/492885778/nmbus.o
                0x26f01920                nm_read_reg_with_ret
 .text.nm_write_reg
                0x26f01928        0x8 build/sam_a5d27_som1_winc1500/production/_ext/492885778/nmbus.o
                0x26f01928                nm_write_reg
 .text.nm_read_block
                0x26f01930       0x5a build/sam_a5d27_som1_winc1500/production/_ext/492885778/nmbus.o
                0x26f01930                nm_read_block
 .text.nm_write_block
                0x26f0198a       0x5a build/sam_a5d27_som1_winc1500/production/_ext/492885778/nmbus.o
                0x26f0198a                nm_write_block
 .text.nm_get_firmware_full_info
                0x26f019e4       0xd0 build/sam_a5d27_som1_winc1500/production/_ext/492885778/nmdrv.o
                0x26f019e4                nm_get_firmware_full_info
 .text.nm_drv_init_download_mode
                0x26f01ab4       0x78 build/sam_a5d27_som1_winc1500/production/_ext/492885778/nmdrv.o
                0x26f01ab4                nm_drv_init_download_mode
 .text.nm_drv_init_hold
                0x26f01b2c       0x70 build/sam_a5d27_som1_winc1500/production/_ext/492885778/nmdrv.o
                0x26f01b2c                nm_drv_init_hold
 .text.nm_drv_init_start
                0x26f01b9c       0x60 build/sam_a5d27_som1_winc1500/production/_ext/492885778/nmdrv.o
                0x26f01b9c                nm_drv_init_start
 .text.nm_drv_deinit
                0x26f01bfc       0x70 build/sam_a5d27_som1_winc1500/production/_ext/492885778/nmdrv.o
                0x26f01bfc                nm_drv_deinit
 .text.m2m_wifi_cb
                0x26f01c6c      0x3f4 build/sam_a5d27_som1_winc1500/production/_ext/492885778/m2m_wifi.o
 .text.m2m_wifi_connect_prepare_msg
                0x26f02060       0xca build/sam_a5d27_som1_winc1500/production/_ext/492885778/m2m_wifi.o
 *fill*         0x26f0212a        0x2 
 .text.m2m_validate_ap_parameters
                0x26f0212c      0x114 build/sam_a5d27_som1_winc1500/production/_ext/492885778/m2m_wifi.o
 .text.m2m_wifi_download_mode
                0x26f02240       0x20 build/sam_a5d27_som1_winc1500/production/_ext/492885778/m2m_wifi.o
                0x26f02240                m2m_wifi_download_mode
 .text.m2m_wifi_init_hold
                0x26f02260       0x1a build/sam_a5d27_som1_winc1500/production/_ext/492885778/m2m_wifi.o
                0x26f02260                m2m_wifi_init_hold
 *fill*         0x26f0227a        0x2 
 .text.m2m_wifi_init_start
                0x26f0227c      0x198 build/sam_a5d27_som1_winc1500/production/_ext/492885778/m2m_wifi.o
                0x26f0227c                m2m_wifi_init_start
 .text.m2m_wifi_deinit
                0x26f02414       0x1e build/sam_a5d27_som1_winc1500/production/_ext/492885778/m2m_wifi.o
                0x26f02414                m2m_wifi_deinit
 .text.m2m_wifi_handle_events
                0x26f02432        0x8 build/sam_a5d27_som1_winc1500/production/_ext/492885778/m2m_wifi.o
                0x26f02432                m2m_wifi_handle_events
 .text.m2m_wifi_connect_open
                0x26f0243a       0x36 build/sam_a5d27_som1_winc1500/production/_ext/492885778/m2m_wifi.o
                0x26f0243a                m2m_wifi_connect_open
 .text.m2m_wifi_connect_psk
                0x26f02470      0x108 build/sam_a5d27_som1_winc1500/production/_ext/492885778/m2m_wifi.o
                0x26f02470                m2m_wifi_connect_psk
 .text.m2m_wifi_connect_1x_mschap2
                0x26f02578      0x128 build/sam_a5d27_som1_winc1500/production/_ext/492885778/m2m_wifi.o
                0x26f02578                m2m_wifi_connect_1x_mschap2
 .text.m2m_wifi_connect_1x_tls
                0x26f026a0      0x1bc build/sam_a5d27_som1_winc1500/production/_ext/492885778/m2m_wifi.o
                0x26f026a0                m2m_wifi_connect_1x_tls
 .text.m2m_wifi_set_static_ip
                0x26f0285c       0x1e build/sam_a5d27_som1_winc1500/production/_ext/492885778/m2m_wifi.o
                0x26f0285c                m2m_wifi_set_static_ip
 .text.m2m_wifi_enable_dhcp
                0x26f0287a       0x24 build/sam_a5d27_som1_winc1500/production/_ext/492885778/m2m_wifi.o
                0x26f0287a                m2m_wifi_enable_dhcp
 .text.m2m_wifi_enable_ap_ext
                0x26f0289e       0x2a build/sam_a5d27_som1_winc1500/production/_ext/492885778/m2m_wifi.o
                0x26f0289e                m2m_wifi_enable_ap_ext
 .text.m2m_wifi_disable_ap
                0x26f028c8       0x1c build/sam_a5d27_som1_winc1500/production/_ext/492885778/m2m_wifi.o
                0x26f028c8                m2m_wifi_disable_ap
 .text.m2m_wifi_get_mac_address
                0x26f028e4       0x24 build/sam_a5d27_som1_winc1500/production/_ext/492885778/m2m_wifi.o
                0x26f028e4                m2m_wifi_get_mac_address
 .text.m2m_wifi_req_scan_result
                0x26f02908       0x22 build/sam_a5d27_som1_winc1500/production/_ext/492885778/m2m_wifi.o
                0x26f02908                m2m_wifi_req_scan_result
 .text.m2m_wifi_get_num_ap_found
                0x26f0292a        0xc build/sam_a5d27_som1_winc1500/production/_ext/492885778/m2m_wifi.o
                0x26f0292a                m2m_wifi_get_num_ap_found
 .text.m2m_wifi_get_chipId
                0x26f02936        0x8 build/sam_a5d27_som1_winc1500/production/_ext/492885778/m2m_wifi.o
                0x26f02936                m2m_wifi_get_chipId
 *fill*         0x26f0293e        0x2 
 .text.m2m_wifi_start_provision_mode_ext
                0x26f02940       0xa4 build/sam_a5d27_som1_winc1500/production/_ext/492885778/m2m_wifi.o
                0x26f02940                m2m_wifi_start_provision_mode_ext
 .text.m2m_wifi_stop_provision_mode
                0x26f029e4       0x1c build/sam_a5d27_som1_winc1500/production/_ext/492885778/m2m_wifi.o
                0x26f029e4                m2m_wifi_stop_provision_mode
 .text.m2m_wifi_get_state
                0x26f02a00        0xc build/sam_a5d27_som1_winc1500/production/_ext/492885778/m2m_wifi.o
                0x26f02a00                m2m_wifi_get_state
 .text.m2m_ssl_cb
                0x26f02a0c      0x16c build/sam_a5d27_som1_winc1500/production/_ext/492885778/m2m_ssl.o
 .text.m2m_ssl_init
                0x26f02b78       0x54 build/sam_a5d27_som1_winc1500/production/_ext/492885778/m2m_ssl.o
                0x26f02b78                m2m_ssl_init
 .text.chip_apply_conf
                0x26f02bcc       0x2e build/sam_a5d27_som1_winc1500/production/_ext/492885778/nmasic.o
                0x26f02bcc                chip_apply_conf
 .text.enable_interrupts
                0x26f02bfa       0x58 build/sam_a5d27_som1_winc1500/production/_ext/492885778/nmasic.o
                0x26f02bfa                enable_interrupts
 .text.nmi_get_chipid
                0x26f02c52       0xf4 build/sam_a5d27_som1_winc1500/production/_ext/492885778/nmasic.o
                0x26f02c52                nmi_get_chipid
 .text.chip_sleep
                0x26f02d46       0x68 build/sam_a5d27_som1_winc1500/production/_ext/492885778/nmasic.o
                0x26f02d46                chip_sleep
 *fill*         0x26f02dae        0x2 
 .text.chip_wake
                0x26f02db0       0x98 build/sam_a5d27_som1_winc1500/production/_ext/492885778/nmasic.o
                0x26f02db0                chip_wake
 .text.cpu_halt
                0x26f02e48       0x66 build/sam_a5d27_som1_winc1500/production/_ext/492885778/nmasic.o
                0x26f02e48                cpu_halt
 *fill*         0x26f02eae        0x2 
 .text.wait_for_bootrom
                0x26f02eb0      0x154 build/sam_a5d27_som1_winc1500/production/_ext/492885778/nmasic.o
                0x26f02eb0                wait_for_bootrom
 .text.wait_for_firmware_start
                0x26f03004       0xdc build/sam_a5d27_som1_winc1500/production/_ext/492885778/nmasic.o
                0x26f03004                wait_for_firmware_start
 .text.chip_deinit
                0x26f030e0       0x5c build/sam_a5d27_som1_winc1500/production/_ext/492885778/nmasic.o
                0x26f030e0                chip_deinit
 .text.nmi_get_mac_address
                0x26f0313c       0x58 build/sam_a5d27_som1_winc1500/production/_ext/492885778/nmasic.o
                0x26f0313c                nmi_get_mac_address
 .text.spi_cmd  0x26f03194      0x160 build/sam_a5d27_som1_winc1500/production/_ext/492885778/nmspi.o
 .text.spi_cmd_rsp
                0x26f032f4       0xec build/sam_a5d27_som1_winc1500/production/_ext/492885778/nmspi.o
 .text.spi_data_read
                0x26f033e0      0x120 build/sam_a5d27_som1_winc1500/production/_ext/492885778/nmspi.o
 .text.spi_reset
                0x26f03500       0x2c build/sam_a5d27_som1_winc1500/production/_ext/492885778/nmspi.o
 .text.nm_spi_reset
                0x26f0352c       0x44 build/sam_a5d27_som1_winc1500/production/_ext/492885778/nmspi.o
                0x26f0352c                nm_spi_reset
 .text.nm_spi_lock_init
                0x26f03570        0xe build/sam_a5d27_som1_winc1500/production/_ext/492885778/nmspi.o
                0x26f03570                nm_spi_lock_init
 .text.nm_spi_deinit
                0x26f0357e        0xe build/sam_a5d27_som1_winc1500/production/_ext/492885778/nmspi.o
                0x26f0357e                nm_spi_deinit
 .text.nm_spi_read_reg_with_ret
                0x26f0358c      0x126 build/sam_a5d27_som1_winc1500/production/_ext/492885778/nmspi.o
                0x26f0358c                nm_spi_read_reg_with_ret
 .text.nm_spi_read_reg
                0x26f036b2       0x12 build/sam_a5d27_som1_winc1500/production/_ext/492885778/nmspi.o
                0x26f036b2                nm_spi_read_reg
 .text.nm_spi_write_reg
                0x26f036c4       0xfa build/sam_a5d27_som1_winc1500/production/_ext/492885778/nmspi.o
                0x26f036c4                nm_spi_write_reg
 *fill*         0x26f037be        0x2 
 .text.nm_spi_init
                0x26f037c0      0x128 build/sam_a5d27_som1_winc1500/production/_ext/492885778/nmspi.o
                0x26f037c0                nm_spi_init
 .text.nm_spi_read_block
                0x26f038e8      0x11e build/sam_a5d27_som1_winc1500/production/_ext/492885778/nmspi.o
                0x26f038e8                nm_spi_read_block
 .text.nm_spi_write_block
                0x26f03a06      0x226 build/sam_a5d27_som1_winc1500/production/_ext/492885778/nmspi.o
                0x26f03a06                nm_spi_write_block
 .text.m2m_ota_cb
                0x26f03c2c      0x1ec build/sam_a5d27_som1_winc1500/production/_ext/492885778/m2m_ota.o
 .text.m2m_ota_init
                0x26f03e18       0x48 build/sam_a5d27_som1_winc1500/production/_ext/492885778/m2m_ota.o
                0x26f03e18                m2m_ota_init
 .text.m2m_ota_host_file_read_hif
                0x26f03e60       0x66 build/sam_a5d27_som1_winc1500/production/_ext/492885778/m2m_ota.o
                0x26f03e60                m2m_ota_host_file_read_hif
 *fill*         0x26f03ec6        0x2 
 .text.m2m_ota_host_file_read_spi
                0x26f03ec8       0xfc build/sam_a5d27_som1_winc1500/production/_ext/492885778/m2m_ota.o
                0x26f03ec8                m2m_ota_host_file_read_spi
 .text.inet_addr
                0x26f03fc4       0xbc build/sam_a5d27_som1_winc1500/production/_ext/919363165/inet_addr.o
                0x26f03fc4                inet_addr
 .text.inet_ntop
                0x26f04080       0x9e build/sam_a5d27_som1_winc1500/production/_ext/919363165/inet_ntop.o
                0x26f04080                inet_ntop
 *fill*         0x26f0411e        0x2 
 .text.m2m_ip_cb
                0x26f04120      0x57c build/sam_a5d27_som1_winc1500/production/_ext/919363165/socket.o
 .text.socketInit
                0x26f0469c       0x48 build/sam_a5d27_som1_winc1500/production/_ext/919363165/socket.o
                0x26f0469c                socketInit
 .text.socketDeinit
                0x26f046e4       0x3c build/sam_a5d27_som1_winc1500/production/_ext/919363165/socket.o
                0x26f046e4                socketDeinit
 .text.registerSocketEventCallback
                0x26f04720        0xc build/sam_a5d27_som1_winc1500/production/_ext/919363165/socket.o
                0x26f04720                registerSocketEventCallback
 .text.socket   0x26f0472c      0x1f4 build/sam_a5d27_som1_winc1500/production/_ext/919363165/socket.o
                0x26f0472c                socket
 .text.bind     0x26f04920       0x9a build/sam_a5d27_som1_winc1500/production/_ext/919363165/socket.o
                0x26f04920                bind
 .text.listen   0x26f049ba       0x66 build/sam_a5d27_som1_winc1500/production/_ext/919363165/socket.o
                0x26f049ba                listen
 .text.accept   0x26f04a20       0x28 build/sam_a5d27_som1_winc1500/production/_ext/919363165/socket.o
                0x26f04a20                accept
 .text.recv     0x26f04a48       0xb8 build/sam_a5d27_som1_winc1500/production/_ext/919363165/socket.o
                0x26f04a48                recv
 .text.shutdown
                0x26f04b00       0xa0 build/sam_a5d27_som1_winc1500/production/_ext/919363165/socket.o
                0x26f04b00                shutdown
 .text.spi_flexible_flash_find_section
                0x26f04ba0       0x94 build/sam_a5d27_som1_winc1500/production/_ext/2123267981/flexible_flash.o
                0x26f04ba0                spi_flexible_flash_find_section
 .text.spi_flash_load_to_cortus_mem
                0x26f04c34       0xac build/sam_a5d27_som1_winc1500/production/_ext/2123267981/spi_flash.o
 .text.spi_flash_enable
                0x26f04ce0      0x110 build/sam_a5d27_som1_winc1500/production/_ext/2123267981/spi_flash.o
                0x26f04ce0                spi_flash_enable
 .text.spi_flash_read
                0x26f04df0       0x8c build/sam_a5d27_som1_winc1500/production/_ext/2123267981/spi_flash.o
                0x26f04df0                spi_flash_read
 .text.WDRV_MSDelay
                0x26f04e7c       0x22 build/sam_a5d27_som1_winc1500/production/_ext/141899762/wdrv_winc_osal.o
                0x26f04e7c                WDRV_MSDelay
 .text._WDRV_WINC_ConnNetCfg
                0x26f04e9e       0x66 build/sam_a5d27_som1_winc1500/production/_ext/1528743604/wdrv_winc_sta.o
 .text.WDRV_WINC_BSSConnect
                0x26f04f04      0x238 build/sam_a5d27_som1_winc1500/production/_ext/1528743604/wdrv_winc_sta.o
                0x26f04f04                WDRV_WINC_BSSConnect
 .text.WDRV_WINC_AuthCtxSetOpen
                0x26f0513c        0xe build/sam_a5d27_som1_winc1500/production/_ext/1528743604/wdrv_winc_authctx.o
                0x26f0513c                WDRV_WINC_AuthCtxSetOpen
 .text.WDRV_WINC_AuthCtxSetWPA
                0x26f0514a       0x3e build/sam_a5d27_som1_winc1500/production/_ext/1528743604/wdrv_winc_authctx.o
                0x26f0514a                WDRV_WINC_AuthCtxSetWPA
 .text.WDRV_WINC_HostFileRead
                0x26f05188      0x144 build/sam_a5d27_som1_winc1500/production/_ext/1528743604/wdrv_winc_host_file.o
                0x26f05188                WDRV_WINC_HostFileRead
 .text.WDRV_WINC_APStart
                0x26f052cc      0x196 build/sam_a5d27_som1_winc1500/production/_ext/1528743604/wdrv_winc_softap.o
                0x26f052cc                WDRV_WINC_APStart
 .text.WDRV_WINC_APStop
                0x26f05462       0x60 build/sam_a5d27_som1_winc1500/production/_ext/1528743604/wdrv_winc_softap.o
                0x26f05462                WDRV_WINC_APStop
 .text.WDRV_WINC_LocalTimeToUTC
                0x26f054c2       0x74 build/sam_a5d27_som1_winc1500/production/_ext/1528743604/wdrv_winc_systime.o
                0x26f054c2                WDRV_WINC_LocalTimeToUTC
 .text.WDRV_WINC_IPUseDHCPSet
                0x26f05536       0x34 build/sam_a5d27_som1_winc1500/production/_ext/1528743604/wdrv_winc_socket.o
                0x26f05536                WDRV_WINC_IPUseDHCPSet
 .text.WDRV_WINC_IPDHCPServerConfigure
                0x26f0556a       0x34 build/sam_a5d27_som1_winc1500/production/_ext/1528743604/wdrv_winc_socket.o
                0x26f0556a                WDRV_WINC_IPDHCPServerConfigure
 .text.WDRV_WINC_SocketRegisterEventCallback
                0x26f0559e       0x16 build/sam_a5d27_som1_winc1500/production/_ext/1528743604/wdrv_winc_socket.o
                0x26f0559e                WDRV_WINC_SocketRegisterEventCallback
 .text.WDRV_WINC_BSSCtxIsValid
                0x26f055b4       0x62 build/sam_a5d27_som1_winc1500/production/_ext/1528743604/wdrv_winc_bssctx.o
                0x26f055b4                WDRV_WINC_BSSCtxIsValid
 .text.WDRV_WINC_BSSCtxSetDefaults
                0x26f05616       0x24 build/sam_a5d27_som1_winc1500/production/_ext/1528743604/wdrv_winc_bssctx.o
                0x26f05616                WDRV_WINC_BSSCtxSetDefaults
 .text.WDRV_WINC_BSSCtxSetSSID
                0x26f0563a       0x42 build/sam_a5d27_som1_winc1500/production/_ext/1528743604/wdrv_winc_bssctx.o
                0x26f0563a                WDRV_WINC_BSSCtxSetSSID
 .text.WDRV_WINC_BSSCtxSetChannel
                0x26f0567c       0x2a build/sam_a5d27_som1_winc1500/production/_ext/1528743604/wdrv_winc_bssctx.o
                0x26f0567c                WDRV_WINC_BSSCtxSetChannel
 .text._WDRV_WINC_OTAUpdateCallback
                0x26f056a6       0x62 build/sam_a5d27_som1_winc1500/production/_ext/1528743604/wdrv_winc.o
 .text._WDRV_WINC_SSLCallback
                0x26f05708      0x10e build/sam_a5d27_som1_winc1500/production/_ext/1528743604/wdrv_winc.o
 .text._WDRV_WINC_WifiCallback
                0x26f05816      0x452 build/sam_a5d27_som1_winc1500/production/_ext/1528743604/wdrv_winc.o
 .text._WDRV_WINC_HostFileReadHIFCallback
                0x26f05c68      0x1d6 build/sam_a5d27_som1_winc1500/production/_ext/1528743604/wdrv_winc.o
 .text._WDRV_WINC_HostFileEraseCallback
                0x26f05e3e       0x60 build/sam_a5d27_som1_winc1500/production/_ext/1528743604/wdrv_winc.o
 .text._WDRV_WINC_HostFileGetCallback
                0x26f05e9e       0x90 build/sam_a5d27_som1_winc1500/production/_ext/1528743604/wdrv_winc.o
 .text.WDRV_WINC_Initialize
                0x26f05f2e       0x68 build/sam_a5d27_som1_winc1500/production/_ext/1528743604/wdrv_winc.o
                0x26f05f2e                WDRV_WINC_Initialize
 .text.WDRV_WINC_Status
                0x26f05f96       0x1e build/sam_a5d27_som1_winc1500/production/_ext/1528743604/wdrv_winc.o
                0x26f05f96                WDRV_WINC_Status
 .text.WDRV_WINC_Tasks
                0x26f05fb4      0x2a8 build/sam_a5d27_som1_winc1500/production/_ext/1528743604/wdrv_winc.o
                0x26f05fb4                WDRV_WINC_Tasks
 .text.WDRV_WINC_Open
                0x26f0625c      0x16e build/sam_a5d27_som1_winc1500/production/_ext/1528743604/wdrv_winc.o
                0x26f0625c                WDRV_WINC_Open
 .text.WDRV_WINC_ISR
                0x26f063ca       0x14 build/sam_a5d27_som1_winc1500/production/_ext/1528743604/wdrv_winc.o
                0x26f063ca                WDRV_WINC_ISR
 .text.AIC_INT_Initialize
                0x26f063de       0xd8 build/sam_a5d27_som1_winc1500/production/_ext/192068182/plib_aic.o
                0x26f063de                AIC_INT_Initialize
 .text.AIC_INT_IrqDisable
                0x26f064b6       0x20 build/sam_a5d27_som1_winc1500/production/_ext/192068182/plib_aic.o
                0x26f064b6                AIC_INT_IrqDisable
 .text.AIC_INT_IrqRestore
                0x26f064d6       0x12 build/sam_a5d27_som1_winc1500/production/_ext/192068182/plib_aic.o
                0x26f064d6                AIC_INT_IrqRestore
 .text.CLK_Initialize
                0x26f064e8       0x2c build/sam_a5d27_som1_winc1500/production/_ext/192066159/plib_clk.o
                0x26f064e8                CLK_Initialize
 .text.FLEXCOM4_SPI_Initialize
                0x26f06514       0x3a build/sam_a5d27_som1_winc1500/production/_ext/1834821283/plib_flexcom4_spi_master.o
                0x26f06514                FLEXCOM4_SPI_Initialize
 .text.FLEXCOM4_SPI_WriteRead
                0x26f0654e      0x1d4 build/sam_a5d27_som1_winc1500/production/_ext/1834821283/plib_flexcom4_spi_master.o
                0x26f0654e                FLEXCOM4_SPI_WriteRead
 .text.FLEXCOM4_SPI_TransferSetup
                0x26f06722       0x62 build/sam_a5d27_som1_winc1500/production/_ext/1834821283/plib_flexcom4_spi_master.o
                0x26f06722                FLEXCOM4_SPI_TransferSetup
 .text.FLEXCOM4_SPI_IsTransmitterBusy
                0x26f06784       0x16 build/sam_a5d27_som1_winc1500/production/_ext/1834821283/plib_flexcom4_spi_master.o
                0x26f06784                FLEXCOM4_SPI_IsTransmitterBusy
 .text.FLEXCOM4_SPI_CallbackRegister
                0x26f0679a        0xe build/sam_a5d27_som1_winc1500/production/_ext/1834821283/plib_flexcom4_spi_master.o
                0x26f0679a                FLEXCOM4_SPI_CallbackRegister
 .text.FLEXCOM4_InterruptHandler
                0x26f067a8      0x270 build/sam_a5d27_som1_winc1500/production/_ext/1834821283/plib_flexcom4_spi_master.o
                0x26f067a8                FLEXCOM4_InterruptHandler
 .text.Matrix_Initialize
                0x26f06a18       0x56 build/sam_a5d27_som1_winc1500/production/_ext/669990670/plib_matrix.o
                0x26f06a18                Matrix_Initialize
 .text.icache_Enable
                0x26f06a6e       0x22 build/sam_a5d27_som1_winc1500/production/_ext/192056508/plib_mmu.o
                0x26f06a6e                icache_Enable
 .text.MMU_Initialize
                0x26f06a90      0x2bc build/sam_a5d27_som1_winc1500/production/_ext/192056508/plib_mmu.o
                0x26f06a90                MMU_Initialize
 .text.PIO_Initialize
                0x26f06d4c       0x88 build/sam_a5d27_som1_winc1500/production/_ext/192053755/plib_pio.o
                0x26f06d4c                PIO_Initialize
 .text.PIO_PortSet
                0x26f06dd4        0xe build/sam_a5d27_som1_winc1500/production/_ext/192053755/plib_pio.o
                0x26f06dd4                PIO_PortSet
 .text.PIO_PortClear
                0x26f06de2        0xe build/sam_a5d27_som1_winc1500/production/_ext/192053755/plib_pio.o
                0x26f06de2                PIO_PortClear
 .text.PIO_PortInterruptEnable
                0x26f06df0        0xe build/sam_a5d27_som1_winc1500/production/_ext/192053755/plib_pio.o
                0x26f06df0                PIO_PortInterruptEnable
 .text.PIO_PortInterruptDisable
                0x26f06dfe        0xe build/sam_a5d27_som1_winc1500/production/_ext/192053755/plib_pio.o
                0x26f06dfe                PIO_PortInterruptDisable
 .text.PIO_PinInterruptCallbackRegister
                0x26f06e0c       0x6e build/sam_a5d27_som1_winc1500/production/_ext/192053755/plib_pio.o
                0x26f06e0c                PIO_PinInterruptCallbackRegister
 .text.PIOB_InterruptHandler
                0x26f06e7a       0x40 build/sam_a5d27_som1_winc1500/production/_ext/192053755/plib_pio.o
                0x26f06e7a                PIOB_InterruptHandler
 .text.TC0_CH0_TimerInitialize
                0x26f06eba       0x28 build/sam_a5d27_som1_winc1500/production/_ext/6195168/plib_tc0.o
                0x26f06eba                TC0_CH0_TimerInitialize
 .text.TC0_CH0_TimerStart
                0x26f06ee2        0xe build/sam_a5d27_som1_winc1500/production/_ext/6195168/plib_tc0.o
                0x26f06ee2                TC0_CH0_TimerStart
 .text.TC0_CH0_TimerStop
                0x26f06ef0        0xe build/sam_a5d27_som1_winc1500/production/_ext/6195168/plib_tc0.o
                0x26f06ef0                TC0_CH0_TimerStop
 .text.TC0_CH0_TimerFrequencyGet
                0x26f06efe        0xa build/sam_a5d27_som1_winc1500/production/_ext/6195168/plib_tc0.o
                0x26f06efe                TC0_CH0_TimerFrequencyGet
 .text.TC0_CH0_TimerPeriodSet
                0x26f06f08        0xc build/sam_a5d27_som1_winc1500/production/_ext/6195168/plib_tc0.o
                0x26f06f08                TC0_CH0_TimerPeriodSet
 .text.TC0_CH0_TimerCompareSet
                0x26f06f14        0xc build/sam_a5d27_som1_winc1500/production/_ext/6195168/plib_tc0.o
                0x26f06f14                TC0_CH0_TimerCompareSet
 .text.TC0_CH0_TimerCounterGet
                0x26f06f20        0xc build/sam_a5d27_som1_winc1500/production/_ext/6195168/plib_tc0.o
                0x26f06f20                TC0_CH0_TimerCounterGet
 .text.TC0_CH0_TimerCallbackRegister
                0x26f06f2c        0xe build/sam_a5d27_som1_winc1500/production/_ext/6195168/plib_tc0.o
                0x26f06f2c                TC0_CH0_TimerCallbackRegister
 .text.TC0_CH0_InterruptHandler
                0x26f06f3a       0x2c build/sam_a5d27_som1_winc1500/production/_ext/6195168/plib_tc0.o
                0x26f06f3a                TC0_CH0_InterruptHandler
 .text.TC0_InterruptHandler
                0x26f06f66        0x8 build/sam_a5d27_som1_winc1500/production/_ext/6195168/plib_tc0.o
                0x26f06f66                TC0_InterruptHandler
 .text.UART1_WritePendingBytesGet
                0x26f06f6e       0x18 build/sam_a5d27_som1_winc1500/production/_ext/1658557633/plib_uart1.o
 .text.UART1_Initialize
                0x26f06f86       0x46 build/sam_a5d27_som1_winc1500/production/_ext/1658557633/plib_uart1.o
                0x26f06f86                UART1_Initialize
 .text.UART1_Read
                0x26f06fcc       0x92 build/sam_a5d27_som1_winc1500/production/_ext/1658557633/plib_uart1.o
                0x26f06fcc                UART1_Read
 .text.UART1_ReadCountGet
                0x26f0705e       0x16 build/sam_a5d27_som1_winc1500/production/_ext/1658557633/plib_uart1.o
                0x26f0705e                UART1_ReadCountGet
 .text.UART1_ReadFreeBufferCountGet
                0x26f07074        0xc build/sam_a5d27_som1_winc1500/production/_ext/1658557633/plib_uart1.o
                0x26f07074                UART1_ReadFreeBufferCountGet
 .text.UART1_WriteCountGet
                0x26f07080        0x8 build/sam_a5d27_som1_winc1500/production/_ext/1658557633/plib_uart1.o
                0x26f07080                UART1_WriteCountGet
 .text.UART1_Write
                0x26f07088       0x62 build/sam_a5d27_som1_winc1500/production/_ext/1658557633/plib_uart1.o
                0x26f07088                UART1_Write
 .text.UART1_WriteFreeBufferCountGet
                0x26f070ea        0xe build/sam_a5d27_som1_winc1500/production/_ext/1658557633/plib_uart1.o
                0x26f070ea                UART1_WriteFreeBufferCountGet
 .text.UART1_InterruptHandler
                0x26f070f8      0x15c build/sam_a5d27_som1_winc1500/production/_ext/1658557633/plib_uart1.o
                0x26f070f8                UART1_InterruptHandler
 .text.XDMAC0_InterruptHandler
                0x26f07254       0x80 build/sam_a5d27_som1_winc1500/production/_ext/127175570/plib_xdmac0.o
                0x26f07254                XDMAC0_InterruptHandler
 .text.XDMAC0_Initialize
                0x26f072d4       0x4c build/sam_a5d27_som1_winc1500/production/_ext/127175570/plib_xdmac0.o
                0x26f072d4                XDMAC0_Initialize
 .text.XDMAC0_ChannelCallbackRegister
                0x26f07320       0x12 build/sam_a5d27_som1_winc1500/production/_ext/127175570/plib_xdmac0.o
                0x26f07320                XDMAC0_ChannelCallbackRegister
 .text.XDMAC0_ChannelTransfer
                0x26f07332       0x68 build/sam_a5d27_som1_winc1500/production/_ext/127175570/plib_xdmac0.o
                0x26f07332                XDMAC0_ChannelTransfer
 .text.XDMAC0_ChannelSettingsGet
                0x26f0739a        0xe build/sam_a5d27_som1_winc1500/production/_ext/127175570/plib_xdmac0.o
                0x26f0739a                XDMAC0_ChannelSettingsGet
 .text.XDMAC0_ChannelSettingsSet
                0x26f073a8       0x1e build/sam_a5d27_som1_winc1500/production/_ext/127175570/plib_xdmac0.o
                0x26f073a8                XDMAC0_ChannelSettingsSet
 .text.SYS_CONSOLE_Initialize
                0x26f073c6       0x66 build/sam_a5d27_som1_winc1500/production/_ext/1238961202/sys_console.o
                0x26f073c6                SYS_CONSOLE_Initialize
 .text.SYS_CONSOLE_HandleGet
                0x26f0742c        0xa build/sam_a5d27_som1_winc1500/production/_ext/1238961202/sys_console.o
                0x26f0742c                SYS_CONSOLE_HandleGet
 .text.SYS_CONSOLE_Print
                0x26f07436       0x90 build/sam_a5d27_som1_winc1500/production/_ext/1238961202/sys_console.o
                0x26f07436                SYS_CONSOLE_Print
 .text.SYS_CONSOLE_Message
                0x26f074c6       0x3c build/sam_a5d27_som1_winc1500/production/_ext/1238961202/sys_console.o
                0x26f074c6                SYS_CONSOLE_Message
 .text.Console_UART_Initialize
                0x26f07502       0x16 build/sam_a5d27_som1_winc1500/production/_ext/1238961202/sys_console_uart.o
                0x26f07502                Console_UART_Initialize
 .text.Console_UART_Read
                0x26f07518       0x3c build/sam_a5d27_som1_winc1500/production/_ext/1238961202/sys_console_uart.o
                0x26f07518                Console_UART_Read
 .text.Console_UART_Flush
                0x26f07554        0x4 build/sam_a5d27_som1_winc1500/production/_ext/1238961202/sys_console_uart.o
                0x26f07554                Console_UART_Flush
 .text.Console_UART_Status
                0x26f07558       0x12 build/sam_a5d27_som1_winc1500/production/_ext/1238961202/sys_console_uart.o
                0x26f07558                Console_UART_Status
 .text.Console_UART_Tasks
                0x26f0756a        0x2 build/sam_a5d27_som1_winc1500/production/_ext/1238961202/sys_console_uart.o
                0x26f0756a                Console_UART_Tasks
 .text.Console_UART_WriteCountGet
                0x26f0756c       0x36 build/sam_a5d27_som1_winc1500/production/_ext/1238961202/sys_console_uart.o
                0x26f0756c                Console_UART_WriteCountGet
 .text.Console_UART_WriteFreeBufferCountGet
                0x26f075a2       0x36 build/sam_a5d27_som1_winc1500/production/_ext/1238961202/sys_console_uart.o
                0x26f075a2                Console_UART_WriteFreeBufferCountGet
 .text.Console_UART_Write
                0x26f075d8       0x3c build/sam_a5d27_som1_winc1500/production/_ext/1238961202/sys_console_uart.o
                0x26f075d8                Console_UART_Write
 .text.Console_UART_ReadFreeBufferCountGet
                0x26f07614       0x36 build/sam_a5d27_som1_winc1500/production/_ext/1238961202/sys_console_uart.o
                0x26f07614                Console_UART_ReadFreeBufferCountGet
 .text.Console_UART_ReadCountGet
                0x26f0764a       0x36 build/sam_a5d27_som1_winc1500/production/_ext/1238961202/sys_console_uart.o
                0x26f0764a                Console_UART_ReadCountGet
 .text.SYS_DEBUG_Initialize
                0x26f07680       0x20 build/sam_a5d27_som1_winc1500/production/_ext/931592374/sys_debug.o
                0x26f07680                SYS_DEBUG_Initialize
 .text.SYS_DEBUG_ConsoleInstanceGet
                0x26f076a0        0xc build/sam_a5d27_som1_winc1500/production/_ext/931592374/sys_debug.o
                0x26f076a0                SYS_DEBUG_ConsoleInstanceGet
 .text.SYS_DEBUG_ErrorLevelGet
                0x26f076ac        0xc build/sam_a5d27_som1_winc1500/production/_ext/931592374/sys_debug.o
                0x26f076ac                SYS_DEBUG_ErrorLevelGet
 .text.SYS_DMA_AddressingModeSetup
                0x26f076b8       0x1e build/sam_a5d27_som1_winc1500/production/_ext/737894/sys_dma.o
                0x26f076b8                SYS_DMA_AddressingModeSetup
 .text.SYS_DMA_DataWidthSetup
                0x26f076d6       0x1a build/sam_a5d27_som1_winc1500/production/_ext/737894/sys_dma.o
                0x26f076d6                SYS_DMA_DataWidthSetup
 .text.SYS_INT_Disable
                0x26f076f0        0x8 build/sam_a5d27_som1_winc1500/production/_ext/1629436774/sys_int.o
                0x26f076f0                SYS_INT_Disable
 .text.SYS_INT_Restore
                0x26f076f8        0x8 build/sam_a5d27_som1_winc1500/production/_ext/1629436774/sys_int.o
                0x26f076f8                SYS_INT_Restore
 .text.SYS_INT_SourceIsEnabled
                0x26f07700       0x20 build/sam_a5d27_som1_winc1500/production/_ext/1629436774/sys_int.o
                0x26f07700                SYS_INT_SourceIsEnabled
 .text.SYS_INT_SourceEnable
                0x26f07720       0x1e build/sam_a5d27_som1_winc1500/production/_ext/1629436774/sys_int.o
                0x26f07720                SYS_INT_SourceEnable
 .text.SYS_INT_SourceDisable
                0x26f0773e       0x2e build/sam_a5d27_som1_winc1500/production/_ext/1629436774/sys_int.o
                0x26f0773e                SYS_INT_SourceDisable
 .text.SYS_INT_SourceRestore
                0x26f0776c       0x22 build/sam_a5d27_som1_winc1500/production/_ext/1629436774/sys_int.o
                0x26f0776c                SYS_INT_SourceRestore
 .text.SYS_TIME_GetTimerObject
                0x26f0778e       0x4c build/sam_a5d27_som1_winc1500/production/_ext/668867648/sys_time.o
 .text.SYS_TIME_HwTimerCompareUpdate
                0x26f077da       0xe8 build/sam_a5d27_som1_winc1500/production/_ext/668867648/sys_time.o
 .text.SYS_TIME_Counter64Update
                0x26f078c2       0x24 build/sam_a5d27_som1_winc1500/production/_ext/668867648/sys_time.o
 .text.SYS_TIME_RemoveFromList
                0x26f078e6       0x62 build/sam_a5d27_som1_winc1500/production/_ext/668867648/sys_time.o
 .text.SYS_TIME_AddToList
                0x26f07948       0x9c build/sam_a5d27_som1_winc1500/production/_ext/668867648/sys_time.o
 .text.SYS_TIME_GetElapsedCount
                0x26f079e4       0x18 build/sam_a5d27_som1_winc1500/production/_ext/668867648/sys_time.o
 .text.SYS_TIME_UpdateTimerList
                0x26f079fc       0x38 build/sam_a5d27_som1_winc1500/production/_ext/668867648/sys_time.o
 .text.SYS_TIME_TimerAdd
                0x26f07a34       0x42 build/sam_a5d27_som1_winc1500/production/_ext/668867648/sys_time.o
 .text.SYS_TIME_ResourceLock
                0x26f07a76       0x40 build/sam_a5d27_som1_winc1500/production/_ext/668867648/sys_time.o
 .text.SYS_TIME_ResourceUnlock
                0x26f07ab6       0x1e build/sam_a5d27_som1_winc1500/production/_ext/668867648/sys_time.o
 .text.SYS_TIME_TimerObjectCreate
                0x26f07ad4       0xc0 build/sam_a5d27_som1_winc1500/production/_ext/668867648/sys_time.o
 .text.SYS_TIME_Initialize
                0x26f07b94       0xb0 build/sam_a5d27_som1_winc1500/production/_ext/668867648/sys_time.o
                0x26f07b94                SYS_TIME_Initialize
 .text.SYS_TIME_TimerDestroy
                0x26f07c44       0x3c build/sam_a5d27_som1_winc1500/production/_ext/668867648/sys_time.o
                0x26f07c44                SYS_TIME_TimerDestroy
 .text.SYS_TIME_PLIBCallback
                0x26f07c80       0xec build/sam_a5d27_som1_winc1500/production/_ext/668867648/sys_time.o
 .text.SYS_TIME_TimerStart
                0x26f07d6c       0x5a build/sam_a5d27_som1_winc1500/production/_ext/668867648/sys_time.o
                0x26f07d6c                SYS_TIME_TimerStart
 .text.SYS_TIME_TimerPeriodHasExpired
                0x26f07dc6       0x28 build/sam_a5d27_som1_winc1500/production/_ext/668867648/sys_time.o
                0x26f07dc6                SYS_TIME_TimerPeriodHasExpired
 .text.SYS_TIME_DelayMS
                0x26f07dee       0x50 build/sam_a5d27_som1_winc1500/production/_ext/668867648/sys_time.o
                0x26f07dee                SYS_TIME_DelayMS
 .text.SYS_TIME_DelayIsComplete
                0x26f07e3e       0x18 build/sam_a5d27_som1_winc1500/production/_ext/668867648/sys_time.o
                0x26f07e3e                SYS_TIME_DelayIsComplete
 .text.DefaultInterruptHandlerForSpurious
                0x26f07e56       0x10 build/sam_a5d27_som1_winc1500/production/_ext/1420715725/interrupts.o
                0x26f07e56                DefaultInterruptHandlerForSpurious
 .text.undefined_instruction_irq_handler
                0x26f07e66        0x2 build/sam_a5d27_som1_winc1500/production/_ext/1420715725/fault_handlers.o
                0x26f07e66                undefined_instruction_irq_handler
 .text.software_interrupt_irq_handler
                0x26f07e68        0x2 build/sam_a5d27_som1_winc1500/production/_ext/1420715725/fault_handlers.o
                0x26f07e68                software_interrupt_irq_handler
 .text.data_abort_irq_handler
                0x26f07e6a        0x2 build/sam_a5d27_som1_winc1500/production/_ext/1420715725/fault_handlers.o
                0x26f07e6a                data_abort_irq_handler
 .text.prefetch_abort_irq_handler
                0x26f07e6c        0x2 build/sam_a5d27_som1_winc1500/production/_ext/1420715725/fault_handlers.o
                0x26f07e6c                prefetch_abort_irq_handler
 *fill*         0x26f07e6e        0x2 
 .text          0x26f07e70       0xa4 build/sam_a5d27_som1_winc1500/production/_ext/1420715725/cstartup.o
 .text.SYS_Tasks
                0x26f07f14       0x16 build/sam_a5d27_som1_winc1500/production/_ext/1420715725/tasks.o
                0x26f07f14                SYS_Tasks
 .text.SYS_Initialize
                0x26f07f2a       0x92 build/sam_a5d27_som1_winc1500/production/_ext/1420715725/initialization.o
                0x26f07f2a                SYS_Initialize
 .text.main     0x26f07fbc        0xe build/sam_a5d27_som1_winc1500/production/_ext/1360937237/main.o
                0x26f07fbc                main
 .text.APP_Initialize
                0x26f07fca        0xe build/sam_a5d27_som1_winc1500/production/_ext/1360937237/app.o
                0x26f07fca                APP_Initialize
 .text.APP_Tasks
                0x26f07fd8       0x84 build/sam_a5d27_som1_winc1500/production/_ext/1360937237/app.o
                0x26f07fd8                APP_Tasks
 .text.APP_ExampleSTAConnectNotifyCallback
                0x26f0805c       0x50 build/sam_a5d27_som1_winc1500/production/_ext/1360937237/example.o
 .text.APP_ExampleAPConnectNotifyCallback
                0x26f080ac       0xb0 build/sam_a5d27_som1_winc1500/production/_ext/1360937237/example.o
 .text.APP_ExampleSTAModeDHCPAddressEventCallback
                0x26f0815c       0x30 build/sam_a5d27_som1_winc1500/production/_ext/1360937237/example.o
 .text.APP_ExampleDHCPAddressEventCallback
                0x26f0818c       0x30 build/sam_a5d27_som1_winc1500/production/_ext/1360937237/example.o
 .text.APP_ExampleSocketEventCallback
                0x26f081bc      0x344 build/sam_a5d27_som1_winc1500/production/_ext/1360937237/example.o
 .text.APP_ExampleInitialize
                0x26f08500       0x5e build/sam_a5d27_som1_winc1500/production/_ext/1360937237/example.o
                0x26f08500                APP_ExampleInitialize
 *fill*         0x26f0855e        0x2 
 .text.APP_ExampleTasks
                0x26f08560      0x1e8 build/sam_a5d27_som1_winc1500/production/_ext/1360937237/example.o
                0x26f08560                APP_ExampleTasks
 .text          0x26f08748      0x278 c:/program files/microchip/xc32/v4.00/bin/bin/../../lib/gcc/pic32c/8.3.1/thumb/v7-a+simd/hard\libgcc.a(_udivsi3.o)
                0x26f08748                __aeabi_uidiv
                0x26f08748                __udivsi3
                0x26f089a4                __aeabi_uidivmod
 .text          0x26f089c0      0x2b0 c:/program files/microchip/xc32/v4.00/bin/bin/../../lib/gcc/pic32c/8.3.1/thumb/v7-a+simd/hard\libgcc.a(_divsi3.o)
                0x26f089c0                __divsi3
                0x26f089c0                __aeabi_idiv
                0x26f08c54                __aeabi_idivmod
 .text          0x26f08c70        0x4 c:/program files/microchip/xc32/v4.00/bin/bin/../../lib/gcc/pic32c/8.3.1/thumb/v7-a+simd/hard\libgcc.a(_dvmd_tls.o)
                0x26f08c70                __aeabi_idiv0
                0x26f08c70                __aeabi_ldiv0
 .text          0x26f08c74       0x30 c:/program files/microchip/xc32/v4.00/bin/bin/../../lib/gcc/pic32c/8.3.1/thumb/v7-a+simd/hard\libgcc.a(_aeabi_uldivmod.o)
                0x26f08c74                __aeabi_uldivmod
 .text          0x26f08ca4      0x138 c:/program files/microchip/xc32/v4.00/bin/bin/../../lib/gcc/pic32c/8.3.1/thumb/v7-a+simd/hard\libgcc.a(_udivmoddi4.o)
                0x26f08ca4                __udivmoddi4
 .text.__dummy  0x26f08ddc        0x2 c:/program files/microchip/xc32/v4.00/bin/bin/../../lib/gcc/pic32c/8.3.1/../../../../pic32c/lib/thumb/v7-a+simd/hard\libc-musl.a(__libc_start_main.o)
                0x26f08ddc                __init_stdio
                0x26f08ddc                __init_host
 *fill*         0x26f08dde        0x2 
 .text.__libc_start_init
                0x26f08de0       0x5c c:/program files/microchip/xc32/v4.00/bin/bin/../../lib/gcc/pic32c/8.3.1/../../../../pic32c/lib/thumb/v7-a+simd/hard\libc-musl.a(__libc_start_main.o)
                0x26f08de0                __libc_init_array
 .text.bin_index
                0x26f08e3c       0x38 c:/program files/microchip/xc32/v4.00/bin/bin/../../lib/gcc/pic32c/8.3.1/../../../../pic32c/lib/thumb/v7-a+simd/hard\libc-musl.a(malloc.o)
 .text.adjust_size
                0x26f08e74       0x40 c:/program files/microchip/xc32/v4.00/bin/bin/../../lib/gcc/pic32c/8.3.1/../../../../pic32c/lib/thumb/v7-a+simd/hard\libc-musl.a(malloc.o)
 .text.lock_bin
                0x26f08eb4       0x20 c:/program files/microchip/xc32/v4.00/bin/bin/../../lib/gcc/pic32c/8.3.1/../../../../pic32c/lib/thumb/v7-a+simd/hard\libc-musl.a(malloc.o)
 .text.unbin    0x26f08ed4       0x74 c:/program files/microchip/xc32/v4.00/bin/bin/../../lib/gcc/pic32c/8.3.1/../../../../pic32c/lib/thumb/v7-a+simd/hard\libc-musl.a(malloc.o)
 .text.alloc_fwd
                0x26f08f48       0x2c c:/program files/microchip/xc32/v4.00/bin/bin/../../lib/gcc/pic32c/8.3.1/../../../../pic32c/lib/thumb/v7-a+simd/hard\libc-musl.a(malloc.o)
 .text.alloc_rev
                0x26f08f74       0x30 c:/program files/microchip/xc32/v4.00/bin/bin/../../lib/gcc/pic32c/8.3.1/../../../../pic32c/lib/thumb/v7-a+simd/hard\libc-musl.a(malloc.o)
 .text.free     0x26f08fa4       0xf4 c:/program files/microchip/xc32/v4.00/bin/bin/../../lib/gcc/pic32c/8.3.1/../../../../pic32c/lib/thumb/v7-a+simd/hard\libc-musl.a(malloc.o)
                0x26f08fa4                free
 .text.trim     0x26f09098       0x2e c:/program files/microchip/xc32/v4.00/bin/bin/../../lib/gcc/pic32c/8.3.1/../../../../pic32c/lib/thumb/v7-a+simd/hard\libc-musl.a(malloc.o)
 *fill*         0x26f090c6        0x2 
 .text.malloc   0x26f090c8      0x1b4 c:/program files/microchip/xc32/v4.00/bin/bin/../../lib/gcc/pic32c/8.3.1/../../../../pic32c/lib/thumb/v7-a+simd/hard\libc-musl.a(malloc.o)
                0x26f090c8                malloc
 .text.__expand_heap
                0x26f0927c       0x16 c:/program files/microchip/xc32/v4.00/bin/bin/../../lib/gcc/pic32c/8.3.1/../../../../pic32c/lib/thumb/v7-a+simd/hard\libc-musl.a(expand_heap.o)
                0x26f0927c                __expand_heap
 *fill*         0x26f09292        0x2 
 .text.vsnprintf
                0x26f09294       0x60 c:/program files/microchip/xc32/v4.00/bin/bin/../../lib/gcc/pic32c/8.3.1/../../../../pic32c/lib/thumb/v7-a+simd/hard\libc-musl.a(vsnprintf.o)
                0x26f09294                vsnprintf
 .text.atoi     0x26f092f4       0x44 c:/program files/microchip/xc32/v4.00/bin/bin/../../lib/gcc/pic32c/8.3.1/../../../../pic32c/lib/thumb/v7-a+simd/hard\libc-musl.a(atoi.o)
                0x26f092f4                atoi
 .text.memcpy   0x26f09338       0x16 c:/program files/microchip/xc32/v4.00/bin/bin/../../lib/gcc/pic32c/8.3.1/../../../../pic32c/lib/thumb/v7-a+simd/hard\libc-musl.a(memcpy.o)
                0x26f09338                memcpy
 .text.memset   0x26f0934e       0x10 c:/program files/microchip/xc32/v4.00/bin/bin/../../lib/gcc/pic32c/8.3.1/../../../../pic32c/lib/thumb/v7-a+simd/hard\libc-musl.a(memset.o)
                0x26f0934e                memset
 .text.strlen   0x26f0935e       0x10 c:/program files/microchip/xc32/v4.00/bin/bin/../../lib/gcc/pic32c/8.3.1/../../../../pic32c/lib/thumb/v7-a+simd/hard\libc-musl.a(strlen.o)
                0x26f0935e                strlen
 .text.strchr   0x26f0936e       0x14 c:/program files/microchip/xc32/v4.00/bin/bin/../../lib/gcc/pic32c/8.3.1/../../../../pic32c/lib/thumb/v7-a+simd/hard\libc-musl.a(strchr.o)
                0x26f0936e                strchr
 .text.__strchrnul
                0x26f09382       0x60 c:/program files/microchip/xc32/v4.00/bin/bin/../../lib/gcc/pic32c/8.3.1/../../../../pic32c/lib/thumb/v7-a+simd/hard\libc-musl.a(strchrnul.o)
                0x26f09382                strchrnul
                0x26f09382                __strchrnul
 .text.strcpy   0x26f093e2        0xc c:/program files/microchip/xc32/v4.00/bin/bin/../../lib/gcc/pic32c/8.3.1/../../../../pic32c/lib/thumb/v7-a+simd/hard\libc-musl.a(strcpy.o)
                0x26f093e2                strcpy
 .text.strncmp  0x26f093ee       0x24 c:/program files/microchip/xc32/v4.00/bin/bin/../../lib/gcc/pic32c/8.3.1/../../../../pic32c/lib/thumb/v7-a+simd/hard\libc-musl.a(strncmp.o)
                0x26f093ee                strncmp
 *fill*         0x26f09412        0x2 
 .text.strtok   0x26f09414       0x48 c:/program files/microchip/xc32/v4.00/bin/bin/../../lib/gcc/pic32c/8.3.1/../../../../pic32c/lib/thumb/v7-a+simd/hard\libc-musl.a(strtok.o)
                0x26f09414                strtok
 .text.getint   0x26f0945c       0x1e c:/program files/microchip/xc32/v4.00/bin/bin/../../lib/gcc/pic32c/8.3.1/../../../../pic32c/lib/thumb/v7-a+simd/hard\libc-musl.a(__tz.o)
 .text.getoff   0x26f0947a       0x62 c:/program files/microchip/xc32/v4.00/bin/bin/../../lib/gcc/pic32c/8.3.1/../../../../pic32c/lib/thumb/v7-a+simd/hard\libc-musl.a(__tz.o)
 .text.getrule  0x26f094dc       0x68 c:/program files/microchip/xc32/v4.00/bin/bin/../../lib/gcc/pic32c/8.3.1/../../../../pic32c/lib/thumb/v7-a+simd/hard\libc-musl.a(__tz.o)
 .text.getname  0x26f09544       0x4e c:/program files/microchip/xc32/v4.00/bin/bin/../../lib/gcc/pic32c/8.3.1/../../../../pic32c/lib/thumb/v7-a+simd/hard\libc-musl.a(__tz.o)
 *fill*         0x26f09592        0x2 
 .text.do_tzset
                0x26f09594       0xd0 c:/program files/microchip/xc32/v4.00/bin/bin/../../lib/gcc/pic32c/8.3.1/../../../../pic32c/lib/thumb/v7-a+simd/hard\libc-musl.a(__tz.o)
 .text.rule_to_secs
                0x26f09664       0xd4 c:/program files/microchip/xc32/v4.00/bin/bin/../../lib/gcc/pic32c/8.3.1/../../../../pic32c/lib/thumb/v7-a+simd/hard\libc-musl.a(__tz.o)
 .text.__secs_to_zone
                0x26f09738      0x114 c:/program files/microchip/xc32/v4.00/bin/bin/../../lib/gcc/pic32c/8.3.1/../../../../pic32c/lib/thumb/v7-a+simd/hard\libc-musl.a(__tz.o)
                0x26f09738                __secs_to_zone
 .text.mktime   0x26f0984c       0xa0 c:/program files/microchip/xc32/v4.00/bin/bin/../../lib/gcc/pic32c/8.3.1/../../../../pic32c/lib/thumb/v7-a+simd/hard\libc-musl.a(mktime.o)
                0x26f0984c                mktime
 .text.vfprintf
                0x26f098ec       0x1c c:/program files/microchip/xc32/v4.00/bin/bin/../../lib/gcc/pic32c/8.3.1/../../../../pic32c/lib/thumb/v7-a+simd/hard\libc-musl.a(vfprintf.o)
                0x26f098ec                vfprintf
 .text.stpcpy   0x26f09908       0x12 c:/program files/microchip/xc32/v4.00/bin/bin/../../lib/gcc/pic32c/8.3.1/../../../../pic32c/lib/thumb/v7-a+simd/hard\libc-musl.a(stpcpy.o)
                0x26f09908                __stpcpy
                0x26f09908                stpcpy
 .text.strcspn  0x26f0991a       0x76 c:/program files/microchip/xc32/v4.00/bin/bin/../../lib/gcc/pic32c/8.3.1/../../../../pic32c/lib/thumb/v7-a+simd/hard\libc-musl.a(strcspn.o)
                0x26f0991a                strcspn
 .text.strspn   0x26f09990       0x84 c:/program files/microchip/xc32/v4.00/bin/bin/../../lib/gcc/pic32c/8.3.1/../../../../pic32c/lib/thumb/v7-a+simd/hard\libc-musl.a(strspn.o)
                0x26f09990                strspn
 .text.__month_to_secs
                0x26f09a14       0x1c c:/program files/microchip/xc32/v4.00/bin/bin/../../lib/gcc/pic32c/8.3.1/../../../../pic32c/lib/thumb/v7-a+simd/hard\libc-musl.a(__month_to_secs.o)
                0x26f09a14                __month_to_secs
 .text.__secs_to_tm
                0x26f09a30      0x1e8 c:/program files/microchip/xc32/v4.00/bin/bin/../../lib/gcc/pic32c/8.3.1/../../../../pic32c/lib/thumb/v7-a+simd/hard\libc-musl.a(__secs_to_tm.o)
                0x26f09a30                __secs_to_tm
 .text.__tm_to_secs
                0x26f09c18       0x80 c:/program files/microchip/xc32/v4.00/bin/bin/../../lib/gcc/pic32c/8.3.1/../../../../pic32c/lib/thumb/v7-a+simd/hard\libc-musl.a(__tm_to_secs.o)
                0x26f09c18                __tm_to_secs
 .text.__year_to_secs
                0x26f09c98      0x10c c:/program files/microchip/xc32/v4.00/bin/bin/../../lib/gcc/pic32c/8.3.1/../../../../pic32c/lib/thumb/v7-a+simd/hard\libc-musl.a(__year_to_secs.o)
                0x26f09c98                __year_to_secs
 .text.__string_out
                0x26f09da4       0x26 c:/program files/microchip/xc32/v4.00/bin/bin/../../lib/gcc/pic32c/8.3.1/../../../../pic32c/lib/thumb/v7-a+simd/hard\libc-musl.a(__printf_core.o)
                0x26f09da4                __out
 .text.__pad    0x26f09dca       0x7c c:/program files/microchip/xc32/v4.00/bin/bin/../../lib/gcc/pic32c/8.3.1/../../../../pic32c/lib/thumb/v7-a+simd/hard\libc-musl.a(__printf_core.o)
                0x26f09dca                __pad
 *fill*         0x26f09e46        0x2 
 .text.__fmt_state
                0x26f09e48       0x38 c:/program files/microchip/xc32/v4.00/bin/bin/../../lib/gcc/pic32c/8.3.1/../../../../pic32c/lib/thumb/v7-a+simd/hard\libc-musl.a(__printf_core.o)
                0x26f09e48                __fmt_state
 .text.__printf_core
                0x26f09e80      0x2f4 c:/program files/microchip/xc32/v4.00/bin/bin/../../lib/gcc/pic32c/8.3.1/../../../../pic32c/lib/thumb/v7-a+simd/hard\libc-musl.a(__printf_core.o)
                0x26f09e80                __printf_core
 .text.tolower  0x26f0a174        0xe c:/program files/microchip/xc32/v4.00/bin/bin/../../lib/gcc/pic32c/8.3.1/../../../../pic32c/lib/thumb/v7-a+simd/hard\libc-musl.a(tolower.o)
                0x26f0a174                tolower
 *fill*         0x26f0a182        0x6 
 .text.__fmt_a  0x26f0a188      0x3d0 c:/program files/microchip/xc32/v4.00/bin/bin/../../lib/gcc/pic32c/8.3.1/../../../../pic32c/lib/thumb/v7-a+simd/hard\libc-musl.a(__fmt_a.o)
                0x26f0a188                __fmt_a_needed
                0x26f0a188                __fmt_a
 .text.__fmt_d  0x26f0a558       0xa8 c:/program files/microchip/xc32/v4.00/bin/bin/../../lib/gcc/pic32c/8.3.1/../../../../pic32c/lib/thumb/v7-a+simd/hard\libc-musl.a(__fmt_d.o)
                0x26f0a558                __fmt_d
                0x26f0a558                __fmt_d_needed
 .text.__fmt_fp
                0x26f0a600      0x3b8 c:/program files/microchip/xc32/v4.00/bin/bin/../../lib/gcc/pic32c/8.3.1/../../../../pic32c/lib/thumb/v7-a+simd/hard\libc-musl.a(__fmt_fp.o)
                0x26f0a600                __fmt_f_needed
                0x26f0a600                __fmt_fp
 .text.__fmt_o  0x26f0a9b8       0x76 c:/program files/microchip/xc32/v4.00/bin/bin/../../lib/gcc/pic32c/8.3.1/../../../../pic32c/lib/thumb/v7-a+simd/hard\libc-musl.a(__fmt_o.o)
                0x26f0a9b8                __fmt_o
                0x26f0a9b8                __fmt_o_needed
 *fill*         0x26f0aa2e        0x2 
 .text.__fmt_s  0x26f0aa30       0x58 c:/program files/microchip/xc32/v4.00/bin/bin/../../lib/gcc/pic32c/8.3.1/../../../../pic32c/lib/thumb/v7-a+simd/hard\libc-musl.a(__fmt_s.o)
                0x26f0aa30                __fmt_s
                0x26f0aa30                __fmt_0_needed
                0x26f0aa30                __fmt_s_needed
 .text.__cvt_u  0x26f0aa88       0x84 c:/program files/microchip/xc32/v4.00/bin/bin/../../lib/gcc/pic32c/8.3.1/../../../../pic32c/lib/thumb/v7-a+simd/hard\libc-musl.a(__fmt_u.o)
                0x26f0aa88                __cvt_u
 .text.__fmt_u  0x26f0ab0c       0x56 c:/program files/microchip/xc32/v4.00/bin/bin/../../lib/gcc/pic32c/8.3.1/../../../../pic32c/lib/thumb/v7-a+simd/hard\libc-musl.a(__fmt_u.o)
                0x26f0ab0c                __fmt_u_needed
                0x26f0ab0c                __fmt_u
 .text.__fmt_x  0x26f0ab62      0x11a c:/program files/microchip/xc32/v4.00/bin/bin/../../lib/gcc/pic32c/8.3.1/../../../../pic32c/lib/thumb/v7-a+simd/hard\libc-musl.a(__fmt_x.o)
                0x26f0ab62                __fmt_x_needed
                0x26f0ab62                __fmt_x
 .text.__pop_float
                0x26f0ac7c       0x2a c:/program files/microchip/xc32/v4.00/bin/bin/../../lib/gcc/pic32c/8.3.1/../../../../pic32c/lib/thumb/v7-a+simd/hard\libc-musl.a(__pop_float.o)
                0x26f0ac7c                __pop_float_needed
                0x26f0ac7c                __pop_float
 .text.__pop_int
                0x26f0aca6       0xa0 c:/program files/microchip/xc32/v4.00/bin/bin/../../lib/gcc/pic32c/8.3.1/../../../../pic32c/lib/thumb/v7-a+simd/hard\libc-musl.a(__pop_int.o)
                0x26f0aca6                __pop_int_needed
                0x26f0aca6                __pop_int
 .text.__pop_ptr
                0x26f0ad46       0x7c c:/program files/microchip/xc32/v4.00/bin/bin/../../lib/gcc/pic32c/8.3.1/../../../../pic32c/lib/thumb/v7-a+simd/hard\libc-musl.a(__pop_ptr.o)
                0x26f0ad46                __pop_ptr
                0x26f0ad46                __pop_ptr_needed
 .text.toupper  0x26f0adc2        0xe c:/program files/microchip/xc32/v4.00/bin/bin/../../lib/gcc/pic32c/8.3.1/../../../../pic32c/lib/thumb/v7-a+simd/hard\libc-musl.a(toupper.o)
                0x26f0adc2                toupper
 .text.floor    0x26f0add0       0x90 c:/program files/microchip/xc32/v4.00/bin/bin/../../lib/gcc/pic32c/8.3.1/../../../../pic32c/lib/thumb/v7-a+simd/hard\libm-musl.a(floor.o)
                0x26f0add0                floor
 .text.normalize
                0x26f0ae60       0x74 c:/program files/microchip/xc32/v4.00/bin/bin/../../lib/gcc/pic32c/8.3.1/../../../../pic32c/lib/thumb/v7-a+simd/hard\libm-musl.a(fma.o)
 *fill*         0x26f0aed4        0x4 
 .text.fma      0x26f0aed8      0x5b4 c:/program files/microchip/xc32/v4.00/bin/bin/../../lib/gcc/pic32c/8.3.1/../../../../pic32c/lib/thumb/v7-a+simd/hard\libm-musl.a(fma.o)
                0x26f0aed8                fma
 *fill*         0x26f0b48c        0x4 
 .text.scalbn   0x26f0b490       0x7c c:/program files/microchip/xc32/v4.00/bin/bin/../../lib/gcc/pic32c/8.3.1/../../../../pic32c/lib/thumb/v7-a+simd/hard\libm-musl.a(scalbn.o)
                0x26f0b490                scalbn
 .text._sbrk    0x26f0b50c       0x30 c:/program files/microchip/xc32/v4.00/bin/bin/../../lib/gcc/pic32c/8.3.1/../../../../pic32c/lib/thumb/v7-a+simd/hard\libpic32c.a(sbrk.o)
                0x26f0b50c                _sbrk
 .text          0x26f0b53c      0x378 c:/program files/microchip/xc32/v4.00/bin/bin/../../lib/gcc/pic32c/8.3.1/thumb/v7-a+simd/hard\libgcc.a(_arm_addsubdf3.o)
                0x26f0b53c                __aeabi_drsub
                0x26f0b544                __aeabi_dsub
                0x26f0b544                __subdf3
                0x26f0b548                __aeabi_dadd
                0x26f0b548                __adddf3
                0x26f0b7c0                __floatunsidf
                0x26f0b7c0                __aeabi_ui2d
                0x26f0b7e0                __floatsidf
                0x26f0b7e0                __aeabi_i2d
                0x26f0b804                __aeabi_f2d
                0x26f0b804                __extendsfdf2
                0x26f0b848                __floatundidf
                0x26f0b848                __aeabi_ul2d
                0x26f0b858                __floatdidf
                0x26f0b858                __aeabi_l2d
 .text          0x26f0b8b4       0xa0 c:/program files/microchip/xc32/v4.00/bin/bin/../../lib/gcc/pic32c/8.3.1/thumb/v7-a+simd/hard\libgcc.a(_aeabi_ldivmod.o)
                0x26f0b8b4                __aeabi_ldivmod
 *(.rodata .rodata* .gnu.linkonce.r.*)
 .rodata        0x26f0b954      0x124 build/sam_a5d27_som1_winc1500/production/_ext/1971804060/drv_spi.o
 .rodata        0x26f0ba78       0x14 build/sam_a5d27_som1_winc1500/production/_ext/467732753/wdrv_winc_spi.o
 .rodata        0x26f0ba8c      0x37c build/sam_a5d27_som1_winc1500/production/_ext/492885778/m2m_hif.o
 .rodata        0x26f0be08       0xd4 build/sam_a5d27_som1_winc1500/production/_ext/492885778/nmdrv.o
 .rodata        0x26f0bedc      0x35c build/sam_a5d27_som1_winc1500/production/_ext/492885778/m2m_wifi.o
 .rodata        0x26f0c238       0xdc build/sam_a5d27_som1_winc1500/production/_ext/492885778/m2m_ssl.o
 .rodata        0x26f0c314      0x124 build/sam_a5d27_som1_winc1500/production/_ext/492885778/nmasic.o
 .rodata        0x26f0c438      0x664 build/sam_a5d27_som1_winc1500/production/_ext/492885778/nmspi.o
 .rodata.crc7_syndrome_table
                0x26f0ca9c      0x100 build/sam_a5d27_som1_winc1500/production/_ext/492885778/nmspi.o
 .rodata        0x26f0cb9c       0xd4 build/sam_a5d27_som1_winc1500/production/_ext/492885778/m2m_ota.o
 .rodata        0x26f0cc70      0x110 build/sam_a5d27_som1_winc1500/production/_ext/919363165/socket.o
 .rodata        0x26f0cd80       0x74 build/sam_a5d27_som1_winc1500/production/_ext/1528743604/wdrv_winc.o
 .rodata.portNumCb
                0x26f0cdf4        0x8 build/sam_a5d27_som1_winc1500/production/_ext/192053755/plib_pio.o
 .rodata.sysConsoleUARTDevDesc
                0x26f0cdfc       0x2c build/sam_a5d27_som1_winc1500/production/_ext/1238961202/sys_console_uart.o
                0x26f0cdfc                sysConsoleUARTDevDesc
 .rodata.debugInit
                0x26f0ce28        0x4 build/sam_a5d27_som1_winc1500/production/_ext/1420715725/initialization.o
                0x26f0ce28                debugInit
 .rodata.drvSPI0InitData
                0x26f0ce2c       0x30 build/sam_a5d27_som1_winc1500/production/_ext/1420715725/initialization.o
                0x26f0ce2c                drvSPI0InitData
 .rodata.drvSPI0InterruptSources
                0x26f0ce5c       0x18 build/sam_a5d27_som1_winc1500/production/_ext/1420715725/initialization.o
                0x26f0ce5c                drvSPI0InterruptSources
 .rodata.drvSPI0PlibAPI
                0x26f0ce74       0x10 build/sam_a5d27_som1_winc1500/production/_ext/1420715725/initialization.o
                0x26f0ce74                drvSPI0PlibAPI
 .rodata.drvSPI0remapClockPhase
                0x26f0ce84        0x8 build/sam_a5d27_som1_winc1500/production/_ext/1420715725/initialization.o
                0x26f0ce84                drvSPI0remapClockPhase
 .rodata.drvSPI0remapClockPolarity
                0x26f0ce8c        0x8 build/sam_a5d27_som1_winc1500/production/_ext/1420715725/initialization.o
                0x26f0ce8c                drvSPI0remapClockPolarity
 .rodata.drvSPI0remapDataBits
                0x26f0ce94       0x28 build/sam_a5d27_som1_winc1500/production/_ext/1420715725/initialization.o
                0x26f0ce94                drvSPI0remapDataBits
 .rodata.sysConsole0Init
                0x26f0cebc        0xc build/sam_a5d27_som1_winc1500/production/_ext/1420715725/initialization.o
                0x26f0cebc                sysConsole0Init
 .rodata.sysConsole0UARTInitData
                0x26f0cec8        0x4 build/sam_a5d27_som1_winc1500/production/_ext/1420715725/initialization.o
                0x26f0cec8                sysConsole0UARTInitData
 .rodata.sysConsole0UARTPlibAPI
                0x26f0cecc       0x18 build/sam_a5d27_som1_winc1500/production/_ext/1420715725/initialization.o
                0x26f0cecc                sysConsole0UARTPlibAPI
 .rodata.sysTimeInitData
                0x26f0cee4        0x8 build/sam_a5d27_som1_winc1500/production/_ext/1420715725/initialization.o
                0x26f0cee4                sysTimeInitData
 .rodata.sysTimePlibAPI
                0x26f0ceec       0x1c build/sam_a5d27_som1_winc1500/production/_ext/1420715725/initialization.o
                0x26f0ceec                sysTimePlibAPI
 .rodata.wdrvWincInitData
                0x26f0cf08        0x8 build/sam_a5d27_som1_winc1500/production/_ext/1420715725/initialization.o
 .rodata        0x26f0cf10      0x340 build/sam_a5d27_som1_winc1500/production/_ext/1360937237/example.o
 .rodata        0x26f0d250       0x5c c:/program files/microchip/xc32/v4.00/bin/bin/../../lib/gcc/pic32c/8.3.1/../../../../pic32c/lib/thumb/v7-a+simd/hard\libc-musl.a(malloc.o)
 .rodata        0x26f0d2ac        0x4 c:/program files/microchip/xc32/v4.00/bin/bin/../../lib/gcc/pic32c/8.3.1/../../../../pic32c/lib/thumb/v7-a+simd/hard\libc-musl.a(__tz.o)
                0x26f0d2ac                __gmt
 .rodata        0x26f0d2b0       0x30 c:/program files/microchip/xc32/v4.00/bin/bin/../../lib/gcc/pic32c/8.3.1/../../../../pic32c/lib/thumb/v7-a+simd/hard\libc-musl.a(__month_to_secs.o)
 .rodata        0x26f0d2e0        0xc c:/program files/microchip/xc32/v4.00/bin/bin/../../lib/gcc/pic32c/8.3.1/../../../../pic32c/lib/thumb/v7-a+simd/hard\libc-musl.a(__secs_to_tm.o)
 .rodata        0x26f0d2ec       0x1c c:/program files/microchip/xc32/v4.00/bin/bin/../../lib/gcc/pic32c/8.3.1/../../../../pic32c/lib/thumb/v7-a+simd/hard\libc-musl.a(__printf_core.o)
 .rodata        0x26f0d308       0x10 c:/program files/microchip/xc32/v4.00/bin/bin/../../lib/gcc/pic32c/8.3.1/../../../../pic32c/lib/thumb/v7-a+simd/hard\libc-musl.a(__fmt_a.o)
 .rodata        0x26f0d318       0x10 c:/program files/microchip/xc32/v4.00/bin/bin/../../lib/gcc/pic32c/8.3.1/../../../../pic32c/lib/thumb/v7-a+simd/hard\libc-musl.a(__fmt_fp.o)
 .rodata        0x26f0d328        0x7 c:/program files/microchip/xc32/v4.00/bin/bin/../../lib/gcc/pic32c/8.3.1/../../../../pic32c/lib/thumb/v7-a+simd/hard\libc-musl.a(__fmt_s.o)
 *(.ARM.extab* .gnu.linkonce.armextab.*)
                0x26f0d330                . = ALIGN (0x4)
 *fill*         0x26f0d32f        0x1 
 *(.init)
 .init          0x26f0d330        0x4 c:/program files/microchip/xc32/v4.00/bin/bin/../../lib/gcc/pic32c/8.3.1/thumb/v7-a+simd/hard/crti.o
                0x26f0d330                _init
 .init          0x26f0d334        0x8 c:/program files/microchip/xc32/v4.00/bin/bin/../../lib/gcc/pic32c/8.3.1/thumb/v7-a+simd/hard/crtn.o
                0x26f0d33c                . = ALIGN (0x4)
                0x26f0d33c                __preinit_array_start = .
 *(.preinit_array)
                0x26f0d33c                __preinit_array_end = .
                0x26f0d33c                . = ALIGN (0x4)
                0x26f0d33c                __init_array_start = .
 *(SORT_BY_NAME(.init_array.*))
 *(.init_array)
 .init_array    0x26f0d33c        0x4 c:/program files/microchip/xc32/v4.00/bin/bin/../../lib/gcc/pic32c/8.3.1/thumb/v7-a+simd/hard/crtbegin.o
                0x26f0d340                __init_array_end = .
                0x26f0d340                . = ALIGN (0x4)
 *crtbegin.o(.ctors)
 *(EXCLUDE_FILE(*crtend.o) .ctors)
 *(SORT_BY_NAME(.ctors.*))
 *crtend.o(.ctors)
                0x26f0d340                . = ALIGN (0x4)
 *(.fini)
 .fini          0x26f0d340        0x4 c:/program files/microchip/xc32/v4.00/bin/bin/../../lib/gcc/pic32c/8.3.1/thumb/v7-a+simd/hard/crti.o
                0x26f0d340                _fini
 .fini          0x26f0d344        0x8 c:/program files/microchip/xc32/v4.00/bin/bin/../../lib/gcc/pic32c/8.3.1/thumb/v7-a+simd/hard/crtn.o
                0x26f0d34c                . = ALIGN (0x4)
                0x26f0d34c                __fini_array_start = .
 *(.fini_array)
 .fini_array    0x26f0d34c        0x4 c:/program files/microchip/xc32/v4.00/bin/bin/../../lib/gcc/pic32c/8.3.1/thumb/v7-a+simd/hard/crtbegin.o
 *(SORT_BY_NAME(.fini_array.*))
                0x26f0d350                __fini_array_end = .
 *crtbegin.o(.dtors)
 *(EXCLUDE_FILE(*crtend.o) .dtors)
 *(SORT_BY_NAME(.dtors.*))
 *crtend.o(.dtors)
 *(.dinit*)
                0x26f0d350                . = ALIGN (0x4)

.data           0x26f0d350       0x80
 *(.data .data.*)
 .data.egstrNmBusCapabilities
                0x26f0d350        0x2 build/sam_a5d27_som1_winc1500/production/_ext/492885778/nmbus.o
                0x26f0d350                egstrNmBusCapabilities
 *fill*         0x26f0d352        0x2 
 .data.gu321xTlsHsFlags
                0x26f0d354        0x4 build/sam_a5d27_som1_winc1500/production/_ext/492885778/m2m_wifi.o
 .data.genuStatus
                0x26f0d358        0x1 build/sam_a5d27_som1_winc1500/production/_ext/492885778/m2m_ssl.o
 .data.gu8CurrFileHandlerID
                0x26f0d359        0x1 build/sam_a5d27_som1_winc1500/production/_ext/492885778/m2m_ota.o
 .data.gSysTimeTokenCount
                0x26f0d35a        0x2 build/sam_a5d27_som1_winc1500/production/_ext/668867648/sys_time.o
 .data.irqData  0x26f0d35c       0x64 build/sam_a5d27_som1_winc1500/production/_ext/1420715725/interrupts.o
                0x26f0d35c                irqData
 .data.irqDataEntryCount
                0x26f0d3c0        0x4 build/sam_a5d27_som1_winc1500/production/_ext/1420715725/interrupts.o
                0x26f0d3c0                irqDataEntryCount
 .data.serverSocket
                0x26f0d3c4        0x1 build/sam_a5d27_som1_winc1500/production/_ext/1360937237/example.o
 .data.tcp_client_socket
                0x26f0d3c5        0x1 build/sam_a5d27_som1_winc1500/production/_ext/1360937237/example.o
 *fill*         0x26f0d3c6        0x2 
 .data          0x26f0d3c8        0x8 c:/program files/microchip/xc32/v4.00/bin/bin/../../lib/gcc/pic32c/8.3.1/../../../../pic32c/lib/thumb/v7-a+simd/hard\libc-musl.a(__tz.o)
                0x26f0d3d0                . = ALIGN (0x4)
                0x26f0d3d0                _efixed = .
                [!provide]                PROVIDE (__exidx_start = .)

.ARM.exidx      0x26f0d3d0        0x8
 *(.ARM.exidx* .gnu.linkonce.armexidx.*)
 .ARM.exidx     0x26f0d3d0        0x8 c:/program files/microchip/xc32/v4.00/bin/bin/../../lib/gcc/pic32c/8.3.1/thumb/v7-a+simd/hard\libgcc.a(_udivmoddi4.o)
                [!provide]                PROVIDE (__exidx_end = .)
                0x26f0d3d8                . = ALIGN (0x4)
                0x26f0d3d8                _etext = .

.relocate       0x00200000       0x3c load address 0x26f0d3d8
                0x00200000                . = ALIGN (0x4)
                0x00200000                _srelocate = .
 *(.vectors .vectors.*)
 .vectors       0x00200000       0x3c build/sam_a5d27_som1_winc1500/production/_ext/1420715725/cstartup.o
 *(.ramfunc)
                0x0020003c                . = ALIGN (0x4)
                0x0020003c                _erelocate = .

.region_cache_aligned_const
                0x26f0d414        0xc
                0x26f0d420                . = ALIGN (0x20)
 *fill*         0x26f0d414        0xc 
 *(.region_cache_aligned_const .region_cache_aligned_const.*)
                0x26f0d420                . = ALIGN (0x20)

.region_sram    0x0020003c        0x0
                0x0020003c                . = ALIGN (0x4)
 *(.region_sram .region_sram.*)

.region_ram     0x26f0d420        0x0
                0x26f0d420                . = ALIGN (0x4)
 *(.region_ram .region_ram.*)

.region_nocache
                0x20000000        0x0
                0x20000000                . = ALIGN (0x4)
 *(.region_nocache .region_nocache.*)

.bss            0x26f10000     0x8ecc
                0x26f10000                . = ALIGN (0x4)
                0x26f10000                _szero = .
 *(.bss .bss.*)
 .bss           0x26f10000       0x1c c:/program files/microchip/xc32/v4.00/bin/bin/../../lib/gcc/pic32c/8.3.1/thumb/v7-a+simd/hard/crtbegin.o
 .bss.gDrvSPIObj
                0x26f1001c       0x6c build/sam_a5d27_som1_winc1500/production/_ext/1971804060/drv_spi.o
 *fill*         0x26f10088       0x18 
 .bss.txDummyData
                0x26f100a0       0x20 build/sam_a5d27_som1_winc1500/production/_ext/1971804060/drv_spi.o
 .bss.dummy.11539
                0x26f100c0        0x1 build/sam_a5d27_som1_winc1500/production/_ext/467732753/wdrv_winc_spi.o
 *fill*         0x26f100c1        0x3 
 .bss.spiDcpt   0x26f100c4       0x14 build/sam_a5d27_som1_winc1500/production/_ext/467732753/wdrv_winc_spi.o
 .bss.gstrHifCxt
                0x26f100d8       0x28 build/sam_a5d27_som1_winc1500/production/_ext/492885778/m2m_hif.o
                0x26f100d8                gstrHifCxt
 .bss.hifSemaphore
                0x26f10100        0x1 build/sam_a5d27_som1_winc1500/production/_ext/492885778/m2m_hif.o
 *fill*         0x26f10101        0x3 
 .bss.gau81xRootSha1
                0x26f10104       0x14 build/sam_a5d27_som1_winc1500/production/_ext/492885778/m2m_wifi.o
 .bss.gau8ethRcvBuf
                0x26f10118        0x4 build/sam_a5d27_som1_winc1500/production/_ext/492885778/m2m_wifi.o
 .bss.gpfAppEthCb
                0x26f1011c        0x4 build/sam_a5d27_som1_winc1500/production/_ext/492885778/m2m_wifi.o
 .bss.gpfAppWifiCb
                0x26f10120        0x4 build/sam_a5d27_som1_winc1500/production/_ext/492885778/m2m_wifi.o
 .bss.gu16ethRcvBufSize
                0x26f10124        0x2 build/sam_a5d27_som1_winc1500/production/_ext/492885778/m2m_wifi.o
 .bss.gu8ChNum  0x26f10126        0x1 build/sam_a5d27_som1_winc1500/production/_ext/492885778/m2m_wifi.o
 .bss.gu8WifiState
                0x26f10127        0x1 build/sam_a5d27_som1_winc1500/production/_ext/492885778/m2m_wifi.o
 .bss.gu8scanInProgress
                0x26f10128        0x1 build/sam_a5d27_som1_winc1500/production/_ext/492885778/m2m_wifi.o
 *fill*         0x26f10129        0x3 
 .bss.gpfAppSSLCb
                0x26f1012c        0x4 build/sam_a5d27_som1_winc1500/production/_ext/492885778/m2m_ssl.o
 .bss.gu32HIFAddr
                0x26f10130        0x4 build/sam_a5d27_som1_winc1500/production/_ext/492885778/m2m_ssl.o
 .bss.chipid.11184
                0x26f10134        0x4 build/sam_a5d27_som1_winc1500/production/_ext/492885778/nmasic.o
 .bss.gu8Crc_off
                0x26f10138        0x1 build/sam_a5d27_som1_winc1500/production/_ext/492885778/nmspi.o
 .bss.s_spiLock
                0x26f10139        0x1 build/sam_a5d27_som1_winc1500/production/_ext/492885778/nmspi.o
 *fill*         0x26f1013a        0x2 
 .bss.FileBlock
                0x26f1013c        0x8 build/sam_a5d27_som1_winc1500/production/_ext/492885778/m2m_ota.o
 .bss.gpfHFDEraseCb
                0x26f10144        0x4 build/sam_a5d27_som1_winc1500/production/_ext/492885778/m2m_ota.o
 .bss.gpfHFDGetCb
                0x26f10148        0x4 build/sam_a5d27_som1_winc1500/production/_ext/492885778/m2m_ota.o
 .bss.gpfHFDReadCb
                0x26f1014c        0x4 build/sam_a5d27_som1_winc1500/production/_ext/492885778/m2m_ota.o
 .bss.gpfOtaNotifCb
                0x26f10150        0x4 build/sam_a5d27_som1_winc1500/production/_ext/492885778/m2m_ota.o
 .bss.gpfOtaUpdateCb
                0x26f10154        0x4 build/sam_a5d27_som1_winc1500/production/_ext/492885778/m2m_ota.o
 .bss.u32FlashHFDSize.11717
                0x26f10158        0x4 build/sam_a5d27_som1_winc1500/production/_ext/492885778/m2m_ota.o
 .bss.u32FlashHFDStart.11716
                0x26f1015c        0x4 build/sam_a5d27_som1_winc1500/production/_ext/492885778/m2m_ota.o
 .bss.gastrSockets
                0x26f10160       0xb0 build/sam_a5d27_som1_winc1500/production/_ext/919363165/socket.o
                0x26f10160                gastrSockets
 .bss.gbSocketInit
                0x26f10210        0x1 build/sam_a5d27_som1_winc1500/production/_ext/919363165/socket.o
                0x26f10210                gbSocketInit
 *fill*         0x26f10211        0x3 
 .bss.gfpPingCb
                0x26f10214        0x4 build/sam_a5d27_som1_winc1500/production/_ext/919363165/socket.o
 .bss.gpfAppResolveCb
                0x26f10218        0x4 build/sam_a5d27_som1_winc1500/production/_ext/919363165/socket.o
                0x26f10218                gpfAppResolveCb
 .bss.gpfAppSocketCb
                0x26f1021c        0x4 build/sam_a5d27_som1_winc1500/production/_ext/919363165/socket.o
                0x26f1021c                gpfAppSocketCb
 .bss.gu16SessionID
                0x26f10220        0x2 build/sam_a5d27_som1_winc1500/production/_ext/919363165/socket.o
                0x26f10220                gu16SessionID
 *fill*         0x26f10222        0x2 
 .bss.gu32PingId
                0x26f10224        0x4 build/sam_a5d27_som1_winc1500/production/_ext/919363165/socket.o
 .bss.u8NextTcpSock.11497
                0x26f10228        0x1 build/sam_a5d27_som1_winc1500/production/_ext/919363165/socket.o
 .bss.u8NextUdpSock.11498
                0x26f10229        0x1 build/sam_a5d27_som1_winc1500/production/_ext/919363165/socket.o
 *fill*         0x26f1022a        0x2 
 .bss.wincCtrlDescriptor
                0x26f1022c      0x100 build/sam_a5d27_som1_winc1500/production/_ext/1528743604/wdrv_winc.o
 .bss.wincDescriptor
                0x26f1032c       0x10 build/sam_a5d27_som1_winc1500/production/_ext/1528743604/wdrv_winc.o
 .bss.flexcom4SpiObj
                0x26f1033c       0x2c build/sam_a5d27_som1_winc1500/production/_ext/1834821283/plib_flexcom4_spi_master.o
                0x26f1033c                flexcom4SpiObj
 .bss.isLastByteTransferInProgress.8330
                0x26f10368        0x1 build/sam_a5d27_som1_winc1500/production/_ext/1834821283/plib_flexcom4_spi_master.o
 *fill*         0x26f10369     0x3c97 
 .bss.tlb       0x26f14000     0x4000 build/sam_a5d27_som1_winc1500/production/_ext/192056508/plib_mmu.o
 .bss.portPinCbObj
                0x26f18000        0xc build/sam_a5d27_som1_winc1500/production/_ext/192053755/plib_pio.o
 .bss.TC0_CH0_CallbackObj
                0x26f1800c        0x8 build/sam_a5d27_som1_winc1500/production/_ext/6195168/plib_tc0.o
 .bss.UART1_ReadBuffer
                0x26f18014       0x80 build/sam_a5d27_som1_winc1500/production/_ext/1658557633/plib_uart1.o
 .bss.UART1_WriteBuffer
                0x26f18094      0x12c build/sam_a5d27_som1_winc1500/production/_ext/1658557633/plib_uart1.o
 .bss.uart1Obj  0x26f181c0       0x38 build/sam_a5d27_som1_winc1500/production/_ext/1658557633/plib_uart1.o
                0x26f181c0                uart1Obj
 .bss.xdmacChannelObj
                0x26f181f8       0x20 build/sam_a5d27_som1_winc1500/production/_ext/127175570/plib_xdmac0.o
                0x26f181f8                xdmacChannelObj
 .bss.consoleDeviceInstance
                0x26f18218        0xc build/sam_a5d27_som1_winc1500/production/_ext/1238961202/sys_console.o
 .bss.consolePrintBuffer
                0x26f18224       0xc8 build/sam_a5d27_som1_winc1500/production/_ext/1238961202/sys_console.o
 .bss.consolePrintBufferMutex
                0x26f182ec        0x1 build/sam_a5d27_som1_winc1500/production/_ext/1238961202/sys_console.o
 .bss.isConsoleMutexCreated
                0x26f182ed        0x1 build/sam_a5d27_som1_winc1500/production/_ext/1238961202/sys_console.o
 *fill*         0x26f182ee        0x2 
 .bss.gConsoleUartData
                0x26f182f0        0x8 build/sam_a5d27_som1_winc1500/production/_ext/1238961202/sys_console_uart.o
 .bss.gblErrLvl
                0x26f182f8        0x1 build/sam_a5d27_som1_winc1500/production/_ext/931592374/sys_debug.o
                0x26f182f8                gblErrLvl
 *fill*         0x26f182f9        0x3 
 .bss.sysDebugInstance
                0x26f182fc        0x4 build/sam_a5d27_som1_winc1500/production/_ext/931592374/sys_debug.o
 .bss.gSystemCounterObj
                0x26f18300       0x38 build/sam_a5d27_som1_winc1500/production/_ext/668867648/sys_time.o
 .bss.timers    0x26f18338       0xa0 build/sam_a5d27_som1_winc1500/production/_ext/668867648/sys_time.o
 .bss.spuriousEventCount
                0x26f183d8        0x4 build/sam_a5d27_som1_winc1500/production/_ext/1420715725/interrupts.o
                0x26f183d8                spuriousEventCount
 .bss.drvSPI0ClientObjPool
                0x26f183dc       0x28 build/sam_a5d27_som1_winc1500/production/_ext/1420715725/initialization.o
 .bss.drvSPI0TransferObjPool
                0x26f18404       0x90 build/sam_a5d27_som1_winc1500/production/_ext/1420715725/initialization.o
 .bss.sysObj    0x26f18494       0x14 build/sam_a5d27_som1_winc1500/production/_ext/1420715725/initialization.o
                0x26f18494                sysObj
 .bss.wdrvWincSpiInitData
                0x26f184a8        0x2 build/sam_a5d27_som1_winc1500/production/_ext/1420715725/initialization.o
 *fill*         0x26f184aa        0x2 
 .bss.appData   0x26f184ac        0x8 build/sam_a5d27_som1_winc1500/production/_ext/1360937237/app.o
                0x26f184ac                appData
 .bss.wdrvHandle
                0x26f184b4        0x4 build/sam_a5d27_som1_winc1500/production/_ext/1360937237/app.o
 .bss.authCtx   0x26f184b8      0x170 build/sam_a5d27_som1_winc1500/production/_ext/1360937237/example.o
 .bss.bssCtx    0x26f18628       0x2a build/sam_a5d27_som1_winc1500/production/_ext/1360937237/example.o
 *fill*         0x26f18652        0x2 
 .bss.recvBuffer
                0x26f18654      0x5b4 build/sam_a5d27_som1_winc1500/production/_ext/1360937237/example.o
 .bss.state     0x26f18c08        0x1 build/sam_a5d27_som1_winc1500/production/_ext/1360937237/example.o
 *fill*         0x26f18c09        0x3 
 .bss           0x26f18c0c       0x50 c:/program files/microchip/xc32/v4.00/bin/bin/../../lib/gcc/pic32c/8.3.1/../../../../pic32c/lib/thumb/v7-a+simd/hard\libc-musl.a(libc.o)
                0x26f18c0c                __progname_full
                0x26f18c0c                program_invocation_name
                0x26f18c10                program_invocation_short_name
                0x26f18c10                __progname
                0x26f18c14                __sysinfo
                0x26f18c18                __hwcap
                0x26f18c1c                __libc
 *fill*         0x26f18c5c        0x4 
 .bss           0x26f18c60      0x20c c:/program files/microchip/xc32/v4.00/bin/bin/../../lib/gcc/pic32c/8.3.1/../../../../pic32c/lib/thumb/v7-a+simd/hard\libc-musl.a(malloc.o)
 .bss           0x26f18e6c        0x4 c:/program files/microchip/xc32/v4.00/bin/bin/../../lib/gcc/pic32c/8.3.1/../../../../pic32c/lib/thumb/v7-a+simd/hard\libc-musl.a(strtok.o)
 .bss           0x26f18e70       0x50 c:/program files/microchip/xc32/v4.00/bin/bin/../../lib/gcc/pic32c/8.3.1/../../../../pic32c/lib/thumb/v7-a+simd/hard\libc-musl.a(__tz.o)
                0x26f18e78                __tzname
                0x26f18e78                tzname
                0x26f18e80                timezone
                0x26f18e80                __timezone
                0x26f18e8c                daylight
                0x26f18e8c                __daylight
 .bss           0x26f18ec0        0x4 c:/program files/microchip/xc32/v4.00/bin/bin/../../lib/gcc/pic32c/8.3.1/../../../../pic32c/lib/thumb/v7-a+simd/hard\libc-musl.a(__environ.o)
                0x26f18ec0                __environ
                0x26f18ec0                environ
                0x26f18ec0                ___environ
                0x26f18ec0                _environ
 .bss           0x26f18ec4        0x4 c:/program files/microchip/xc32/v4.00/bin/bin/../../lib/gcc/pic32c/8.3.1/../../../../pic32c/lib/thumb/v7-a+simd/hard\libc-musl.a(__errno_location.o)
                0x26f18ec4                __errno_val
 .bss           0x26f18ec8        0x4 c:/program files/microchip/xc32/v4.00/bin/bin/../../lib/gcc/pic32c/8.3.1/../../../../pic32c/lib/thumb/v7-a+simd/hard\libpic32c.a(sbrk.o)
 *(COMMON)
                0x26f18ecc                . = ALIGN (0x4)
                0x26f18ecc                _ezero = .

.region_cache_aligned
                0x26f18ecc       0x14
                0x26f18ee0                . = ALIGN (0x20)
 *fill*         0x26f18ecc       0x14 
 *(.region_cache_aligned .region_cache_aligned.*)
                0x26f18ee0                . = ALIGN (0x20)

.stacks         0x26f18ee0     0x2140
                0x26f18f40                . = (. + IRQ_STACK_SIZE)
 *fill*         0x26f18ee0       0x60 
                0x26f18f40                . = ALIGN (0x8)
                0x26f18f40                _irqstack = .
                0x26f18fa0                . = (. + FIQ_STACK_SIZE)