Archive member included to satisfy reference by file (symbol)

c:/program files/microchip/xc32/v4.00/bin/bin/../../lib/gcc/pic32c/8.3.1/thumb/v7-a+simd/hard\libgcc.a(_udivsi3.o)
                              build/sam_a5d27_som1_winc1500/production/_ext/1834821283/plib_flexcom4_spi_master.o (__aeabi_uidiv)
c:/program files/microchip/xc32/v4.00/bin/bin/../../lib/gcc/pic32c/8.3.1/thumb/v7-a+simd/hard\libgcc.a(_divsi3.o)
                              build/sam_a5d27_som1_winc1500/production/_ext/668867648/sys_time.o (__aeabi_idiv)
c:/program files/microchip/xc32/v4.00/bin/bin/../../lib/gcc/pic32c/8.3.1/thumb/v7-a+simd/hard\libgcc.a(_dvmd_tls.o)
                              c:/program files/microchip/xc32/v4.00/bin/bin/../../lib/gcc/pic32c/8.3.1/thumb/v7-a+simd/hard\libgcc.a(_udivsi3.o) (__aeabi_idiv0)
c:/program files/microchip/xc32/v4.00/bin/bin/../../lib/gcc/pic32c/8.3.1/thumb/v7-a+simd/hard\libgcc.a(_aeabi_uldivmod.o)
                              build/sam_a5d27_som1_winc1500/production/_ext/668867648/sys_time.o (__aeabi_uldivmod)
c:/program files/microchip/xc32/v4.00/bin/bin/../../lib/gcc/pic32c/8.3.1/thumb/v7-a+simd/hard\libgcc.a(_udivmoddi4.o)
                              c:/program files/microchip/xc32/v4.00/bin/bin/../../lib/gcc/pic32c/8.3.1/thumb/v7-a+simd/hard\libgcc.a(_aeabi_uldivmod.o) (__udivmoddi4)
c:/program files/microchip/xc32/v4.00/bin/bin/../../lib/gcc/pic32c/8.3.1/../../../../pic32c/lib/thumb/v7-a+simd/hard\libc-musl.a(__libc_start_main.o)
                              build/sam_a5d27_som1_winc1500/production/_ext/1420715725/cstartup.o (__libc_init_array)
c:/program files/microchip/xc32/v4.00/bin/bin/../../lib/gcc/pic32c/8.3.1/../../../../pic32c/lib/thumb/v7-a+simd/hard\libc-musl.a(libc.o)
                              c:/program files/microchip/xc32/v4.00/bin/bin/../../lib/gcc/pic32c/8.3.1/../../../../pic32c/lib/thumb/v7-a+simd/hard\libc-musl.a(__libc_start_main.o) (__progname_full)
c:/program files/microchip/xc32/v4.00/bin/bin/../../lib/gcc/pic32c/8.3.1/../../../../pic32c/lib/thumb/v7-a+simd/hard\libc-musl.a(malloc.o)
                              build/sam_a5d27_som1_winc1500/production/_ext/492885778/m2m_wifi.o (free)
c:/program files/microchip/xc32/v4.00/bin/bin/../../lib/gcc/pic32c/8.3.1/../../../../pic32c/lib/thumb/v7-a+simd/hard\libc-musl.a(expand_heap.o)
                              c:/program files/microchip/xc32/v4.00/bin/bin/../../lib/gcc/pic32c/8.3.1/../../../../pic32c/lib/thumb/v7-a+simd/hard\libc-musl.a(malloc.o) (__expand_heap)
c:/program files/microchip/xc32/v4.00/bin/bin/../../lib/gcc/pic32c/8.3.1/../../../../pic32c/lib/thumb/v7-a+simd/hard\libc-musl.a(vsnprintf.o)
                              build/sam_a5d27_som1_winc1500/production/_ext/1238961202/sys_console.o (vsnprintf)
c:/program files/microchip/xc32/v4.00/bin/bin/../../lib/gcc/pic32c/8.3.1/../../../../pic32c/lib/thumb/v7-a+simd/hard\libc-musl.a(sprintf.o)
                              (sprintf)
c:/program files/microchip/xc32/v4.00/bin/bin/../../lib/gcc/pic32c/8.3.1/../../../../pic32c/lib/thumb/v7-a+simd/hard\libc-musl.a(vsprintf.o)
                              c:/program files/microchip/xc32/v4.00/bin/bin/../../lib/gcc/pic32c/8.3.1/../../../../pic32c/lib/thumb/v7-a+simd/hard\libc-musl.a(sprintf.o) (vsprintf)
c:/program files/microchip/xc32/v4.00/bin/bin/../../lib/gcc/pic32c/8.3.1/../../../../pic32c/lib/thumb/v7-a+simd/hard\libc-musl.a(memcpy.o)
                              build/sam_a5d27_som1_winc1500/production/_ext/492885778/m2m_wifi.o (memcpy)
c:/program files/microchip/xc32/v4.00/bin/bin/../../lib/gcc/pic32c/8.3.1/../../../../pic32c/lib/thumb/v7-a+simd/hard\libc-musl.a(memset.o)
                              build/sam_a5d27_som1_winc1500/production/_ext/492885778/m2m_wifi.o (memset)
c:/program files/microchip/xc32/v4.00/bin/bin/../../lib/gcc/pic32c/8.3.1/../../../../pic32c/lib/thumb/v7-a+simd/hard\libc-musl.a(strlen.o)
                              build/sam_a5d27_som1_winc1500/production/_ext/492885778/m2m_wifi.o (strlen)
c:/program files/microchip/xc32/v4.00/bin/bin/../../lib/gcc/pic32c/8.3.1/../../../../pic32c/lib/thumb/v7-a+simd/hard\libc-musl.a(strchr.o)
                              build/sam_a5d27_som1_winc1500/production/_ext/1528743604/wdrv_winc_sta.o (strchr)
c:/program files/microchip/xc32/v4.00/bin/bin/../../lib/gcc/pic32c/8.3.1/../../../../pic32c/lib/thumb/v7-a+simd/hard\libc-musl.a(strchrnul.o)
                              c:/program files/microchip/xc32/v4.00/bin/bin/../../lib/gcc/pic32c/8.3.1/../../../../pic32c/lib/thumb/v7-a+simd/hard\libc-musl.a(strchr.o) (__strchrnul)
c:/program files/microchip/xc32/v4.00/bin/bin/../../lib/gcc/pic32c/8.3.1/../../../../pic32c/lib/thumb/v7-a+simd/hard\libc-musl.a(gmtime.o)
                              build/sam_a5d27_som1_winc1500/production/_ext/1528743604/wdrv_winc_systime.o (gmtime)
c:/program files/microchip/xc32/v4.00/bin/bin/../../lib/gcc/pic32c/8.3.1/../../../../pic32c/lib/thumb/v7-a+simd/hard\libc-musl.a(gmtime_r.o)
[...]
Memory Configuration

Name             Origin             Length             Attributes
sram             0x00200000         0x00020000         !xrw
ram              0x21000000         0x07000000         xrw
ram_nocache      0x20000000         0x01000000         !xrw
rom              0x00000000         0x00000000         xrl
*default*        0x00000000         0xffffffff

Linker script and memory map

LOAD c:/program files/microchip/xc32/v4.00/bin/bin/../../lib/gcc/pic32c/8.3.1/thumb/v7-a+simd/hard/crti.o
LOAD c:/program files/microchip/xc32/v4.00/bin/bin/../../lib/gcc/pic32c/8.3.1/thumb/v7-a+simd/hard/crtbegin.o
LOAD build/sam_a5d27_som1_winc1500/production/_ext/1971804060/drv_spi.o
LOAD build/sam_a5d27_som1_winc1500/production/_ext/1615170836/wdrv_winc_eint.o
LOAD build/sam_a5d27_som1_winc1500/production/_ext/1615170836/wdrv_winc_gpio.o
LOAD build/sam_a5d27_som1_winc1500/production/_ext/467732753/wdrv_winc_spi.o
LOAD build/sam_a5d27_som1_winc1500/production/_ext/461596885/nm_common.o
LOAD build/sam_a5d27_som1_winc1500/production/_ext/492885778/m2m_hif.o
LOAD build/sam_a5d27_som1_winc1500/production/_ext/492885778/nmbus.o
LOAD build/sam_a5d27_som1_winc1500/production/_ext/492885778/nmdrv.o
LOAD build/sam_a5d27_som1_winc1500/production/_ext/492885778/m2m_wifi.o
LOAD build/sam_a5d27_som1_winc1500/production/_ext/492885778/m2m_ssl.o
LOAD build/sam_a5d27_som1_winc1500/production/_ext/492885778/nmasic.o
LOAD build/sam_a5d27_som1_winc1500/production/_ext/492885778/nmspi.o
LOAD build/sam_a5d27_som1_winc1500/production/_ext/492885778/m2m_periph.o
LOAD build/sam_a5d27_som1_winc1500/production/_ext/492885778/m2m_ota.o
LOAD build/sam_a5d27_som1_winc1500/production/_ext/919363165/inet_addr.o
LOAD build/sam_a5d27_som1_winc1500/production/_ext/919363165/inet_ntop.o
LOAD build/sam_a5d27_som1_winc1500/production/_ext/919363165/socket.o
LOAD build/sam_a5d27_som1_winc1500/production/_ext/2123267981/flexible_flash.o
LOAD build/sam_a5d27_som1_winc1500/production/_ext/2123267981/spi_flash.o
LOAD build/sam_a5d27_som1_winc1500/production/_ext/141899762/wdrv_winc_osal.o
LOAD build/sam_a5d27_som1_winc1500/production/_ext/1528743604/wdrv_winc_sta.o
LOAD build/sam_a5d27_som1_winc1500/production/_ext/1528743604/wdrv_winc_wps.o
LOAD build/sam_a5d27_som1_winc1500/production/_ext/1528743604/wdrv_winc_authctx.o
LOAD build/sam_a5d27_som1_winc1500/production/_ext/1528743604/wdrv_winc_bssfind.o
LOAD build/sam_a5d27_som1_winc1500/production/_ext/1528743604/wdrv_winc_host_file.o
LOAD build/sam_a5d27_som1_winc1500/production/_ext/1528743604/wdrv_winc_softap.o
LOAD build/sam_a5d27_som1_winc1500/production/_ext/1528743604/wdrv_winc_ssl.o
LOAD build/sam_a5d27_som1_winc1500/production/_ext/1528743604/wdrv_winc_systime.o
LOAD build/sam_a5d27_som1_winc1500/production/_ext/1528743604/wdrv_winc_socket.o
LOAD build/sam_a5d27_som1_winc1500/production/_ext/1528743604/wdrv_winc_bssctx.o
LOAD build/sam_a5d27_som1_winc1500/production/_ext/1528743604/wdrv_winc_nvm.o
LOAD build/sam_a5d27_som1_winc1500/production/_ext/1528743604/wdrv_winc_custie.o
LOAD build/sam_a5d27_som1_winc1500/production/_ext/1528743604/wdrv_winc_httpprovctx.o
LOAD build/sam_a5d27_som1_winc1500/production/_ext/1528743604/wdrv_winc_enterprise.o
LOAD build/sam_a5d27_som1_winc1500/production/_ext/1528743604/wdrv_winc_powersave.o
LOAD build/sam_a5d27_som1_winc1500/production/_ext/1528743604/wdrv_winc.o
LOAD build/sam_a5d27_som1_winc1500/production/_ext/1528743604/wdrv_winc_assoc.o
LOAD build/sam_a5d27_som1_winc1500/production/_ext/192068182/plib_aic.o
LOAD build/sam_a5d27_som1_winc1500/production/_ext/192066159/plib_clk.o
LOAD build/sam_a5d27_som1_winc1500/production/_ext/1834821283/plib_flexcom4_spi_master.o
LOAD build/sam_a5d27_som1_winc1500/production/_ext/669990670/plib_matrix.o
LOAD build/sam_a5d27_som1_winc1500/production/_ext/192056508/plib_mmu.o
LOAD build/sam_a5d27_som1_winc1500/production/_ext/192053755/plib_pio.o
LOAD build/sam_a5d27_som1_winc1500/production/_ext/6195168/plib_tc0.o
LOAD build/sam_a5d27_som1_winc1500/production/_ext/1658557633/plib_uart1.o
LOAD build/sam_a5d27_som1_winc1500/production/_ext/127175570/plib_xdmac0.o
LOAD build/sam_a5d27_som1_winc1500/production/_ext/149286087/xc32_monitor.o
LOAD build/sam_a5d27_som1_winc1500/production/_ext/710391900/sys_cache.o
LOAD build/sam_a5d27_som1_winc1500/production/_ext/1238961202/sys_console.o
LOAD build/sam_a5d27_som1_winc1500/production/_ext/1238961202/sys_console_uart.o
LOAD build/sam_a5d27_som1_winc1500/production/_ext/931592374/sys_debug.o
LOAD build/sam_a5d27_som1_winc1500/production/_ext/737894/sys_dma.o
LOAD build/sam_a5d27_som1_winc1500/production/_ext/1629436774/sys_int.o
LOAD build/sam_a5d27_som1_winc1500/production/_ext/668867648/sys_time.o
LOAD build/sam_a5d27_som1_winc1500/production/_ext/1420715725/interrupts.o
LOAD build/sam_a5d27_som1_winc1500/production/_ext/1420715725/fault_handlers.o
LOAD build/sam_a5d27_som1_winc1500/production/_ext/1420715725/cstartup.o
LOAD build/sam_a5d27_som1_winc1500/production/_ext/1420715725/tasks.o
LOAD build/sam_a5d27_som1_winc1500/production/_ext/1420715725/initialization.o
LOAD build/sam_a5d27_som1_winc1500/production/_ext/1360937237/main.o
LOAD build/sam_a5d27_som1_winc1500/production/_ext/1360937237/app.o
LOAD build/sam_a5d27_som1_winc1500/production/_ext/1360937237/example.o
                0x00000001                __MPLAB_BUILD = 0x1
                0x00001000                C_STACK_SIZE = 0x1000
                0x00000060                IRQ_STACK_SIZE = 0x60
                0x00000060                FIQ_STACK_SIZE = 0x60
                0x00001000                SVC_STACK_SIZE = 0x1000
                0x00000040                ABT_STACK_SIZE = 0x40
                0x00000040                UND_STACK_SIZE = 0x40

.text           0x26f00000     0xc854
                0x26f00000                . = ALIGN (0x4)
                0x26f00000                _sfixed = .
 *(.textEntry)
 .textEntry     0x26f00000      0x13c build/sam_a5d27_som1_winc1500/production/_ext/1420715725/cstartup.o
                0x26f00000                entry
 *(.text .text.* .gnu.linkonce.t.*)
 .text          0x26f0013c       0x50 c:/program files/microchip/xc32/v4.00/bin/bin/../../lib/gcc/pic32c/8.3.1/thumb/v7-a+simd/hard/crtbegin.o
 .text._DRV_SPI_DriverHandleValidate
                0x26f0018c       0x50 build/sam_a5d27_som1_winc1500/production/_ext/1971804060/drv_spi.o
 .text._DRV_SPI_RemoveTransferObjFromList
                0x26f001dc       0x12 build/sam_a5d27_som1_winc1500/production/_ext/1971804060/drv_spi.o
 .text._DRV_SPI_TX_DMA_CallbackHandler
                0x26f001ee       0x58 build/sam_a5d27_som1_winc1500/production/_ext/1971804060/drv_spi.o
                0x26f001ee                _DRV_SPI_TX_DMA_CallbackHandler
 .text._DRV_SPI_UpdateTransferSetupAndAssertCS
                0x26f00246       0x90 build/sam_a5d27_som1_winc1500/production/_ext/1971804060/drv_spi.o
 .text._DRV_SPI_StartDMATransfer
                0x26f002d6      0x1ec build/sam_a5d27_som1_winc1500/production/_ext/1971804060/drv_spi.o
 .text._DRV_SPI_ResourceLock
                0x26f004c2       0xca build/sam_a5d27_som1_winc1500/production/_ext/1971804060/drv_spi.o
 .text._DRV_SPI_ResourceUnlock
                0x26f0058c       0xb4 build/sam_a5d27_som1_winc1500/production/_ext/1971804060/drv_spi.o
 .text._DRV_SPI_RX_DMA_CallbackHandler
                0x26f00640      0x158 build/sam_a5d27_som1_winc1500/production/_ext/1971804060/drv_spi.o
                0x26f00640                _DRV_SPI_RX_DMA_CallbackHandler
 .text._DRV_SPI_PlibCallbackHandler
                0x26f00798       0xca build/sam_a5d27_som1_winc1500/production/_ext/1971804060/drv_spi.o
 *fill*         0x26f00862        0x2 
 .text.DRV_SPI_Initialize
                0x26f00864      0x10c build/sam_a5d27_som1_winc1500/production/_ext/1971804060/drv_spi.o
                0x26f00864                DRV_SPI_Initialize
 .text.DRV_SPI_Open
                0x26f00970      0x180 build/sam_a5d27_som1_winc1500/production/_ext/1971804060/drv_spi.o
                0x26f00970                DRV_SPI_Open
 .text.DRV_SPI_TransferEventHandlerSet
                0x26f00af0       0x64 build/sam_a5d27_som1_winc1500/production/_ext/1971804060/drv_spi.o
                0x26f00af0                DRV_SPI_TransferEventHandlerSet
 .text.DRV_SPI_WriteReadTransferAdd
                0x26f00b54      0x224 build/sam_a5d27_som1_winc1500/production/_ext/1971804060/drv_spi.o
                0x26f00b54                DRV_SPI_WriteReadTransferAdd
 .text.DRV_SPI_WriteTransferAdd
                0x26f00d78       0x14 build/sam_a5d27_som1_winc1500/production/_ext/1971804060/drv_spi.o
                0x26f00d78                DRV_SPI_WriteTransferAdd
 .text.WDRV_WINC_INTInitialize
                0x26f00d8c       0x24 build/sam_a5d27_som1_winc1500/production/_ext/1615170836/wdrv_winc_eint.o
                0x26f00d8c                WDRV_WINC_INTInitialize
 .text.WDRV_WINC_INTDeinitialize
                0x26f00db0       0x14 build/sam_a5d27_som1_winc1500/production/_ext/1615170836/wdrv_winc_eint.o
                0x26f00db0                WDRV_WINC_INTDeinitialize
 .text.WDRV_WINC_GPIOResetAssert
                0x26f00dc4        0xe build/sam_a5d27_som1_winc1500/production/_ext/1615170836/wdrv_winc_gpio.o
                0x26f00dc4                WDRV_WINC_GPIOResetAssert
 .text.WDRV_WINC_GPIOResetDeassert
                0x26f00dd2        0xe build/sam_a5d27_som1_winc1500/production/_ext/1615170836/wdrv_winc_gpio.o
                0x26f00dd2                WDRV_WINC_GPIOResetDeassert
 .text.WDRV_WINC_GPIOChipEnableAssert
                0x26f00de0       0x10 build/sam_a5d27_som1_winc1500/production/_ext/1615170836/wdrv_winc_gpio.o
                0x26f00de0                WDRV_WINC_GPIOChipEnableAssert
 .text.WDRV_WINC_GPIOChipEnableDeassert
                0x26f00df0       0x10 build/sam_a5d27_som1_winc1500/production/_ext/1615170836/wdrv_winc_gpio.o
                0x26f00df0                WDRV_WINC_GPIOChipEnableDeassert
 .text._WDRV_WINC_SPITransferEventHandler
                0x26f00e00       0x42 build/sam_a5d27_som1_winc1500/production/_ext/467732753/wdrv_winc_spi.o
 .text.WDRV_WINC_SPISend
                0x26f00e42       0x50 build/sam_a5d27_som1_winc1500/production/_ext/467732753/wdrv_winc_spi.o
                0x26f00e42                WDRV_WINC_SPISend
 .text.WDRV_WINC_SPIReceive
                0x26f00e92       0x60 build/sam_a5d27_som1_winc1500/production/_ext/467732753/wdrv_winc_spi.o
                0x26f00e92                WDRV_WINC_SPIReceive
 .text.WDRV_WINC_SPIOpen
                0x26f00ef2       0x74 build/sam_a5d27_som1_winc1500/production/_ext/467732753/wdrv_winc_spi.o
                0x26f00ef2                WDRV_WINC_SPIOpen
 .text.WDRV_WINC_SPIInitialize
                0x26f00f66       0x16 build/sam_a5d27_som1_winc1500/production/_ext/467732753/wdrv_winc_spi.o
                0x26f00f66                WDRV_WINC_SPIInitialize
 .text.WDRV_WINC_SPIDeinitialize
                0x26f00f7c       0x28 build/sam_a5d27_som1_winc1500/production/_ext/467732753/wdrv_winc_spi.o
                0x26f00f7c                WDRV_WINC_SPIDeinitialize
 .text.nm_sleep
                0x26f00fa4        0x8 build/sam_a5d27_som1_winc1500/production/_ext/461596885/nm_common.o
                0x26f00fa4                nm_sleep
 .text.nm_reset
                0x26f00fac       0x26 build/sam_a5d27_som1_winc1500/production/_ext/461596885/nm_common.o
                0x26f00fac                nm_reset
 .text.m2m_hif_cb
                0x26f00fd2        0x2 build/sam_a5d27_som1_winc1500/production/_ext/492885778/m2m_hif.o
 .text.hif_set_rx_done
                0x26f00fd4       0x3a build/sam_a5d27_som1_winc1500/production/_ext/492885778/m2m_hif.o
 .text.hif_chip_wake
                0x26f0100e       0x4c build/sam_a5d27_som1_winc1500/production/_ext/492885778/m2m_hif.o
                0x26f0100e                hif_chip_wake
 .text.hif_chip_sleep_sc
                0x26f0105a       0x20 build/sam_a5d27_som1_winc1500/production/_ext/492885778/m2m_hif.o
                0x26f0105a                hif_chip_sleep_sc
 .text.hif_chip_sleep
                0x26f0107a       0x44 build/sam_a5d27_som1_winc1500/production/_ext/492885778/m2m_hif.o
                0x26f0107a                hif_chip_sleep
 .text.hif_deinit
                0x26f010be       0x24 build/sam_a5d27_som1_winc1500/production/_ext/492885778/m2m_hif.o
                0x26f010be                hif_deinit
 *fill*         0x26f010e2        0x2 
 .text.hif_send
                0x26f010e4      0x290 build/sam_a5d27_som1_winc1500/production/_ext/492885778/m2m_hif.o
                0x26f010e4                hif_send
 .text.hif_handle_isr
                0x26f01374      0x3c8 build/sam_a5d27_som1_winc1500/production/_ext/492885778/m2m_hif.o
                0x26f01374                hif_handle_isr
 .text.hif_receive
                0x26f0173c       0xe0 build/sam_a5d27_som1_winc1500/production/_ext/492885778/m2m_hif.o
                0x26f0173c                hif_receive
 .text.hif_register_cb
                0x26f0181c       0x9c build/sam_a5d27_som1_winc1500/production/_ext/492885778/m2m_hif.o
                0x26f0181c                hif_register_cb
 .text.hif_init
                0x26f018b8       0x44 build/sam_a5d27_som1_winc1500/production/_ext/492885778/m2m_hif.o
                0x26f018b8                hif_init
 .text.nm_bus_iface_init
                0x26f018fc       0x10 build/sam_a5d27_som1_winc1500/production/_ext/492885778/nmbus.o
                0x26f018fc                nm_bus_iface_init
 .text.nm_bus_iface_deinit
                0x26f0190c        0x4 build/sam_a5d27_som1_winc1500/production/_ext/492885778/nmbus.o
                0x26f0190c                nm_bus_iface_deinit
 .text.nm_bus_reset
                0x26f01910        0x8 build/sam_a5d27_som1_winc1500/production/_ext/492885778/nmbus.o
                0x26f01910                nm_bus_reset
 .text.nm_read_reg
                0x26f01918        0x8 build/sam_a5d27_som1_winc1500/production/_ext/492885778/nmbus.o
                0x26f01918                nm_read_reg
 .text.nm_read_reg_with_ret
                0x26f01920        0x8 build/sam_a5d27_som1_winc1500/production/_ext/492885778/nmbus.o
                0x26f01920                nm_read_reg_with_ret
 .text.nm_write_reg
                0x26f01928        0x8 build/sam_a5d27_som1_winc1500/production/_ext/492885778/nmbus.o
                0x26f01928                nm_write_reg
 .text.nm_read_block
                0x26f01930       0x5a build/sam_a5d27_som1_winc1500/production/_ext/492885778/nmbus.o
                0x26f01930                nm_read_block
 .text.nm_write_block
                0x26f0198a       0x5a build/sam_a5d27_som1_winc1500/production/_ext/492885778/nmbus.o
                0x26f0198a                nm_write_block
 .text.nm_get_firmware_full_info
                0x26f019e4       0xd0 build/sam_a5d27_som1_winc1500/production/_ext/492885778/nmdrv.o
                0x26f019e4                nm_get_firmware_full_info
 .text.nm_drv_init_download_mode
                0x26f01ab4       0x78 build/sam_a5d27_som1_winc1500/production/_ext/492885778/nmdrv.o
                0x26f01ab4                nm_drv_init_download_mode
 .text.nm_drv_init_hold
                0x26f01b2c       0x70 build/sam_a5d27_som1_winc1500/production/_ext/492885778/nmdrv.o
                0x26f01b2c                nm_drv_init_hold
 .text.nm_drv_init_start
                0x26f01b9c       0x60 build/sam_a5d27_som1_winc1500/production/_ext/492885778/nmdrv.o
                0x26f01b9c                nm_drv_init_start
 .text.nm_drv_deinit
                0x26f01bfc       0x70 build/sam_a5d27_som1_winc1500/production/_ext/492885778/nmdrv.o
                0x26f01bfc                nm_drv_deinit
 .text.m2m_wifi_cb
                0x26f01c6c      0x3f4 build/sam_a5d27_som1_winc1500/production/_ext/492885778/m2m_wifi.o
 .text.m2m_validate_ap_parameters
                0x26f02060      0x114 build/sam_a5d27_som1_winc1500/production/_ext/492885778/m2m_wifi.o
 .text.m2m_wifi_download_mode
                0x26f02174       0x20 build/sam_a5d27_som1_winc1500/production/_ext/492885778/m2m_wifi.o
                0x26f02174                m2m_wifi_download_mode
 .text.m2m_wifi_init_hold
                0x26f02194       0x1a build/sam_a5d27_som1_winc1500/production/_ext/492885778/m2m_wifi.o
                0x26f02194                m2m_wifi_init_hold
 *fill*         0x26f021ae        0x2 
 .text.m2m_wifi_init_start
                0x26f021b0      0x198 build/sam_a5d27_som1_winc1500/production/_ext/492885778/m2m_wifi.o
                0x26f021b0                m2m_wifi_init_start
 .text.m2m_wifi_deinit
                0x26f02348       0x1e build/sam_a5d27_som1_winc1500/production/_ext/492885778/m2m_wifi.o
                0x26f02348                m2m_wifi_deinit
 .text.m2m_wifi_handle_events
                0x26f02366        0x8 build/sam_a5d27_som1_winc1500/production/_ext/492885778/m2m_wifi.o
                0x26f02366                m2m_wifi_handle_events
 .text.m2m_wifi_enable_ap_ext
                0x26f0236e       0x2a build/sam_a5d27_som1_winc1500/production/_ext/492885778/m2m_wifi.o
                0x26f0236e                m2m_wifi_enable_ap_ext
 .text.m2m_wifi_get_mac_address
                0x26f02398       0x24 build/sam_a5d27_som1_winc1500/production/_ext/492885778/m2m_wifi.o
                0x26f02398                m2m_wifi_get_mac_address
 .text.m2m_wifi_req_scan_result
                0x26f023bc       0x22 build/sam_a5d27_som1_winc1500/production/_ext/492885778/m2m_wifi.o
                0x26f023bc                m2m_wifi_req_scan_result
 .text.m2m_wifi_get_num_ap_found
                0x26f023de        0xc build/sam_a5d27_som1_winc1500/production/_ext/492885778/m2m_wifi.o
                0x26f023de                m2m_wifi_get_num_ap_found
 .text.m2m_wifi_get_chipId
                0x26f023ea        0x8 build/sam_a5d27_som1_winc1500/production/_ext/492885778/m2m_wifi.o
                0x26f023ea                m2m_wifi_get_chipId
 *fill*         0x26f023f2        0x2 
 .text.m2m_wifi_start_provision_mode_ext
                0x26f023f4       0xa4 build/sam_a5d27_som1_winc1500/production/_ext/492885778/m2m_wifi.o
                0x26f023f4                m2m_wifi_start_provision_mode_ext
 .text.m2m_wifi_get_state
                0x26f02498        0xc build/sam_a5d27_som1_winc1500/production/_ext/492885778/m2m_wifi.o
                0x26f02498                m2m_wifi_get_state
 .text.m2m_ssl_cb
                0x26f024a4      0x16c build/sam_a5d27_som1_winc1500/production/_ext/492885778/m2m_ssl.o
 .text.m2m_ssl_init
                0x26f02610       0x54 build/sam_a5d27_som1_winc1500/production/_ext/492885778/m2m_ssl.o
                0x26f02610                m2m_ssl_init
 .text.chip_apply_conf
                0x26f02664       0x2e build/sam_a5d27_som1_winc1500/production/_ext/492885778/nmasic.o
                0x26f02664                chip_apply_conf
 .text.enable_interrupts
                0x26f02692       0x58 build/sam_a5d27_som1_winc1500/production/_ext/492885778/nmasic.o
                0x26f02692                enable_interrupts
 .text.nmi_get_chipid
                0x26f026ea       0xf4 build/sam_a5d27_som1_winc1500/production/_ext/492885778/nmasic.o
                0x26f026ea                nmi_get_chipid
 .text.chip_sleep
                0x26f027de       0x68 build/sam_a5d27_som1_winc1500/production/_ext/492885778/nmasic.o
                0x26f027de                chip_sleep
 *fill*         0x26f02846        0x2 
 .text.chip_wake
                0x26f02848       0x98 build/sam_a5d27_som1_winc1500/production/_ext/492885778/nmasic.o
                0x26f02848                chip_wake
 .text.cpu_halt
                0x26f028e0       0x66 build/sam_a5d27_som1_winc1500/production/_ext/492885778/nmasic.o
                0x26f028e0                cpu_halt
 *fill*         0x26f02946        0x2 
 .text.wait_for_bootrom
                0x26f02948      0x154 build/sam_a5d27_som1_winc1500/production/_ext/492885778/nmasic.o
                0x26f02948                wait_for_bootrom
 .text.wait_for_firmware_start
                0x26f02a9c       0xdc build/sam_a5d27_som1_winc1500/production/_ext/492885778/nmasic.o
                0x26f02a9c                wait_for_firmware_start
 .text.chip_deinit
                0x26f02b78       0x5c build/sam_a5d27_som1_winc1500/production/_ext/492885778/nmasic.o
                0x26f02b78                chip_deinit
 .text.nmi_get_mac_address
                0x26f02bd4       0x58 build/sam_a5d27_som1_winc1500/production/_ext/492885778/nmasic.o
                0x26f02bd4                nmi_get_mac_address
 .text.spi_cmd  0x26f02c2c      0x160 build/sam_a5d27_som1_winc1500/production/_ext/492885778/nmspi.o
 .text.spi_cmd_rsp
                0x26f02d8c       0xec build/sam_a5d27_som1_winc1500/production/_ext/492885778/nmspi.o
 .text.spi_data_read
                0x26f02e78      0x120 build/sam_a5d27_som1_winc1500/production/_ext/492885778/nmspi.o
 .text.spi_reset
                0x26f02f98       0x2c build/sam_a5d27_som1_winc1500/production/_ext/492885778/nmspi.o
 .text.nm_spi_reset
                0x26f02fc4       0x44 build/sam_a5d27_som1_winc1500/production/_ext/492885778/nmspi.o
                0x26f02fc4                nm_spi_reset
 .text.nm_spi_lock_init
                0x26f03008        0xe build/sam_a5d27_som1_winc1500/production/_ext/492885778/nmspi.o
                0x26f03008                nm_spi_lock_init
 .text.nm_spi_deinit
                0x26f03016        0xe build/sam_a5d27_som1_winc1500/production/_ext/492885778/nmspi.o
                0x26f03016                nm_spi_deinit
 .text.nm_spi_read_reg_with_ret
                0x26f03024      0x126 build/sam_a5d27_som1_winc1500/production/_ext/492885778/nmspi.o
                0x26f03024                nm_spi_read_reg_with_ret
 .text.nm_spi_read_reg
                0x26f0314a       0x12 build/sam_a5d27_som1_winc1500/production/_ext/492885778/nmspi.o
                0x26f0314a                nm_spi_read_reg
 .text.nm_spi_write_reg
                0x26f0315c       0xfa build/sam_a5d27_som1_winc1500/production/_ext/492885778/nmspi.o
                0x26f0315c                nm_spi_write_reg
 *fill*         0x26f03256        0x2 
 .text.nm_spi_init
                0x26f03258      0x128 build/sam_a5d27_som1_winc1500/production/_ext/492885778/nmspi.o
                0x26f03258                nm_spi_init
 .text.nm_spi_read_block
                0x26f03380      0x11e build/sam_a5d27_som1_winc1500/production/_ext/492885778/nmspi.o
                0x26f03380                nm_spi_read_block
 .text.nm_spi_write_block
                0x26f0349e      0x226 build/sam_a5d27_som1_winc1500/production/_ext/492885778/nmspi.o
                0x26f0349e                nm_spi_write_block
 .text.m2m_ota_cb
                0x26f036c4      0x1ec build/sam_a5d27_som1_winc1500/production/_ext/492885778/m2m_ota.o
 .text.m2m_ota_init
                0x26f038b0       0x48 build/sam_a5d27_som1_winc1500/production/_ext/492885778/m2m_ota.o
                0x26f038b0                m2m_ota_init
 .text.m2m_ota_host_file_read_hif
                0x26f038f8       0x66 build/sam_a5d27_som1_winc1500/production/_ext/492885778/m2m_ota.o
                0x26f038f8                m2m_ota_host_file_read_hif
 *fill*         0x26f0395e        0x2 
 .text.m2m_ota_host_file_read_spi
                0x26f03960       0xfc build/sam_a5d27_som1_winc1500/production/_ext/492885778/m2m_ota.o
                0x26f03960                m2m_ota_host_file_read_spi
 .text.inet_addr
                0x26f03a5c       0xbc build/sam_a5d27_som1_winc1500/production/_ext/919363165/inet_addr.o
                0x26f03a5c                inet_addr
 .text.inet_ntop
                0x26f03b18       0x9e build/sam_a5d27_som1_winc1500/production/_ext/919363165/inet_ntop.o
                0x26f03b18                inet_ntop
 *fill*         0x26f03bb6        0x2 
 .text.m2m_ip_cb
                0x26f03bb8      0x57c build/sam_a5d27_som1_winc1500/production/_ext/919363165/socket.o
 .text.socketInit
                0x26f04134       0x48 build/sam_a5d27_som1_winc1500/production/_ext/919363165/socket.o
                0x26f04134                socketInit
 .text.socketDeinit
                0x26f0417c       0x3c build/sam_a5d27_som1_winc1500/production/_ext/919363165/socket.o
                0x26f0417c                socketDeinit
 .text.registerSocketEventCallback
                0x26f041b8        0xc build/sam_a5d27_som1_winc1500/production/_ext/919363165/socket.o
                0x26f041b8                registerSocketEventCallback
 .text.socket   0x26f041c4      0x1f4 build/sam_a5d27_som1_winc1500/production/_ext/919363165/socket.o
                0x26f041c4                socket
 .text.bind     0x26f043b8       0x9a build/sam_a5d27_som1_winc1500/production/_ext/919363165/socket.o
                0x26f043b8                bind
 .text.listen   0x26f04452       0x66 build/sam_a5d27_som1_winc1500/production/_ext/919363165/socket.o
                0x26f04452                listen
 .text.accept   0x26f044b8       0x28 build/sam_a5d27_som1_winc1500/production/_ext/919363165/socket.o
                0x26f044b8                accept
 .text.send     0x26f044e0       0xc8 build/sam_a5d27_som1_winc1500/production/_ext/919363165/socket.o
                0x26f044e0                send
 .text.recv     0x26f045a8       0xb8 build/sam_a5d27_som1_winc1500/production/_ext/919363165/socket.o
                0x26f045a8                recv
 .text.shutdown
                0x26f04660       0xa0 build/sam_a5d27_som1_winc1500/production/_ext/919363165/socket.o
                0x26f04660                shutdown
 .text.spi_flexible_flash_find_section
                0x26f04700       0x94 build/sam_a5d27_som1_winc1500/production/_ext/2123267981/flexible_flash.o
                0x26f04700                spi_flexible_flash_find_section
 .text.spi_flash_load_to_cortus_mem
                0x26f04794       0xac build/sam_a5d27_som1_winc1500/production/_ext/2123267981/spi_flash.o
 .text.spi_flash_enable
                0x26f04840      0x110 build/sam_a5d27_som1_winc1500/production/_ext/2123267981/spi_flash.o
                0x26f04840                spi_flash_enable
 .text.spi_flash_read
                0x26f04950       0x8c build/sam_a5d27_som1_winc1500/production/_ext/2123267981/spi_flash.o
                0x26f04950                spi_flash_read
 .text.WDRV_MSDelay
                0x26f049dc       0x22 build/sam_a5d27_som1_winc1500/production/_ext/141899762/wdrv_winc_osal.o
                0x26f049dc                WDRV_MSDelay
 .text.WDRV_WINC_AuthCtxSetOpen
                0x26f049fe        0xe build/sam_a5d27_som1_winc1500/production/_ext/1528743604/wdrv_winc_authctx.o
                0x26f049fe                WDRV_WINC_AuthCtxSetOpen
 .text.WDRV_WINC_AuthCtxSetWPA
                0x26f04a0c       0x3e build/sam_a5d27_som1_winc1500/production/_ext/1528743604/wdrv_winc_authctx.o
                0x26f04a0c                WDRV_WINC_AuthCtxSetWPA
 .text.WDRV_WINC_HostFileRead
                0x26f04a4a      0x144 build/sam_a5d27_som1_winc1500/production/_ext/1528743604/wdrv_winc_host_file.o
                0x26f04a4a                WDRV_WINC_HostFileRead
 .text.WDRV_WINC_APStart
                0x26f04b8e      0x196 build/sam_a5d27_som1_winc1500/production/_ext/1528743604/wdrv_winc_softap.o
                0x26f04b8e                WDRV_WINC_APStart
 .text.WDRV_WINC_LocalTimeToUTC
                0x26f04d24       0x74 build/sam_a5d27_som1_winc1500/production/_ext/1528743604/wdrv_winc_systime.o
                0x26f04d24                WDRV_WINC_LocalTimeToUTC
 .text.WDRV_WINC_IPDHCPServerConfigure
                0x26f04d98       0x34 build/sam_a5d27_som1_winc1500/production/_ext/1528743604/wdrv_winc_socket.o
                0x26f04d98                WDRV_WINC_IPDHCPServerConfigure
 .text.WDRV_WINC_SocketRegisterEventCallback
                0x26f04dcc       0x16 build/sam_a5d27_som1_winc1500/production/_ext/1528743604/wdrv_winc_socket.o
                0x26f04dcc                WDRV_WINC_SocketRegisterEventCallback
 .text.WDRV_WINC_BSSCtxIsValid
                0x26f04de2       0x62 build/sam_a5d27_som1_winc1500/production/_ext/1528743604/wdrv_winc_bssctx.o
                0x26f04de2                WDRV_WINC_BSSCtxIsValid
 .text.WDRV_WINC_BSSCtxSetDefaults
                0x26f04e44       0x24 build/sam_a5d27_som1_winc1500/production/_ext/1528743604/wdrv_winc_bssctx.o
                0x26f04e44                WDRV_WINC_BSSCtxSetDefaults
 .text.WDRV_WINC_BSSCtxSetSSID
                0x26f04e68       0x42 build/sam_a5d27_som1_winc1500/production/_ext/1528743604/wdrv_winc_bssctx.o
                0x26f04e68                WDRV_WINC_BSSCtxSetSSID
 .text.WDRV_WINC_BSSCtxSetChannel
                0x26f04eaa       0x2a build/sam_a5d27_som1_winc1500/production/_ext/1528743604/wdrv_winc_bssctx.o
                0x26f04eaa                WDRV_WINC_BSSCtxSetChannel
 .text._WDRV_WINC_OTAUpdateCallback
                0x26f04ed4       0x62 build/sam_a5d27_som1_winc1500/production/_ext/1528743604/wdrv_winc.o
 .text._WDRV_WINC_SSLCallback
                0x26f04f36      0x10e build/sam_a5d27_som1_winc1500/production/_ext/1528743604/wdrv_winc.o
 .text._WDRV_WINC_WifiCallback
                0x26f05044      0x452 build/sam_a5d27_som1_winc1500/production/_ext/1528743604/wdrv_winc.o
 .text._WDRV_WINC_HostFileReadHIFCallback
                0x26f05496      0x1d6 build/sam_a5d27_som1_winc1500/production/_ext/1528743604/wdrv_winc.o
 .text._WDRV_WINC_HostFileEraseCallback
                0x26f0566c       0x60 build/sam_a5d27_som1_winc1500/production/_ext/1528743604/wdrv_winc.o
 .text._WDRV_WINC_HostFileGetCallback
                0x26f056cc       0x90 build/sam_a5d27_som1_winc1500/production/_ext/1528743604/wdrv_winc.o
 .text.WDRV_WINC_Initialize
                0x26f0575c       0x68 build/sam_a5d27_som1_winc1500/production/_ext/1528743604/wdrv_winc.o
                0x26f0575c                WDRV_WINC_Initialize
 .text.WDRV_WINC_Status
                0x26f057c4       0x1e build/sam_a5d27_som1_winc1500/production/_ext/1528743604/wdrv_winc.o
                0x26f057c4                WDRV_WINC_Status
 *fill*         0x26f057e2        0x2 
 .text.WDRV_WINC_Tasks
                0x26f057e4      0x2a8 build/sam_a5d27_som1_winc1500/production/_ext/1528743604/wdrv_winc.o
                0x26f057e4                WDRV_WINC_Tasks
 .text.WDRV_WINC_Open
                0x26f05a8c      0x16e build/sam_a5d27_som1_winc1500/production/_ext/1528743604/wdrv_winc.o
                0x26f05a8c                WDRV_WINC_Open
 .text.WDRV_WINC_ISR
                0x26f05bfa       0x14 build/sam_a5d27_som1_winc1500/production/_ext/1528743604/wdrv_winc.o
                0x26f05bfa                WDRV_WINC_ISR
 .text.AIC_INT_Initialize
                0x26f05c0e       0xd8 build/sam_a5d27_som1_winc1500/production/_ext/192068182/plib_aic.o
                0x26f05c0e                AIC_INT_Initialize
 .text.AIC_INT_IrqDisable
                0x26f05ce6       0x20 build/sam_a5d27_som1_winc1500/production/_ext/192068182/plib_aic.o
                0x26f05ce6                AIC_INT_IrqDisable
 .text.AIC_INT_IrqRestore
                0x26f05d06       0x12 build/sam_a5d27_som1_winc1500/production/_ext/192068182/plib_aic.o
                0x26f05d06                AIC_INT_IrqRestore
 .text.CLK_Initialize
                0x26f05d18       0x2c build/sam_a5d27_som1_winc1500/production/_ext/192066159/plib_clk.o
                0x26f05d18                CLK_Initialize
 .text.FLEXCOM4_SPI_Initialize
                0x26f05d44       0x3a build/sam_a5d27_som1_winc1500/production/_ext/1834821283/plib_flexcom4_spi_master.o
                0x26f05d44                FLEXCOM4_SPI_Initialize
 .text.FLEXCOM4_SPI_WriteRead
                0x26f05d7e      0x1d4 build/sam_a5d27_som1_winc1500/production/_ext/1834821283/plib_flexcom4_spi_master.o
                0x26f05d7e                FLEXCOM4_SPI_WriteRead
 .text.FLEXCOM4_SPI_TransferSetup
                0x26f05f52       0x62 build/sam_a5d27_som1_winc1500/production/_ext/1834821283/plib_flexcom4_spi_master.o
                0x26f05f52                FLEXCOM4_SPI_TransferSetup
 .text.FLEXCOM4_SPI_IsTransmitterBusy
                0x26f05fb4       0x16 build/sam_a5d27_som1_winc1500/production/_ext/1834821283/plib_flexcom4_spi_master.o
                0x26f05fb4                FLEXCOM4_SPI_IsTransmitterBusy
 .text.FLEXCOM4_SPI_CallbackRegister
                0x26f05fca        0xe build/sam_a5d27_som1_winc1500/production/_ext/1834821283/plib_flexcom4_spi_master.o
                0x26f05fca                FLEXCOM4_SPI_CallbackRegister
 .text.FLEXCOM4_InterruptHandler
                0x26f05fd8      0x270 build/sam_a5d27_som1_winc1500/production/_ext/1834821283/plib_flexcom4_spi_master.o
                0x26f05fd8                FLEXCOM4_InterruptHandler
 .text.Matrix_Initialize
                0x26f06248       0x56 build/sam_a5d27_som1_winc1500/production/_ext/669990670/plib_matrix.o
                0x26f06248                Matrix_Initialize
 .text.icache_Enable
                0x26f0629e       0x22 build/sam_a5d27_som1_winc1500/production/_ext/192056508/plib_mmu.o
                0x26f0629e                icache_Enable
 .text.MMU_Initialize
                0x26f062c0      0x2bc build/sam_a5d27_som1_winc1500/production/_ext/192056508/plib_mmu.o
                0x26f062c0                MMU_Initialize
 .text.PIO_Initialize
                0x26f0657c       0x88 build/sam_a5d27_som1_winc1500/production/_ext/192053755/plib_pio.o
                0x26f0657c                PIO_Initialize
 .text.PIO_PortSet
                0x26f06604        0xe build/sam_a5d27_som1_winc1500/production/_ext/192053755/plib_pio.o
                0x26f06604                PIO_PortSet
 .text.PIO_PortClear
                0x26f06612        0xe build/sam_a5d27_som1_winc1500/production/_ext/192053755/plib_pio.o
                0x26f06612                PIO_PortClear
 .text.PIO_PortInterruptEnable
                0x26f06620        0xe build/sam_a5d27_som1_winc1500/production/_ext/192053755/plib_pio.o
                0x26f06620                PIO_PortInterruptEnable
 .text.PIO_PortInterruptDisable
                0x26f0662e        0xe build/sam_a5d27_som1_winc1500/production/_ext/192053755/plib_pio.o
                0x26f0662e                PIO_PortInterruptDisable
 .text.PIO_PinInterruptCallbackRegister
                0x26f0663c       0x6e build/sam_a5d27_som1_winc1500/production/_ext/192053755/plib_pio.o
                0x26f0663c                PIO_PinInterruptCallbackRegister
 .text.PIOB_InterruptHandler
                0x26f066aa       0x40 build/sam_a5d27_som1_winc1500/production/_ext/192053755/plib_pio.o
                0x26f066aa                PIOB_InterruptHandler
 .text.TC0_CH0_TimerInitialize
                0x26f066ea       0x28 build/sam_a5d27_som1_winc1500/production/_ext/6195168/plib_tc0.o
                0x26f066ea                TC0_CH0_TimerInitialize
 .text.TC0_CH0_TimerStart
                0x26f06712        0xe build/sam_a5d27_som1_winc1500/production/_ext/6195168/plib_tc0.o
                0x26f06712                TC0_CH0_TimerStart
 .text.TC0_CH0_TimerStop
                0x26f06720        0xe build/sam_a5d27_som1_winc1500/production/_ext/6195168/plib_tc0.o
                0x26f06720                TC0_CH0_TimerStop
 .text.TC0_CH0_TimerFrequencyGet
                0x26f0672e        0xa build/sam_a5d27_som1_winc1500/production/_ext/6195168/plib_tc0.o
                0x26f0672e                TC0_CH0_TimerFrequencyGet
 .text.TC0_CH0_TimerPeriodSet
                0x26f06738        0xc build/sam_a5d27_som1_winc1500/production/_ext/6195168/plib_tc0.o
                0x26f06738                TC0_CH0_TimerPeriodSet
 .text.TC0_CH0_TimerCompareSet
                0x26f06744        0xc build/sam_a5d27_som1_winc1500/production/_ext/6195168/plib_tc0.o
                0x26f06744                TC0_CH0_TimerCompareSet
 .text.TC0_CH0_TimerCounterGet
                0x26f06750        0xc build/sam_a5d27_som1_winc1500/production/_ext/6195168/plib_tc0.o
                0x26f06750                TC0_CH0_TimerCounterGet
 .text.TC0_CH0_TimerCallbackRegister
                0x26f0675c        0xe build/sam_a5d27_som1_winc1500/production/_ext/6195168/plib_tc0.o
                0x26f0675c                TC0_CH0_TimerCallbackRegister
 .text.TC0_CH0_InterruptHandler
                0x26f0676a       0x2c build/sam_a5d27_som1_winc1500/production/_ext/6195168/plib_tc0.o
                0x26f0676a                TC0_CH0_InterruptHandler
 .text.TC0_InterruptHandler
                0x26f06796        0x8 build/sam_a5d27_som1_winc1500/production/_ext/6195168/plib_tc0.o
                0x26f06796                TC0_InterruptHandler
 .text.UART1_WritePendingBytesGet
                0x26f0679e       0x18 build/sam_a5d27_som1_winc1500/production/_ext/1658557633/plib_uart1.o
 .text.UART1_Initialize
                0x26f067b6       0x46 build/sam_a5d27_som1_winc1500/production/_ext/1658557633/plib_uart1.o
                0x26f067b6                UART1_Initialize
 .text.UART1_Read
                0x26f067fc       0x92 build/sam_a5d27_som1_winc1500/production/_ext/1658557633/plib_uart1.o
                0x26f067fc                UART1_Read
 .text.UART1_ReadCountGet
                0x26f0688e       0x16 build/sam_a5d27_som1_winc1500/production/_ext/1658557633/plib_uart1.o
                0x26f0688e                UART1_ReadCountGet
 .text.UART1_ReadFreeBufferCountGet
                0x26f068a4        0xc build/sam_a5d27_som1_winc1500/production/_ext/1658557633/plib_uart1.o
                0x26f068a4                UART1_ReadFreeBufferCountGet
 .text.UART1_WriteCountGet
                0x26f068b0        0x8 build/sam_a5d27_som1_winc1500/production/_ext/1658557633/plib_uart1.o
                0x26f068b0                UART1_WriteCountGet
 .text.UART1_Write
                0x26f068b8       0x62 build/sam_a5d27_som1_winc1500/production/_ext/1658557633/plib_uart1.o
                0x26f068b8                UART1_Write
 .text.UART1_WriteFreeBufferCountGet
                0x26f0691a        0xe build/sam_a5d27_som1_winc1500/production/_ext/1658557633/plib_uart1.o
                0x26f0691a                UART1_WriteFreeBufferCountGet
 .text.UART1_InterruptHandler
                0x26f06928      0x15c build/sam_a5d27_som1_winc1500/production/_ext/1658557633/plib_uart1.o
                0x26f06928                UART1_InterruptHandler
 .text.XDMAC0_InterruptHandler
                0x26f06a84       0x80 build/sam_a5d27_som1_winc1500/production/_ext/127175570/plib_xdmac0.o
                0x26f06a84                XDMAC0_InterruptHandler
 .text.XDMAC0_Initialize
                0x26f06b04       0x4c build/sam_a5d27_som1_winc1500/production/_ext/127175570/plib_xdmac0.o
                0x26f06b04                XDMAC0_Initialize
 .text.XDMAC0_ChannelCallbackRegister
                0x26f06b50       0x12 build/sam_a5d27_som1_winc1500/production/_ext/127175570/plib_xdmac0.o
                0x26f06b50                XDMAC0_ChannelCallbackRegister
 .text.XDMAC0_ChannelTransfer
                0x26f06b62       0x68 build/sam_a5d27_som1_winc1500/production/_ext/127175570/plib_xdmac0.o
                0x26f06b62                XDMAC0_ChannelTransfer
 .text.XDMAC0_ChannelSettingsGet
                0x26f06bca        0xe build/sam_a5d27_som1_winc1500/production/_ext/127175570/plib_xdmac0.o
                0x26f06bca                XDMAC0_ChannelSettingsGet
 .text.XDMAC0_ChannelSettingsSet
                0x26f06bd8       0x1e build/sam_a5d27_som1_winc1500/production/_ext/127175570/plib_xdmac0.o
                0x26f06bd8                XDMAC0_ChannelSettingsSet
 .text.SYS_CONSOLE_Initialize
                0x26f06bf6       0x66 build/sam_a5d27_som1_winc1500/production/_ext/1238961202/sys_console.o
                0x26f06bf6                SYS_CONSOLE_Initialize
 .text.SYS_CONSOLE_HandleGet
                0x26f06c5c        0xa build/sam_a5d27_som1_winc1500/production/_ext/1238961202/sys_console.o
                0x26f06c5c                SYS_CONSOLE_HandleGet
 .text.SYS_CONSOLE_Print
                0x26f06c66       0x90 build/sam_a5d27_som1_winc1500/production/_ext/1238961202/sys_console.o
                0x26f06c66                SYS_CONSOLE_Print
 .text.SYS_CONSOLE_Message
                0x26f06cf6       0x3c build/sam_a5d27_som1_winc1500/production/_ext/1238961202/sys_console.o
                0x26f06cf6                SYS_CONSOLE_Message
 .text.Console_UART_Initialize
                0x26f06d32       0x26 build/sam_a5d27_som1_winc1500/production/_ext/1238961202/sys_console_uart.o
                0x26f06d32                Console_UART_Initialize
 .text.Console_UART_Read
                0x26f06d58       0x44 build/sam_a5d27_som1_winc1500/production/_ext/1238961202/sys_console_uart.o
                0x26f06d58                Console_UART_Read
 .text.Console_UART_Flush
                0x26f06d9c        0x4 build/sam_a5d27_som1_winc1500/production/_ext/1238961202/sys_console_uart.o
                0x26f06d9c                Console_UART_Flush
 .text.Console_UART_Status
                0x26f06da0       0x18 build/sam_a5d27_som1_winc1500/production/_ext/1238961202/sys_console_uart.o
                0x26f06da0                Console_UART_Status
 .text.Console_UART_Tasks
                0x26f06db8        0x2 build/sam_a5d27_som1_winc1500/production/_ext/1238961202/sys_console_uart.o
                0x26f06db8                Console_UART_Tasks
 .text.Console_UART_WriteCountGet
                0x26f06dba       0x3e build/sam_a5d27_som1_winc1500/production/_ext/1238961202/sys_console_uart.o
                0x26f06dba                Console_UART_WriteCountGet
 .text.Console_UART_WriteFreeBufferCountGet
                0x26f06df8       0x3e build/sam_a5d27_som1_winc1500/production/_ext/1238961202/sys_console_uart.o
                0x26f06df8                Console_UART_WriteFreeBufferCountGet
 .text.Console_UART_Write
                0x26f06e36       0x44 build/sam_a5d27_som1_winc1500/production/_ext/1238961202/sys_console_uart.o
                0x26f06e36                Console_UART_Write
 .text.Console_UART_ReadFreeBufferCountGet
                0x26f06e7a       0x3e build/sam_a5d27_som1_winc1500/production/_ext/1238961202/sys_console_uart.o
                0x26f06e7a                Console_UART_ReadFreeBufferCountGet
 .text.Console_UART_ReadCountGet
                0x26f06eb8       0x3e build/sam_a5d27_som1_winc1500/production/_ext/1238961202/sys_console_uart.o
                0x26f06eb8                Console_UART_ReadCountGet
 .text.SYS_DEBUG_Initialize
                0x26f06ef6       0x20 build/sam_a5d27_som1_winc1500/production/_ext/931592374/sys_debug.o
                0x26f06ef6                SYS_DEBUG_Initialize
 .text.SYS_DEBUG_ConsoleInstanceGet
                0x26f06f16        0xc build/sam_a5d27_som1_winc1500/production/_ext/931592374/sys_debug.o
                0x26f06f16                SYS_DEBUG_ConsoleInstanceGet
 .text.SYS_DEBUG_ErrorLevelGet
                0x26f06f22        0xc build/sam_a5d27_som1_winc1500/production/_ext/931592374/sys_debug.o
                0x26f06f22                SYS_DEBUG_ErrorLevelGet
 .text.SYS_DMA_AddressingModeSetup
                0x26f06f2e       0x1e build/sam_a5d27_som1_winc1500/production/_ext/737894/sys_dma.o
                0x26f06f2e                SYS_DMA_AddressingModeSetup
 .text.SYS_DMA_DataWidthSetup
                0x26f06f4c       0x1a build/sam_a5d27_som1_winc1500/production/_ext/737894/sys_dma.o
                0x26f06f4c                SYS_DMA_DataWidthSetup
 .text.SYS_INT_Disable
                0x26f06f66        0x8 build/sam_a5d27_som1_winc1500/production/_ext/1629436774/sys_int.o
                0x26f06f66                SYS_INT_Disable
 .text.SYS_INT_Restore
                0x26f06f6e        0x8 build/sam_a5d27_som1_winc1500/production/_ext/1629436774/sys_int.o
                0x26f06f6e                SYS_INT_Restore
 .text.SYS_INT_SourceIsEnabled
                0x26f06f76       0x20 build/sam_a5d27_som1_winc1500/production/_ext/1629436774/sys_int.o
                0x26f06f76                SYS_INT_SourceIsEnabled
 .text.SYS_INT_SourceEnable
                0x26f06f96       0x1e build/sam_a5d27_som1_winc1500/production/_ext/1629436774/sys_int.o
                0x26f06f96                SYS_INT_SourceEnable
 .text.SYS_INT_SourceDisable
                0x26f06fb4       0x2e build/sam_a5d27_som1_winc1500/production/_ext/1629436774/sys_int.o
                0x26f06fb4                SYS_INT_SourceDisable
 .text.SYS_INT_SourceRestore
                0x26f06fe2       0x22 build/sam_a5d27_som1_winc1500/production/_ext/1629436774/sys_int.o
                0x26f06fe2                SYS_INT_SourceRestore
 .text.SYS_TIME_GetTimerObject
                0x26f07004       0x4c build/sam_a5d27_som1_winc1500/production/_ext/668867648/sys_time.o
 .text.SYS_TIME_HwTimerCompareUpdate
                0x26f07050       0xe8 build/sam_a5d27_som1_winc1500/production/_ext/668867648/sys_time.o
 .text.SYS_TIME_Counter64Update
                0x26f07138       0x24 build/sam_a5d27_som1_winc1500/production/_ext/668867648/sys_time.o
 .text.SYS_TIME_RemoveFromList
                0x26f0715c       0x62 build/sam_a5d27_som1_winc1500/production/_ext/668867648/sys_time.o
 .text.SYS_TIME_AddToList
                0x26f071be       0x9c build/sam_a5d27_som1_winc1500/production/_ext/668867648/sys_time.o
 .text.SYS_TIME_GetElapsedCount
                0x26f0725a       0x18 build/sam_a5d27_som1_winc1500/production/_ext/668867648/sys_time.o
 .text.SYS_TIME_UpdateTimerList
                0x26f07272       0x38 build/sam_a5d27_som1_winc1500/production/_ext/668867648/sys_time.o
 .text.SYS_TIME_TimerAdd
                0x26f072aa       0x42 build/sam_a5d27_som1_winc1500/production/_ext/668867648/sys_time.o
 .text.SYS_TIME_ResourceLock
                0x26f072ec       0x40 build/sam_a5d27_som1_winc1500/production/_ext/668867648/sys_time.o
 .text.SYS_TIME_ResourceUnlock
                0x26f0732c       0x1e build/sam_a5d27_som1_winc1500/production/_ext/668867648/sys_time.o
 *fill*         0x26f0734a        0x2 
 .text.SYS_TIME_TimerObjectCreate
                0x26f0734c       0xc0 build/sam_a5d27_som1_winc1500/production/_ext/668867648/sys_time.o
 .text.SYS_TIME_Initialize
                0x26f0740c       0xb0 build/sam_a5d27_som1_winc1500/production/_ext/668867648/sys_time.o
                0x26f0740c                SYS_TIME_Initialize
 .text.SYS_TIME_TimerDestroy
                0x26f074bc       0x3c build/sam_a5d27_som1_winc1500/production/_ext/668867648/sys_time.o
                0x26f074bc                SYS_TIME_TimerDestroy
 .text.SYS_TIME_PLIBCallback
                0x26f074f8       0xec build/sam_a5d27_som1_winc1500/production/_ext/668867648/sys_time.o
 .text.SYS_TIME_TimerStart
                0x26f075e4       0x5a build/sam_a5d27_som1_winc1500/production/_ext/668867648/sys_time.o
                0x26f075e4                SYS_TIME_TimerStart
 .text.SYS_TIME_TimerPeriodHasExpired
                0x26f0763e       0x28 build/sam_a5d27_som1_winc1500/production/_ext/668867648/sys_time.o
                0x26f0763e                SYS_TIME_TimerPeriodHasExpired
 .text.SYS_TIME_DelayMS
                0x26f07666       0x50 build/sam_a5d27_som1_winc1500/production/_ext/668867648/sys_time.o
                0x26f07666                SYS_TIME_DelayMS
 .text.SYS_TIME_DelayIsComplete
                0x26f076b6       0x18 build/sam_a5d27_som1_winc1500/production/_ext/668867648/sys_time.o
                0x26f076b6                SYS_TIME_DelayIsComplete
 .text.DefaultInterruptHandlerForSpurious
                0x26f076ce       0x10 build/sam_a5d27_som1_winc1500/production/_ext/1420715725/interrupts.o
                0x26f076ce                DefaultInterruptHandlerForSpurious
 .text.undefined_instruction_irq_handler
                0x26f076de        0x2 build/sam_a5d27_som1_winc1500/production/_ext/1420715725/fault_handlers.o
                0x26f076de                undefined_instruction_irq_handler
 .text.software_interrupt_irq_handler
                0x26f076e0        0x2 build/sam_a5d27_som1_winc1500/production/_ext/1420715725/fault_handlers.o
                0x26f076e0                software_interrupt_irq_handler
 .text.data_abort_irq_handler
                0x26f076e2        0x2 build/sam_a5d27_som1_winc1500/production/_ext/1420715725/fault_handlers.o
                0x26f076e2                data_abort_irq_handler
 .text.prefetch_abort_irq_handler
                0x26f076e4        0x2 build/sam_a5d27_som1_winc1500/production/_ext/1420715725/fault_handlers.o
                0x26f076e4                prefetch_abort_irq_handler
 *fill*         0x26f076e6        0xa 
 .text          0x26f076f0       0xa4 build/sam_a5d27_som1_winc1500/production/_ext/1420715725/cstartup.o
 .text.SYS_Tasks
                0x26f07794       0x16 build/sam_a5d27_som1_winc1500/production/_ext/1420715725/tasks.o
                0x26f07794                SYS_Tasks
 .text.SYS_Initialize
                0x26f077aa       0x92 build/sam_a5d27_som1_winc1500/production/_ext/1420715725/initialization.o
                0x26f077aa                SYS_Initialize
 .text.main     0x26f0783c        0xe build/sam_a5d27_som1_winc1500/production/_ext/1360937237/main.o
                0x26f0783c                main
 .text.APP_Initialize
                0x26f0784a        0xe build/sam_a5d27_som1_winc1500/production/_ext/1360937237/app.o
                0x26f0784a                APP_Initialize
 .text.APP_Tasks
                0x26f07858       0x84 build/sam_a5d27_som1_winc1500/production/_ext/1360937237/app.o
                0x26f07858                APP_Tasks
 .text.APP_ExampleAPConnectNotifyCallback
                0x26f078dc       0x5c build/sam_a5d27_som1_winc1500/production/_ext/1360937237/example.o
 .text.APP_ExampleDHCPAddressEventCallback
                0x26f07938       0x3c build/sam_a5d27_som1_winc1500/production/_ext/1360937237/example.o
 .text.APP_ExampleSocketEventCallback
                0x26f07974      0x2c4 build/sam_a5d27_som1_winc1500/production/_ext/1360937237/example.o
 .text.APP_ExampleInitialize
                0x26f07c38       0x5e build/sam_a5d27_som1_winc1500/production/_ext/1360937237/example.o
                0x26f07c38                APP_ExampleInitialize
 *fill*         0x26f07c96        0x2 
 .text.APP_ExampleTasks
                0x26f07c98      0x194 build/sam_a5d27_som1_winc1500/production/_ext/1360937237/example.o
                0x26f07c98                APP_ExampleTasks
 *fill*         0x26f07e2c        0x4 
 .text          0x26f07e30      0x278 c:/program files/microchip/xc32/v4.00/bin/bin/../../lib/gcc/pic32c/8.3.1/thumb/v7-a+simd/hard\libgcc.a(_udivsi3.o)
                0x26f07e30                __aeabi_uidiv
                0x26f07e30                __udivsi3
                0x26f0808c                __aeabi_uidivmod
 .text          0x26f080a8      0x2b0 c:/program files/microchip/xc32/v4.00/bin/bin/../../lib/gcc/pic32c/8.3.1/thumb/v7-a+simd/hard\libgcc.a(_divsi3.o)
                0x26f080a8                __divsi3
                0x26f080a8                __aeabi_idiv
                0x26f0833c                __aeabi_idivmod
 .text          0x26f08358        0x4 c:/program files/microchip/xc32/v4.00/bin/bin/../../lib/gcc/pic32c/8.3.1/thumb/v7-a+simd/hard\libgcc.a(_dvmd_tls.o)
                0x26f08358                __aeabi_idiv0
                0x26f08358                __aeabi_ldiv0
 .text          0x26f0835c       0x30 c:/program files/microchip/xc32/v4.00/bin/bin/../../lib/gcc/pic32c/8.3.1/thumb/v7-a+simd/hard\libgcc.a(_aeabi_uldivmod.o)
                0x26f0835c                __aeabi_uldivmod
 .text          0x26f0838c      0x138 c:/program files/microchip/xc32/v4.00/bin/bin/../../lib/gcc/pic32c/8.3.1/thumb/v7-a+simd/hard\libgcc.a(_udivmoddi4.o)
                0x26f0838c                __udivmoddi4
 .text.__dummy  0x26f084c4        0x2 c:/program files/microchip/xc32/v4.00/bin/bin/../../lib/gcc/pic32c/8.3.1/../../../../pic32c/lib/thumb/v7-a+simd/hard\libc-musl.a(__libc_start_main.o)
                0x26f084c4                __init_stdio
                0x26f084c4                __init_host
 *fill*         0x26f084c6        0x2 
 .text.__libc_start_init
                0x26f084c8       0x5c c:/program files/microchip/xc32/v4.00/bin/bin/../../lib/gcc/pic32c/8.3.1/../../../../pic32c/lib/thumb/v7-a+simd/hard\libc-musl.a(__libc_start_main.o)
                0x26f084c8                __libc_init_array
 .text.bin_index
                0x26f08524       0x38 c:/program files/microchip/xc32/v4.00/bin/bin/../../lib/gcc/pic32c/8.3.1/../../../../pic32c/lib/thumb/v7-a+simd/hard\libc-musl.a(malloc.o)
 .text.adjust_size
                0x26f0855c       0x40 c:/program files/microchip/xc32/v4.00/bin/bin/../../lib/gcc/pic32c/8.3.1/../../../../pic32c/lib/thumb/v7-a+simd/hard\libc-musl.a(malloc.o)
 .text.lock_bin
                0x26f0859c       0x20 c:/program files/microchip/xc32/v4.00/bin/bin/../../lib/gcc/pic32c/8.3.1/../../../../pic32c/lib/thumb/v7-a+simd/hard\libc-musl.a(malloc.o)
 .text.unbin    0x26f085bc       0x74 c:/program files/microchip/xc32/v4.00/bin/bin/../../lib/gcc/pic32c/8.3.1/../../../../pic32c/lib/thumb/v7-a+simd/hard\libc-musl.a(malloc.o)
 .text.alloc_fwd
                0x26f08630       0x2c c:/program files/microchip/xc32/v4.00/bin/bin/../../lib/gcc/pic32c/8.3.1/../../../../pic32c/lib/thumb/v7-a+simd/hard\libc-musl.a(malloc.o)
 .text.alloc_rev
                0x26f0865c       0x30 c:/program files/microchip/xc32/v4.00/bin/bin/../../lib/gcc/pic32c/8.3.1/../../../../pic32c/lib/thumb/v7-a+simd/hard\libc-musl.a(malloc.o)
 .text.free     0x26f0868c       0xf4 c:/program files/microchip/xc32/v4.00/bin/bin/../../lib/gcc/pic32c/8.3.1/../../../../pic32c/lib/thumb/v7-a+simd/hard\libc-musl.a(malloc.o)
                0x26f0868c                free
 .text.trim     0x26f08780       0x2e c:/program files/microchip/xc32/v4.00/bin/bin/../../lib/gcc/pic32c/8.3.1/../../../../pic32c/lib/thumb/v7-a+simd/hard\libc-musl.a(malloc.o)
 *fill*         0x26f087ae        0x2 
 .text.malloc   0x26f087b0      0x1b4 c:/program files/microchip/xc32/v4.00/bin/bin/../../lib/gcc/pic32c/8.3.1/../../../../pic32c/lib/thumb/v7-a+simd/hard\libc-musl.a(malloc.o)
                0x26f087b0                malloc
 .text.__expand_heap
                0x26f08964       0x16 c:/program files/microchip/xc32/v4.00/bin/bin/../../lib/gcc/pic32c/8.3.1/../../../../pic32c/lib/thumb/v7-a+simd/hard\libc-musl.a(expand_heap.o)
                0x26f08964                __expand_heap
 *fill*         0x26f0897a        0x2 
 .text.vsnprintf
                0x26f0897c       0x60 c:/program files/microchip/xc32/v4.00/bin/bin/../../lib/gcc/pic32c/8.3.1/../../../../pic32c/lib/thumb/v7-a+simd/hard\libc-musl.a(vsnprintf.o)
                0x26f0897c                vsnprintf
 .text.memcpy   0x26f089dc       0x16 c:/program files/microchip/xc32/v4.00/bin/bin/../../lib/gcc/pic32c/8.3.1/../../../../pic32c/lib/thumb/v7-a+simd/hard\libc-musl.a(memcpy.o)
                0x26f089dc                memcpy
 .text.memset   0x26f089f2       0x10 c:/program files/microchip/xc32/v4.00/bin/bin/../../lib/gcc/pic32c/8.3.1/../../../../pic32c/lib/thumb/v7-a+simd/hard\libc-musl.a(memset.o)
                0x26f089f2                memset
 .text.strlen   0x26f08a02       0x10 c:/program files/microchip/xc32/v4.00/bin/bin/../../lib/gcc/pic32c/8.3.1/../../../../pic32c/lib/thumb/v7-a+simd/hard\libc-musl.a(strlen.o)
                0x26f08a02                strlen
 .text.getint   0x26f08a12       0x1e c:/program files/microchip/xc32/v4.00/bin/bin/../../lib/gcc/pic32c/8.3.1/../../../../pic32c/lib/thumb/v7-a+simd/hard\libc-musl.a(__tz.o)
 .text.getoff   0x26f08a30       0x62 c:/program files/microchip/xc32/v4.00/bin/bin/../../lib/gcc/pic32c/8.3.1/../../../../pic32c/lib/thumb/v7-a+simd/hard\libc-musl.a(__tz.o)
 .text.getrule  0x26f08a92       0x68 c:/program files/microchip/xc32/v4.00/bin/bin/../../lib/gcc/pic32c/8.3.1/../../../../pic32c/lib/thumb/v7-a+simd/hard\libc-musl.a(__tz.o)
 .text.getname  0x26f08afa       0x4e c:/program files/microchip/xc32/v4.00/bin/bin/../../lib/gcc/pic32c/8.3.1/../../../../pic32c/lib/thumb/v7-a+simd/hard\libc-musl.a(__tz.o)
 .text.do_tzset
                0x26f08b48       0xd0 c:/program files/microchip/xc32/v4.00/bin/bin/../../lib/gcc/pic32c/8.3.1/../../../../pic32c/lib/thumb/v7-a+simd/hard\libc-musl.a(__tz.o)
 .text.rule_to_secs
                0x26f08c18       0xd4 c:/program files/microchip/xc32/v4.00/bin/bin/../../lib/gcc/pic32c/8.3.1/../../../../pic32c/lib/thumb/v7-a+simd/hard\libc-musl.a(__tz.o)
 *fill*         0x26f08cec        0x4 
 .text.__secs_to_zone
                0x26f08cf0      0x114 c:/program files/microchip/xc32/v4.00/bin/bin/../../lib/gcc/pic32c/8.3.1/../../../../pic32c/lib/thumb/v7-a+simd/hard\libc-musl.a(__tz.o)
                0x26f08cf0                __secs_to_zone
 .text.mktime   0x26f08e04       0xa0 c:/program files/microchip/xc32/v4.00/bin/bin/../../lib/gcc/pic32c/8.3.1/../../../../pic32c/lib/thumb/v7-a+simd/hard\libc-musl.a(mktime.o)
                0x26f08e04                mktime
 .text.vfprintf
                0x26f08ea4       0x1c c:/program files/microchip/xc32/v4.00/bin/bin/../../lib/gcc/pic32c/8.3.1/../../../../pic32c/lib/thumb/v7-a+simd/hard\libc-musl.a(vfprintf.o)
                0x26f08ea4                vfprintf
 .text.__month_to_secs
                0x26f08ec0       0x1c c:/program files/microchip/xc32/v4.00/bin/bin/../../lib/gcc/pic32c/8.3.1/../../../../pic32c/lib/thumb/v7-a+simd/hard\libc-musl.a(__month_to_secs.o)
                0x26f08ec0                __month_to_secs
 *fill*         0x26f08edc        0x4 
 .text.__secs_to_tm
                0x26f08ee0      0x1e8 c:/program files/microchip/xc32/v4.00/bin/bin/../../lib/gcc/pic32c/8.3.1/../../../../pic32c/lib/thumb/v7-a+simd/hard\libc-musl.a(__secs_to_tm.o)
                0x26f08ee0                __secs_to_tm
 .text.__tm_to_secs
                0x26f090c8       0x80 c:/program files/microchip/xc32/v4.00/bin/bin/../../lib/gcc/pic32c/8.3.1/../../../../pic32c/lib/thumb/v7-a+simd/hard\libc-musl.a(__tm_to_secs.o)
                0x26f090c8                __tm_to_secs
 .text.__year_to_secs
                0x26f09148      0x10c c:/program files/microchip/xc32/v4.00/bin/bin/../../lib/gcc/pic32c/8.3.1/../../../../pic32c/lib/thumb/v7-a+simd/hard\libc-musl.a(__year_to_secs.o)
                0x26f09148                __year_to_secs
 .text.__string_out
                0x26f09254       0x26 c:/program files/microchip/xc32/v4.00/bin/bin/../../lib/gcc/pic32c/8.3.1/../../../../pic32c/lib/thumb/v7-a+simd/hard\libc-musl.a(__printf_core.o)
                0x26f09254                __out
 .text.__pad    0x26f0927a       0x7c c:/program files/microchip/xc32/v4.00/bin/bin/../../lib/gcc/pic32c/8.3.1/../../../../pic32c/lib/thumb/v7-a+simd/hard\libc-musl.a(__printf_core.o)
                0x26f0927a                __pad
 *fill*         0x26f092f6        0x2 
 .text.__fmt_state
                0x26f092f8       0x38 c:/program files/microchip/xc32/v4.00/bin/bin/../../lib/gcc/pic32c/8.3.1/../../../../pic32c/lib/thumb/v7-a+simd/hard\libc-musl.a(__printf_core.o)
                0x26f092f8                __fmt_state
 .text.__printf_core
                0x26f09330      0x2f4 c:/program files/microchip/xc32/v4.00/bin/bin/../../lib/gcc/pic32c/8.3.1/../../../../pic32c/lib/thumb/v7-a+simd/hard\libc-musl.a(__printf_core.o)
                0x26f09330                __printf_core
 .text.atoi     0x26f09624       0x44 c:/program files/microchip/xc32/v4.00/bin/bin/../../lib/gcc/pic32c/8.3.1/../../../../pic32c/lib/thumb/v7-a+simd/hard\libc-musl.a(atoi.o)
                0x26f09624                atoi
 .text.tolower  0x26f09668        0xe c:/program files/microchip/xc32/v4.00/bin/bin/../../lib/gcc/pic32c/8.3.1/../../../../pic32c/lib/thumb/v7-a+simd/hard\libc-musl.a(tolower.o)
                0x26f09668                tolower
 *fill*         0x26f09676        0x2 
 .text.__fmt_a  0x26f09678      0x3d0 c:/program files/microchip/xc32/v4.00/bin/bin/../../lib/gcc/pic32c/8.3.1/../../../../pic32c/lib/thumb/v7-a+simd/hard\libc-musl.a(__fmt_a.o)
                0x26f09678                __fmt_a_needed
                0x26f09678                __fmt_a
 .text.__fmt_d  0x26f09a48       0xa8 c:/program files/microchip/xc32/v4.00/bin/bin/../../lib/gcc/pic32c/8.3.1/../../../../pic32c/lib/thumb/v7-a+simd/hard\libc-musl.a(__fmt_d.o)
                0x26f09a48                __fmt_d
                0x26f09a48                __fmt_d_needed
 .text.__fmt_fp
                0x26f09af0      0x3b8 c:/program files/microchip/xc32/v4.00/bin/bin/../../lib/gcc/pic32c/8.3.1/../../../../pic32c/lib/thumb/v7-a+simd/hard\libc-musl.a(__fmt_fp.o)
                0x26f09af0                __fmt_f_needed
                0x26f09af0                __fmt_fp
 .text.__fmt_o  0x26f09ea8       0x76 c:/program files/microchip/xc32/v4.00/bin/bin/../../lib/gcc/pic32c/8.3.1/../../../../pic32c/lib/thumb/v7-a+simd/hard\libc-musl.a(__fmt_o.o)
                0x26f09ea8                __fmt_o
                0x26f09ea8                __fmt_o_needed
 *fill*         0x26f09f1e        0x2 
 .text.__fmt_s  0x26f09f20       0x58 c:/program files/microchip/xc32/v4.00/bin/bin/../../lib/gcc/pic32c/8.3.1/../../../../pic32c/lib/thumb/v7-a+simd/hard\libc-musl.a(__fmt_s.o)
                0x26f09f20                __fmt_s
                0x26f09f20                __fmt_0_needed
                0x26f09f20                __fmt_s_needed
 .text.__cvt_u  0x26f09f78       0x84 c:/program files/microchip/xc32/v4.00/bin/bin/../../lib/gcc/pic32c/8.3.1/../../../../pic32c/lib/thumb/v7-a+simd/hard\libc-musl.a(__fmt_u.o)
                0x26f09f78                __cvt_u
 .text.__fmt_u  0x26f09ffc       0x56 c:/program files/microchip/xc32/v4.00/bin/bin/../../lib/gcc/pic32c/8.3.1/../../../../pic32c/lib/thumb/v7-a+simd/hard\libc-musl.a(__fmt_u.o)
                0x26f09ffc                __fmt_u_needed
                0x26f09ffc                __fmt_u
 .text.__fmt_x  0x26f0a052      0x11a c:/program files/microchip/xc32/v4.00/bin/bin/../../lib/gcc/pic32c/8.3.1/../../../../pic32c/lib/thumb/v7-a+simd/hard\libc-musl.a(__fmt_x.o)
                0x26f0a052                __fmt_x_needed
                0x26f0a052                __fmt_x
 .text.__pop_float
                0x26f0a16c       0x2a c:/program files/microchip/xc32/v4.00/bin/bin/../../lib/gcc/pic32c/8.3.1/../../../../pic32c/lib/thumb/v7-a+simd/hard\libc-musl.a(__pop_float.o)
                0x26f0a16c                __pop_float_needed
                0x26f0a16c                __pop_float
 .text.__pop_int
                0x26f0a196       0xa0 c:/program files/microchip/xc32/v4.00/bin/bin/../../lib/gcc/pic32c/8.3.1/../../../../pic32c/lib/thumb/v7-a+simd/hard\libc-musl.a(__pop_int.o)
                0x26f0a196                __pop_int_needed
                0x26f0a196                __pop_int
 .text.__pop_ptr
                0x26f0a236       0x7c c:/program files/microchip/xc32/v4.00/bin/bin/../../lib/gcc/pic32c/8.3.1/../../../../pic32c/lib/thumb/v7-a+simd/hard\libc-musl.a(__pop_ptr.o)
                0x26f0a236                __pop_ptr
                0x26f0a236                __pop_ptr_needed
 .text.strcpy   0x26f0a2b2        0xc c:/program files/microchip/xc32/v4.00/bin/bin/../../lib/gcc/pic32c/8.3.1/../../../../pic32c/lib/thumb/v7-a+simd/hard\libc-musl.a(strcpy.o)
                0x26f0a2b2                strcpy
 .text.toupper  0x26f0a2be        0xe c:/program files/microchip/xc32/v4.00/bin/bin/../../lib/gcc/pic32c/8.3.1/../../../../pic32c/lib/thumb/v7-a+simd/hard\libc-musl.a(toupper.o)
                0x26f0a2be                toupper
 .text.stpcpy   0x26f0a2cc       0x12 c:/program files/microchip/xc32/v4.00/bin/bin/../../lib/gcc/pic32c/8.3.1/../../../../pic32c/lib/thumb/v7-a+simd/hard\libc-musl.a(stpcpy.o)
                0x26f0a2cc                __stpcpy
                0x26f0a2cc                stpcpy
 *fill*         0x26f0a2de        0x2 
 .text.floor    0x26f0a2e0       0x90 c:/program files/microchip/xc32/v4.00/bin/bin/../../lib/gcc/pic32c/8.3.1/../../../../pic32c/lib/thumb/v7-a+simd/hard\libm-musl.a(floor.o)
                0x26f0a2e0                floor
 .text.normalize
                0x26f0a370       0x74 c:/program files/microchip/xc32/v4.00/bin/bin/../../lib/gcc/pic32c/8.3.1/../../../../pic32c/lib/thumb/v7-a+simd/hard\libm-musl.a(fma.o)
 *fill*         0x26f0a3e4        0x4 
 .text.fma      0x26f0a3e8      0x5b4 c:/program files/microchip/xc32/v4.00/bin/bin/../../lib/gcc/pic32c/8.3.1/../../../../pic32c/lib/thumb/v7-a+simd/hard\libm-musl.a(fma.o)
                0x26f0a3e8                fma
 *fill*         0x26f0a99c        0x4 
 .text.scalbn   0x26f0a9a0       0x7c c:/program files/microchip/xc32/v4.00/bin/bin/../../lib/gcc/pic32c/8.3.1/../../../../pic32c/lib/thumb/v7-a+simd/hard\libm-musl.a(scalbn.o)
                0x26f0a9a0                scalbn
 .text._sbrk    0x26f0aa1c       0x30 c:/program files/microchip/xc32/v4.00/bin/bin/../../lib/gcc/pic32c/8.3.1/../../../../pic32c/lib/thumb/v7-a+simd/hard\libpic32c.a(sbrk.o)
                0x26f0aa1c                _sbrk
 .text          0x26f0aa4c      0x378 c:/program files/microchip/xc32/v4.00/bin/bin/../../lib/gcc/pic32c/8.3.1/thumb/v7-a+simd/hard\libgcc.a(_arm_addsubdf3.o)
                0x26f0aa4c                __aeabi_drsub
                0x26f0aa54                __aeabi_dsub
                0x26f0aa54                __subdf3
                0x26f0aa58                __aeabi_dadd
                0x26f0aa58                __adddf3
                0x26f0acd0                __floatunsidf
                0x26f0acd0                __aeabi_ui2d
                0x26f0acf0                __floatsidf
                0x26f0acf0                __aeabi_i2d
                0x26f0ad14                __aeabi_f2d
                0x26f0ad14                __extendsfdf2
                0x26f0ad58                __floatundidf
                0x26f0ad58                __aeabi_ul2d
                0x26f0ad68                __floatdidf
                0x26f0ad68                __aeabi_l2d
 .text          0x26f0adc4       0xa0 c:/program files/microchip/xc32/v4.00/bin/bin/../../lib/gcc/pic32c/8.3.1/thumb/v7-a+simd/hard\libgcc.a(_aeabi_ldivmod.o)
                0x26f0adc4                __aeabi_ldivmod
 *(.rodata .rodata* .gnu.linkonce.r.*)
 .rodata        0x26f0ae64      0x124 build/sam_a5d27_som1_winc1500/production/_ext/1971804060/drv_spi.o
 .rodata        0x26f0af88       0x14 build/sam_a5d27_som1_winc1500/production/_ext/467732753/wdrv_winc_spi.o
 .rodata        0x26f0af9c      0x37c build/sam_a5d27_som1_winc1500/production/_ext/492885778/m2m_hif.o
 .rodata        0x26f0b318       0xd4 build/sam_a5d27_som1_winc1500/production/_ext/492885778/nmdrv.o
 .rodata        0x26f0b3ec      0x35c build/sam_a5d27_som1_winc1500/production/_ext/492885778/m2m_wifi.o
 .rodata        0x26f0b748       0xdc build/sam_a5d27_som1_winc1500/production/_ext/492885778/m2m_ssl.o
 .rodata        0x26f0b824      0x124 build/sam_a5d27_som1_winc1500/production/_ext/492885778/nmasic.o
 .rodata        0x26f0b948      0x664 build/sam_a5d27_som1_winc1500/production/_ext/492885778/nmspi.o
 .rodata.crc7_syndrome_table
                0x26f0bfac      0x100 build/sam_a5d27_som1_winc1500/production/_ext/492885778/nmspi.o
 .rodata        0x26f0c0ac       0xd4 build/sam_a5d27_som1_winc1500/production/_ext/492885778/m2m_ota.o
 .rodata        0x26f0c180      0x110 build/sam_a5d27_som1_winc1500/production/_ext/919363165/socket.o
 .rodata        0x26f0c290       0x74 build/sam_a5d27_som1_winc1500/production/_ext/1528743604/wdrv_winc.o
 .rodata.portNumCb
                0x26f0c304        0x8 build/sam_a5d27_som1_winc1500/production/_ext/192053755/plib_pio.o
 .rodata.sysConsoleUARTDevDesc
                0x26f0c30c       0x2c build/sam_a5d27_som1_winc1500/production/_ext/1238961202/sys_console_uart.o
                0x26f0c30c                sysConsoleUARTDevDesc
 .rodata.debugInit
                0x26f0c338        0x4 build/sam_a5d27_som1_winc1500/production/_ext/1420715725/initialization.o
                0x26f0c338                debugInit
 .rodata.drvSPI0InitData
                0x26f0c33c       0x30 build/sam_a5d27_som1_winc1500/production/_ext/1420715725/initialization.o
                0x26f0c33c                drvSPI0InitData
 .rodata.drvSPI0InterruptSources
                0x26f0c36c       0x18 build/sam_a5d27_som1_winc1500/production/_ext/1420715725/initialization.o
                0x26f0c36c                drvSPI0InterruptSources
 .rodata.drvSPI0PlibAPI
                0x26f0c384       0x10 build/sam_a5d27_som1_winc1500/production/_ext/1420715725/initialization.o
                0x26f0c384                drvSPI0PlibAPI
 .rodata.drvSPI0remapClockPhase
                0x26f0c394        0x8 build/sam_a5d27_som1_winc1500/production/_ext/1420715725/initialization.o
                0x26f0c394                drvSPI0remapClockPhase
 .rodata.drvSPI0remapClockPolarity
                0x26f0c39c        0x8 build/sam_a5d27_som1_winc1500/production/_ext/1420715725/initialization.o
                0x26f0c39c                drvSPI0remapClockPolarity
 .rodata.drvSPI0remapDataBits
                0x26f0c3a4       0x28 build/sam_a5d27_som1_winc1500/production/_ext/1420715725/initialization.o
                0x26f0c3a4                drvSPI0remapDataBits
 .rodata.sysConsole0Init
                0x26f0c3cc        0xc build/sam_a5d27_som1_winc1500/production/_ext/1420715725/initialization.o
                0x26f0c3cc                sysConsole0Init
 .rodata.sysConsole0UARTInitData
                0x26f0c3d8        0x4 build/sam_a5d27_som1_winc1500/production/_ext/1420715725/initialization.o
                0x26f0c3d8                sysConsole0UARTInitData
 .rodata.sysConsole0UARTPlibAPI
                0x26f0c3dc       0x18 build/sam_a5d27_som1_winc1500/production/_ext/1420715725/initialization.o
                0x26f0c3dc                sysConsole0UARTPlibAPI
 .rodata.sysTimeInitData
                0x26f0c3f4        0x8 build/sam_a5d27_som1_winc1500/production/_ext/1420715725/initialization.o
                0x26f0c3f4                sysTimeInitData
 .rodata.sysTimePlibAPI
                0x26f0c3fc       0x1c build/sam_a5d27_som1_winc1500/production/_ext/1420715725/initialization.o
                0x26f0c3fc                sysTimePlibAPI
 .rodata.wdrvWincInitData
                0x26f0c418        0x8 build/sam_a5d27_som1_winc1500/production/_ext/1420715725/initialization.o
 .rodata        0x26f0c420      0x334 build/sam_a5d27_som1_winc1500/production/_ext/1360937237/example.o
 .rodata        0x26f0c754       0x5c c:/program files/microchip/xc32/v4.00/bin/bin/../../lib/gcc/pic32c/8.3.1/../../../../pic32c/lib/thumb/v7-a+simd/hard\libc-musl.a(malloc.o)
 .rodata        0x26f0c7b0        0x4 c:/program files/microchip/xc32/v4.00/bin/bin/../../lib/gcc/pic32c/8.3.1/../../../../pic32c/lib/thumb/v7-a+simd/hard\libc-musl.a(__tz.o)
                0x26f0c7b0                __gmt
 .rodata        0x26f0c7b4       0x30 c:/program files/microchip/xc32/v4.00/bin/bin/../../lib/gcc/pic32c/8.3.1/../../../../pic32c/lib/thumb/v7-a+simd/hard\libc-musl.a(__month_to_secs.o)
 .rodata        0x26f0c7e4        0xc c:/program files/microchip/xc32/v4.00/bin/bin/../../lib/gcc/pic32c/8.3.1/../../../../pic32c/lib/thumb/v7-a+simd/hard\libc-musl.a(__secs_to_tm.o)
 .rodata        0x26f0c7f0       0x1c c:/program files/microchip/xc32/v4.00/bin/bin/../../lib/gcc/pic32c/8.3.1/../../../../pic32c/lib/thumb/v7-a+simd/hard\libc-musl.a(__printf_core.o)
 .rodata        0x26f0c80c       0x10 c:/program files/microchip/xc32/v4.00/bin/bin/../../lib/gcc/pic32c/8.3.1/../../../../pic32c/lib/thumb/v7-a+simd/hard\libc-musl.a(__fmt_a.o)
 .rodata        0x26f0c81c       0x10 c:/program files/microchip/xc32/v4.00/bin/bin/../../lib/gcc/pic32c/8.3.1/../../../../pic32c/lib/thumb/v7-a+simd/hard\libc-musl.a(__fmt_fp.o)
 .rodata        0x26f0c82c        0x7 c:/program files/microchip/xc32/v4.00/bin/bin/../../lib/gcc/pic32c/8.3.1/../../../../pic32c/lib/thumb/v7-a+simd/hard\libc-musl.a(__fmt_s.o)
 *(.ARM.extab* .gnu.linkonce.armextab.*)
                0x26f0c834                . = ALIGN (0x4)
 *fill*         0x26f0c833        0x1 
 *(.init)
 .init          0x26f0c834        0x4 c:/program files/microchip/xc32/v4.00/bin/bin/../../lib/gcc/pic32c/8.3.1/thumb/v7-a+simd/hard/crti.o
                0x26f0c834                _init
 .init          0x26f0c838        0x8 c:/program files/microchip/xc32/v4.00/bin/bin/../../lib/gcc/pic32c/8.3.1/thumb/v7-a+simd/hard/crtn.o
                0x26f0c840                . = ALIGN (0x4)
                0x26f0c840                __preinit_array_start = .
 *(.preinit_array)
                0x26f0c840                __preinit_array_end = .
                0x26f0c840                . = ALIGN (0x4)
                0x26f0c840                __init_array_start = .
 *(SORT_BY_NAME(.init_array.*))
 *(.init_array)
 .init_array    0x26f0c840        0x4 c:/program files/microchip/xc32/v4.00/bin/bin/../../lib/gcc/pic32c/8.3.1/thumb/v7-a+simd/hard/crtbegin.o
                0x26f0c844                __init_array_end = .
                0x26f0c844                . = ALIGN (0x4)
 *crtbegin.o(.ctors)
 *(EXCLUDE_FILE(*crtend.o) .ctors)
 *(SORT_BY_NAME(.ctors.*))
 *crtend.o(.ctors)
                0x26f0c844                . = ALIGN (0x4)
 *(.fini)
 .fini          0x26f0c844        0x4 c:/program files/microchip/xc32/v4.00/bin/bin/../../lib/gcc/pic32c/8.3.1/thumb/v7-a+simd/hard/crti.o
                0x26f0c844                _fini
 .fini          0x26f0c848        0x8 c:/program files/microchip/xc32/v4.00/bin/bin/../../lib/gcc/pic32c/8.3.1/thumb/v7-a+simd/hard/crtn.o
                0x26f0c850                . = ALIGN (0x4)
                0x26f0c850                __fini_array_start = .
 *(.fini_array)
 .fini_array    0x26f0c850        0x4 c:/program files/microchip/xc32/v4.00/bin/bin/../../lib/gcc/pic32c/8.3.1/thumb/v7-a+simd/hard/crtbegin.o
 *(SORT_BY_NAME(.fini_array.*))
                0x26f0c854                __fini_array_end = .
 *crtbegin.o(.dtors)
 *(EXCLUDE_FILE(*crtend.o) .dtors)
 *(SORT_BY_NAME(.dtors.*))
 *crtend.o(.dtors)
 *(.dinit*)
                0x26f0c854                . = ALIGN (0x4)

.data           0x26f0c854       0x84
 *(.data .data.*)
 .data.egstrNmBusCapabilities
                0x26f0c854        0x2 build/sam_a5d27_som1_winc1500/production/_ext/492885778/nmbus.o
                0x26f0c854                egstrNmBusCapabilities
 .data.genuStatus
                0x26f0c856        0x1 build/sam_a5d27_som1_winc1500/production/_ext/492885778/m2m_ssl.o
 .data.gu8CurrFileHandlerID
                0x26f0c857        0x1 build/sam_a5d27_som1_winc1500/production/_ext/492885778/m2m_ota.o
 .data.gSysTimeTokenCount
                0x26f0c858        0x2 build/sam_a5d27_som1_winc1500/production/_ext/668867648/sys_time.o
 *fill*         0x26f0c85a        0x2 
 .data.irqData  0x26f0c85c       0x64 build/sam_a5d27_som1_winc1500/production/_ext/1420715725/interrupts.o
                0x26f0c85c                irqData
 .data.irqDataEntryCount
                0x26f0c8c0        0x4 build/sam_a5d27_som1_winc1500/production/_ext/1420715725/interrupts.o
                0x26f0c8c0                irqDataEntryCount
 .data.msg_wifi_product
                0x26f0c8c4        0x9 build/sam_a5d27_som1_winc1500/production/_ext/1360937237/example.o
 .data.serverSocket
                0x26f0c8cd        0x1 build/sam_a5d27_som1_winc1500/production/_ext/1360937237/example.o
 .data.tcp_client_socket
                0x26f0c8ce        0x1 build/sam_a5d27_som1_winc1500/production/_ext/1360937237/example.o
 *fill*         0x26f0c8cf        0x1 
 .data          0x26f0c8d0        0x8 c:/program files/microchip/xc32/v4.00/bin/bin/../../lib/gcc/pic32c/8.3.1/../../../../pic32c/lib/thumb/v7-a+simd/hard\libc-musl.a(__tz.o)
                0x26f0c8d8                . = ALIGN (0x4)
                0x26f0c8d8                _efixed = .
                [!provide]                PROVIDE (__exidx_start = .)

.ARM.exidx      0x26f0c8d8        0x8
 *(.ARM.exidx* .gnu.linkonce.armexidx.*)
 .ARM.exidx     0x26f0c8d8        0x8 c:/program files/microchip/xc32/v4.00/bin/bin/../../lib/gcc/pic32c/8.3.1/thumb/v7-a+simd/hard\libgcc.a(_udivmoddi4.o)
                [!provide]                PROVIDE (__exidx_end = .)
                0x26f0c8e0                . = ALIGN (0x4)
                0x26f0c8e0                _etext = .

.relocate       0x00200000       0x3c load address 0x26f0c8e0
                0x00200000                . = ALIGN (0x4)
                0x00200000                _srelocate = .
 *(.vectors .vectors.*)
 .vectors       0x00200000       0x3c build/sam_a5d27_som1_winc1500/production/_ext/1420715725/cstartup.o
 *(.ramfunc)
                0x0020003c                . = ALIGN (0x4)
                0x0020003c                _erelocate = .

.region_cache_aligned_const
                0x26f0c91c        0x4
                0x26f0c920                . = ALIGN (0x20)
 *fill*         0x26f0c91c        0x4 
 *(.region_cache_aligned_const .region_cache_aligned_const.*)
                0x26f0c920                . = ALIGN (0x20)

.region_sram    0x0020003c        0x0
                0x0020003c                . = ALIGN (0x4)
 *(.region_sram .region_sram.*)

.region_ram     0x26f0c920        0x0
                0x26f0c920                . = ALIGN (0x4)
 *(.region_ram .region_ram.*)

.region_nocache
                0x20000000        0x0
                0x20000000                . = ALIGN (0x4)
 *(.region_nocache .region_nocache.*)

.bss            0x26f10000     0x8ed0
                0x26f10000                . = ALIGN (0x4)
                0x26f10000                _szero = .
 *(.bss .bss.*)
 .bss           0x26f10000       0x1c c:/program files/microchip/xc32/v4.00/bin/bin/../../lib/gcc/pic32c/8.3.1/thumb/v7-a+simd/hard/crtbegin.o
 .bss.gDrvSPIObj
                0x26f1001c       0x6c build/sam_a5d27_som1_winc1500/production/_ext/1971804060/drv_spi.o
 *fill*         0x26f10088       0x18 
 .bss.txDummyData
                0x26f100a0       0x20 build/sam_a5d27_som1_winc1500/production/_ext/1971804060/drv_spi.o
 .bss.dummy.11539
                0x26f100c0        0x1 build/sam_a5d27_som1_winc1500/production/_ext/467732753/wdrv_winc_spi.o
 *fill*         0x26f100c1        0x3 
 .bss.spiDcpt   0x26f100c4       0x14 build/sam_a5d27_som1_winc1500/production/_ext/467732753/wdrv_winc_spi.o
 .bss.gstrHifCxt
                0x26f100d8       0x28 build/sam_a5d27_som1_winc1500/production/_ext/492885778/m2m_hif.o
                0x26f100d8                gstrHifCxt
 .bss.hifSemaphore
                0x26f10100        0x1 build/sam_a5d27_som1_winc1500/production/_ext/492885778/m2m_hif.o
 *fill*         0x26f10101        0x3 
 .bss.gau8ethRcvBuf
                0x26f10104        0x4 build/sam_a5d27_som1_winc1500/production/_ext/492885778/m2m_wifi.o
 .bss.gpfAppEthCb
                0x26f10108        0x4 build/sam_a5d27_som1_winc1500/production/_ext/492885778/m2m_wifi.o
 .bss.gpfAppWifiCb
                0x26f1010c        0x4 build/sam_a5d27_som1_winc1500/production/_ext/492885778/m2m_wifi.o
 .bss.gu16ethRcvBufSize
                0x26f10110        0x2 build/sam_a5d27_som1_winc1500/production/_ext/492885778/m2m_wifi.o
 .bss.gu8ChNum  0x26f10112        0x1 build/sam_a5d27_som1_winc1500/production/_ext/492885778/m2m_wifi.o
 .bss.gu8WifiState
                0x26f10113        0x1 build/sam_a5d27_som1_winc1500/production/_ext/492885778/m2m_wifi.o
 .bss.gu8scanInProgress
                0x26f10114        0x1 build/sam_a5d27_som1_winc1500/production/_ext/492885778/m2m_wifi.o
 *fill*         0x26f10115        0x3 
 .bss.gpfAppSSLCb
                0x26f10118        0x4 build/sam_a5d27_som1_winc1500/production/_ext/492885778/m2m_ssl.o
 .bss.gu32HIFAddr
                0x26f1011c        0x4 build/sam_a5d27_som1_winc1500/production/_ext/492885778/m2m_ssl.o
 .bss.chipid.11184
                0x26f10120        0x4 build/sam_a5d27_som1_winc1500/production/_ext/492885778/nmasic.o
 .bss.gu8Crc_off
                0x26f10124        0x1 build/sam_a5d27_som1_winc1500/production/_ext/492885778/nmspi.o
 .bss.s_spiLock
                0x26f10125        0x1 build/sam_a5d27_som1_winc1500/production/_ext/492885778/nmspi.o
 *fill*         0x26f10126        0x2 
 .bss.FileBlock
                0x26f10128        0x8 build/sam_a5d27_som1_winc1500/production/_ext/492885778/m2m_ota.o
 .bss.gpfHFDEraseCb
                0x26f10130        0x4 build/sam_a5d27_som1_winc1500/production/_ext/492885778/m2m_ota.o
 .bss.gpfHFDGetCb
                0x26f10134        0x4 build/sam_a5d27_som1_winc1500/production/_ext/492885778/m2m_ota.o
 .bss.gpfHFDReadCb
                0x26f10138        0x4 build/sam_a5d27_som1_winc1500/production/_ext/492885778/m2m_ota.o
 .bss.gpfOtaNotifCb
                0x26f1013c        0x4 build/sam_a5d27_som1_winc1500/production/_ext/492885778/m2m_ota.o
 .bss.gpfOtaUpdateCb
                0x26f10140        0x4 build/sam_a5d27_som1_winc1500/production/_ext/492885778/m2m_ota.o
 .bss.u32FlashHFDSize.11717
                0x26f10144        0x4 build/sam_a5d27_som1_winc1500/production/_ext/492885778/m2m_ota.o
 .bss.u32FlashHFDStart.11716
                0x26f10148        0x4 build/sam_a5d27_som1_winc1500/production/_ext/492885778/m2m_ota.o
 .bss.gastrSockets
                0x26f1014c       0xb0 build/sam_a5d27_som1_winc1500/production/_ext/919363165/socket.o
                0x26f1014c                gastrSockets
 .bss.gbSocketInit
                0x26f101fc        0x1 build/sam_a5d27_som1_winc1500/production/_ext/919363165/socket.o
                0x26f101fc                gbSocketInit
 *fill*         0x26f101fd        0x3 
 .bss.gfpPingCb
                0x26f10200        0x4 build/sam_a5d27_som1_winc1500/production/_ext/919363165/socket.o
 .bss.gpfAppResolveCb
                0x26f10204        0x4 build/sam_a5d27_som1_winc1500/production/_ext/919363165/socket.o
                0x26f10204                gpfAppResolveCb
 .bss.gpfAppSocketCb
                0x26f10208        0x4 build/sam_a5d27_som1_winc1500/production/_ext/919363165/socket.o
                0x26f10208                gpfAppSocketCb
 .bss.gu16SessionID
                0x26f1020c        0x2 build/sam_a5d27_som1_winc1500/production/_ext/919363165/socket.o
                0x26f1020c                gu16SessionID
 *fill*         0x26f1020e        0x2 
 .bss.gu32PingId
                0x26f10210        0x4 build/sam_a5d27_som1_winc1500/production/_ext/919363165/socket.o
 .bss.u8NextTcpSock.11497
                0x26f10214        0x1 build/sam_a5d27_som1_winc1500/production/_ext/919363165/socket.o
 .bss.u8NextUdpSock.11498
                0x26f10215        0x1 build/sam_a5d27_som1_winc1500/production/_ext/919363165/socket.o
 *fill*         0x26f10216        0x2 
 .bss.wincCtrlDescriptor
                0x26f10218      0x100 build/sam_a5d27_som1_winc1500/production/_ext/1528743604/wdrv_winc.o
 .bss.wincDescriptor
                0x26f10318       0x10 build/sam_a5d27_som1_winc1500/production/_ext/1528743604/wdrv_winc.o
 .bss.flexcom4SpiObj
                0x26f10328       0x2c build/sam_a5d27_som1_winc1500/production/_ext/1834821283/plib_flexcom4_spi_master.o
                0x26f10328                flexcom4SpiObj
 .bss.isLastByteTransferInProgress.8330
                0x26f10354        0x1 build/sam_a5d27_som1_winc1500/production/_ext/1834821283/plib_flexcom4_spi_master.o
 *fill*         0x26f10355     0x3cab 
 .bss.tlb       0x26f14000     0x4000 build/sam_a5d27_som1_winc1500/production/_ext/192056508/plib_mmu.o
 .bss.portPinCbObj
                0x26f18000        0xc build/sam_a5d27_som1_winc1500/production/_ext/192053755/plib_pio.o
 .bss.TC0_CH0_CallbackObj
                0x26f1800c        0x8 build/sam_a5d27_som1_winc1500/production/_ext/6195168/plib_tc0.o
 .bss.UART1_ReadBuffer
                0x26f18014       0x80 build/sam_a5d27_som1_winc1500/production/_ext/1658557633/plib_uart1.o
 .bss.UART1_WriteBuffer
                0x26f18094      0x12c build/sam_a5d27_som1_winc1500/production/_ext/1658557633/plib_uart1.o
 .bss.uart1Obj  0x26f181c0       0x38 build/sam_a5d27_som1_winc1500/production/_ext/1658557633/plib_uart1.o
                0x26f181c0                uart1Obj
 .bss.xdmacChannelObj
                0x26f181f8       0x20 build/sam_a5d27_som1_winc1500/production/_ext/127175570/plib_xdmac0.o
                0x26f181f8                xdmacChannelObj
 .bss.consoleDeviceInstance
                0x26f18218        0xc build/sam_a5d27_som1_winc1500/production/_ext/1238961202/sys_console.o
 .bss.consolePrintBuffer
                0x26f18224       0xc8 build/sam_a5d27_som1_winc1500/production/_ext/1238961202/sys_console.o
 .bss.consolePrintBufferMutex
                0x26f182ec        0x1 build/sam_a5d27_som1_winc1500/production/_ext/1238961202/sys_console.o
 .bss.isConsoleMutexCreated
                0x26f182ed        0x1 build/sam_a5d27_som1_winc1500/production/_ext/1238961202/sys_console.o
 *fill*         0x26f182ee        0x2 
 .bss.gConsoleUartData
                0x26f182f0       0x10 build/sam_a5d27_som1_winc1500/production/_ext/1238961202/sys_console_uart.o
 .bss.gblErrLvl
                0x26f18300        0x1 build/sam_a5d27_som1_winc1500/production/_ext/931592374/sys_debug.o
                0x26f18300                gblErrLvl
 *fill*         0x26f18301        0x3 
 .bss.sysDebugInstance
                0x26f18304        0x4 build/sam_a5d27_som1_winc1500/production/_ext/931592374/sys_debug.o
 .bss.gSystemCounterObj
                0x26f18308       0x38 build/sam_a5d27_som1_winc1500/production/_ext/668867648/sys_time.o
 .bss.timers    0x26f18340       0xa0 build/sam_a5d27_som1_winc1500/production/_ext/668867648/sys_time.o
 .bss.spuriousEventCount
                0x26f183e0        0x4 build/sam_a5d27_som1_winc1500/production/_ext/1420715725/interrupts.o
                0x26f183e0                spuriousEventCount
 .bss.drvSPI0ClientObjPool
                0x26f183e4       0x28 build/sam_a5d27_som1_winc1500/production/_ext/1420715725/initialization.o
 .bss.drvSPI0TransferObjPool
                0x26f1840c       0x90 build/sam_a5d27_som1_winc1500/production/_ext/1420715725/initialization.o
 .bss.sysObj    0x26f1849c       0x14 build/sam_a5d27_som1_winc1500/production/_ext/1420715725/initialization.o
                0x26f1849c                sysObj
 .bss.wdrvWincSpiInitData
                0x26f184b0        0x2 build/sam_a5d27_som1_winc1500/production/_ext/1420715725/initialization.o
 *fill*         0x26f184b2        0x2 
 .bss.appData   0x26f184b4        0x8 build/sam_a5d27_som1_winc1500/production/_ext/1360937237/app.o
                0x26f184b4                appData
 .bss.wdrvHandle
                0x26f184bc        0x4 build/sam_a5d27_som1_winc1500/production/_ext/1360937237/app.o
 .bss.authCtx   0x26f184c0      0x170 build/sam_a5d27_som1_winc1500/production/_ext/1360937237/example.o
 .bss.bssCtx    0x26f18630       0x2a build/sam_a5d27_som1_winc1500/production/_ext/1360937237/example.o
 *fill*         0x26f1865a        0x2 
 .bss.recvBuffer
                0x26f1865c      0x5b4 build/sam_a5d27_som1_winc1500/production/_ext/1360937237/example.o
 .bss.state     0x26f18c10        0x1 build/sam_a5d27_som1_winc1500/production/_ext/1360937237/example.o
 *fill*         0x26f18c11        0x3 
 .bss           0x26f18c14       0x50 c:/program files/microchip/xc32/v4.00/bin/bin/../../lib/gcc/pic32c/8.3.1/../../../../pic32c/lib/thumb/v7-a+simd/hard\libc-musl.a(libc.o)
                0x26f18c14                __progname_full
                0x26f18c14                program_invocation_name
                0x26f18c18                program_invocation_short_name
                0x26f18c18                __progname
                0x26f18c1c                __sysinfo
                0x26f18c20                __hwcap
                0x26f18c24                __libc
 *fill*         0x26f18c64        0x4 
 .bss           0x26f18c68      0x20c c:/program files/microchip/xc32/v4.00/bin/bin/../../lib/gcc/pic32c/8.3.1/../../../../pic32c/lib/thumb/v7-a+simd/hard\libc-musl.a(malloc.o)
 .bss           0x26f18e74       0x50 c:/program files/microchip/xc32/v4.00/bin/bin/../../lib/gcc/pic32c/8.3.1/../../../../pic32c/lib/thumb/v7-a+simd/hard\libc-musl.a(__tz.o)
                0x26f18e7c                __tzname
                0x26f18e7c                tzname
                0x26f18e84                timezone
                0x26f18e84                __timezone
                0x26f18e90                daylight
                0x26f18e90                __daylight
 .bss           0x26f18ec4        0x4 c:/program files/microchip/xc32/v4.00/bin/bin/../../lib/gcc/pic32c/8.3.1/../../../../pic32c/lib/thumb/v7-a+simd/hard\libc-musl.a(__environ.o)
                0x26f18ec4                __environ
                0x26f18ec4                environ
                0x26f18ec4                ___environ
                0x26f18ec4                _environ
 .bss           0x26f18ec8        0x4 c:/program files/microchip/xc32/v4.00/bin/bin/../../lib/gcc/pic32c/8.3.1/../../../../pic32c/lib/thumb/v7-a+simd/hard\libc-musl.a(__errno_location.o)
                0x26f18ec8                __errno_val
 .bss           0x26f18ecc        0x4 c:/program files/microchip/xc32/v4.00/bin/bin/../../lib/gcc/pic32c/8.3.1/../../../../pic32c/lib/thumb/v7-a+simd/hard\libpic32c.a(sbrk.o)
 *(COMMON)
                0x26f18ed0                . = ALIGN (0x4)
                0x26f18ed0                _ezero = .

.region_cache_aligned
                0x26f18ed0       0x10
                0x26f18ee0                . = ALIGN (0x20)
 *fill*         0x26f18ed0       0x10 
 *(.region_cache_aligned .region_cache_aligned.*)
                0x26f18ee0                . = ALIGN (0x20)

.stacks         0x26f18ee0     0x2140
                0x26f18f40                . = (. + IRQ_STACK_SIZE)
 *fill*         0x26f18ee0       0x60 
                0x26f18f40                . = ALIGN (0x8)
                0x26f18f40                _irqstack = .
                0x26f18fa0                . = (. + FIQ_STACK_SIZE)
 *fill*         0x26f18f40       0x60 
                0x26f18fa0                . = ALIGN (0x8)
                0x26f18fa0                _fiqstack = .
                0x26f18fe0                . = (. + ABT_STACK_SIZE)
 *fill*         0x26f18fa0       0x40 
                0x26f18fe0                . = ALIGN (0x8)
                0x26f18fe0                _abtstack = .
                0x26f19020                . = (. + UND_STACK_SIZE)
 *fill*         0x26f18fe0       0x40 
                0x26f19020                . = ALIGN (0x8)
                0x26f19020                _undstack = .
                0x26f1a020                . = (. + SVC_STACK_SIZE)
 *fill*         0x26f19020     0x1000 
                0x26f1a020                . = ALIGN (0x8)
                0x26f1a020                _svcstack = .
                0x26f1b020                . = (. + C_STACK_SIZE)
 *fill*         0x26f1a020     0x1000 
                0x26f1b020                . = ALIGN (0x8)
                0x26f1b020                _cstack = .
                0x26f1b020                _end = .
                0x26f1b020                _ramcode_lma = _end

.ramcode        0x0020003c        0x0 load address 0x26f1b020
                0x0020003c                _sramcode = .
 *(.ramcode_section .ramcode_section.*)
                0x0020003c                _eramcode = .
                0x26f1b020                _ramdata_lma = ((_end + _eramcode) - _sramcode)

.ramdata        0x0020003c        0x0 load address 0x26f1b020
                0x0020003c                _sramdata = .
 *(.ramdata_section .ramdata_section.*)
                0x0020003c                _eramdata = .
                0x00000200                _min_heap_size = 0x200
START GROUP
LOAD c:/program files/microchip/xc32/v4.00/bin/bin/../../lib/gcc/pic32c/8.3.1/../../../../pic32c/lib/thumb/v7-a+simd/hard\libpic32c.a
LOAD c:/program files/microchip/xc32/v4.00/bin/bin/../../lib/gcc/pic32c/8.3.1/thumb/v7-a+simd/hard\libgcc.a
LOAD c:/program files/microchip/xc32/v4.00/bin/bin/../../lib/gcc/pic32c/8.3.1/../../../../pic32c/lib/thumb/v7-a+simd/hard\libm-musl.a
LOAD c:/program files/microchip/xc32/v4.00/bin/bin/../../lib/gcc/pic32c/8.3.1/../../../../pic32c/lib/thumb/v7-a+simd/hard\libc-musl.a
LOAD c:/program files/microchip/xc32/v4.00/bin/bin/../../lib/gcc/pic32c/8.3.1/../../../../pic32c/lib/thumb/v7-a+simd/hard\libm-musl.a
END GROUP
LOAD c:/program files/microchip/xc32/v4.00/bin/bin/../../lib/gcc/pic32c/8.3.1/thumb/v7-a+simd/hard/crtend.o
LOAD c:/program files/microchip/xc32/v4.00/bin/bin/../../lib/gcc/pic32c/8.3.1/thumb/v7-a+simd/hard/crtn.o
OUTPUT(dist/sam_a5d27_som1_winc1500/production/sam_a5d27_som1_winc1500.X.production.elf elf32-littlearm)
LOAD stack

.ARM.attributes
                0x00000000       0x37
 .ARM.attributes
                0x00000000       0x1f c:/program files/microchip/xc32/v4.00/bin/bin/../../lib/gcc/pic32c/8.3.1/thumb/v7-a+simd/hard/crti.o
 .ARM.attributes
                0x0000001f       0x35 c:/program files/microchip/xc32/v4.00/bin/bin/../../lib/gcc/pic32c/8.3.1/thumb/v7-a+simd/hard/crtbegin.o
 .ARM.attributes
                0x00000054       0x39 build/sam_a5d27_som1_winc1500/production/_ext/1971804060/drv_spi.o
 .ARM.attributes
                0x0000008d       0x39 build/sam_a5d27_som1_winc1500/production/_ext/1615170836/wdrv_winc_eint.o
 .ARM.attributes
                0x000000c6       0x39 build/sam_a5d27_som1_winc1500/production/_ext/1615170836/wdrv_winc_gpio.o
 .ARM.attributes
                0x000000ff       0x39 build/sam_a5d27_som1_winc1500/production/_ext/467732753/wdrv_winc_spi.o
 .ARM.attributes
                0x00000138       0x39 build/sam_a5d27_som1_winc1500/production/_ext/461596885/nm_common.o
 .ARM.attributes
                0x00000171       0x39 build/sam_a5d27_som1_winc1500/production/_ext/492885778/m2m_hif.o
 .ARM.attributes
                0x000001aa       0x39 build/sam_a5d27_som1_winc1500/production/_ext/492885778/nmbus.o
 .ARM.attributes
                0x000001e3       0x39 build/sam_a5d27_som1_winc1500/production/_ext/492885778/nmdrv.o
 .ARM.attributes
                0x0000021c       0x39 build/sam_a5d27_som1_winc1500/production/_ext/492885778/m2m_wifi.o
 .ARM.attributes