Archive member included to satisfy reference by file (symbol)

c:/program files/microchip/xc32/v4.10/bin/bin/../../lib/gcc/pic32c/8.3.1/arm/v7-a+simd/hard\libgcc.a(_udivsi3.o)
                              build/sam_a5d27_som1_winc3400/production/_ext/1895127654/plib_flexcom4_spi_master.o (__aeabi_uidiv)
c:/program files/microchip/xc32/v4.10/bin/bin/../../lib/gcc/pic32c/8.3.1/arm/v7-a+simd/hard\libgcc.a(_divsi3.o)
                              build/sam_a5d27_som1_winc3400/production/_ext/695691069/sys_time.o (__aeabi_idiv)
c:/program files/microchip/xc32/v4.10/bin/bin/../../lib/gcc/pic32c/8.3.1/arm/v7-a+simd/hard\libgcc.a(_dvmd_tls.o)
                              c:/program files/microchip/xc32/v4.10/bin/bin/../../lib/gcc/pic32c/8.3.1/arm/v7-a+simd/hard\libgcc.a(_udivsi3.o) (__aeabi_idiv0)
c:/program files/microchip/xc32/v4.10/bin/bin/../../lib/gcc/pic32c/8.3.1/arm/v7-a+simd/hard\libgcc.a(_aeabi_uldivmod.o)
                              build/sam_a5d27_som1_winc3400/production/_ext/695691069/sys_time.o (__aeabi_uldivmod)
c:/program files/microchip/xc32/v4.10/bin/bin/../../lib/gcc/pic32c/8.3.1/arm/v7-a+simd/hard\libgcc.a(_udivmoddi4.o)
                              c:/program files/microchip/xc32/v4.10/bin/bin/../../lib/gcc/pic32c/8.3.1/arm/v7-a+simd/hard\libgcc.a(_aeabi_uldivmod.o) (__udivmoddi4)
c:/program files/microchip/xc32/v4.10/bin/bin/../../lib/gcc/pic32c/8.3.1/../../../../pic32c/lib/arm/v7-a+simd/hard\libc-musl.a(__libc_start_main.o)
                              build/sam_a5d27_som1_winc3400/production/_ext/1420774346/cstartup.o (__libc_init_array)
c:/program files/microchip/xc32/v4.10/bin/bin/../../lib/gcc/pic32c/8.3.1/../../../../pic32c/lib/arm/v7-a+simd/hard\libc-musl.a(libc.o)
                              c:/program files/microchip/xc32/v4.10/bin/bin/../../lib/gcc/pic32c/8.3.1/../../../../pic32c/lib/arm/v7-a+simd/hard\libc-musl.a(__libc_start_main.o) (__progname_full)
c:/program files/microchip/xc32/v4.10/bin/bin/../../lib/gcc/pic32c/8.3.1/../../../../pic32c/lib/arm/v7-a+simd/hard\libc-musl.a(malloc.o)
                              build/sam_a5d27_som1_winc3400/production/_ext/1909873291/m2m_wifi.o (free)
c:/program files/microchip/xc32/v4.10/bin/bin/../../lib/gcc/pic32c/8.3.1/../../../../pic32c/lib/arm/v7-a+simd/hard\libc-musl.a(expand_heap.o)
                              c:/program files/microchip/xc32/v4.10/bin/bin/../../lib/gcc/pic32c/8.3.1/../../../../pic32c/lib/arm/v7-a+simd/hard\libc-musl.a(malloc.o) (__expand_heap)
c:/program files/microchip/xc32/v4.10/bin/bin/../../lib/gcc/pic32c/8.3.1/../../../../pic32c/lib/arm/v7-a+simd/hard\libc-musl.a(vsnprintf.o)
                              build/sam_a5d27_som1_winc3400/production/_ext/1006343247/sys_console.o (vsnprintf)
c:/program files/microchip/xc32/v4.10/bin/bin/../../lib/gcc/pic32c/8.3.1/../../../../pic32c/lib/arm/v7-a+simd/hard\libc-musl.a(sprintf.o)
                              (sprintf)
c:/program files/microchip/xc32/v4.10/bin/bin/../../lib/gcc/pic32c/8.3.1/../../../../pic32c/lib/arm/v7-a+simd/hard\libc-musl.a(vsprintf.o)
                              c:/program files/microchip/xc32/v4.10/bin/bin/../../lib/gcc/pic32c/8.3.1/../../../../pic32c/lib/arm/v7-a+simd/hard\libc-musl.a(sprintf.o) (vsprintf)
c:/program files/microchip/xc32/v4.10/bin/bin/../../lib/gcc/pic32c/8.3.1/../../../../pic32c/lib/arm/v7-a+simd/hard\libc-musl.a(memcmp.o)
                              build/sam_a5d27_som1_winc3400/production/_ext/1909873291/m2m_flash.o (memcmp)
c:/program files/microchip/xc32/v4.10/bin/bin/../../lib/gcc/pic32c/8.3.1/../../../../pic32c/lib/arm/v7-a+simd/hard\libc-musl.a(memcpy.o)
                              build/sam_a5d27_som1_winc3400/production/_ext/1909873291/m2m_ota.o (memcpy)
c:/program files/microchip/xc32/v4.10/bin/bin/../../lib/gcc/pic32c/8.3.1/../../../../pic32c/lib/arm/v7-a+simd/hard\libc-musl.a(memset.o)
                              build/sam_a5d27_som1_winc3400/production/_ext/1909873291/m2m_ota.o (memset)
c:/program files/microchip/xc32/v4.10/bin/bin/../../lib/gcc/pic32c/8.3.1/../../../../pic32c/lib/arm/v7-a+simd/hard\libc-musl.a(strlen.o)
                              build/sam_a5d27_som1_winc3400/production/_ext/1909873291/m2m_ota.o (strlen)
c:/program files/microchip/xc32/v4.10/bin/bin/../../lib/gcc/pic32c/8.3.1/../../../../pic32c/lib/arm/v7-a+simd/hard\libc-musl.a(strchr.o)
                              build/sam_a5d27_som1_winc3400/production/_ext/237603529/wdrv_winc_sta.o (strchr)
c:/program files/microchip/xc32/v4.10/bin/bin/../../lib/gcc/pic32c/8.3.1/../../../../pic32c/lib/arm/v7-a+simd/hard\libc-musl.a(strchrnul.o)
                              c:/program files/microchip/xc32/v4.10/bin/bin/../../lib/gcc/pic32c/8.3.1/../../../../pic32c/lib/arm/v7-a+simd/hard\libc-musl.a(strchr.o) (__strchrnul)
c:/program files/microchip/xc32/v4.10/bin/bin/../../lib/gcc/pic32c/8.3.1/../../../../pic32c/lib/arm/v7-a+simd/hard\libc-musl.a(gmtime.o)
[...]
Memory Configuration

Name             Origin             Length             Attributes
sram             0x00200000         0x00020000         !xrw
ram              0x21000000         0x07000000         xrw
ram_nocache      0x20000000         0x01000000         !xrw
rom              0x00000000         0x00000000         xrl
*default*        0x00000000         0xffffffff

Linker script and memory map

LOAD c:/program files/microchip/xc32/v4.10/bin/bin/../../lib/gcc/pic32c/8.3.1/arm/v7-a+simd/hard/crti.o
LOAD c:/program files/microchip/xc32/v4.10/bin/bin/../../lib/gcc/pic32c/8.3.1/arm/v7-a+simd/hard/crtbegin.o
LOAD build/sam_a5d27_som1_winc3400/production/_ext/1279932671/drv_spi.o
LOAD build/sam_a5d27_som1_winc3400/production/_ext/1407615473/wdrv_winc_gpio.o
LOAD build/sam_a5d27_som1_winc3400/production/_ext/1407615473/wdrv_winc_eint.o
LOAD build/sam_a5d27_som1_winc3400/production/_ext/1846510740/wdrv_winc_spi.o
LOAD build/sam_a5d27_som1_winc3400/production/_ext/1941162184/nm_common.o
LOAD build/sam_a5d27_som1_winc3400/production/_ext/1909873291/nmspi.o
LOAD build/sam_a5d27_som1_winc3400/production/_ext/1909873291/nmdrv.o
LOAD build/sam_a5d27_som1_winc3400/production/_ext/1909873291/m2m_ota.o
LOAD build/sam_a5d27_som1_winc3400/production/_ext/1909873291/m2m_flash.o
LOAD build/sam_a5d27_som1_winc3400/production/_ext/1909873291/m2m_periph.o
LOAD build/sam_a5d27_som1_winc3400/production/_ext/1909873291/m2m_ssl.o
LOAD build/sam_a5d27_som1_winc3400/production/_ext/1909873291/m2m_hif.o
LOAD build/sam_a5d27_som1_winc3400/production/_ext/1909873291/nmasic.o
LOAD build/sam_a5d27_som1_winc3400/production/_ext/1909873291/nmbus.o
LOAD build/sam_a5d27_som1_winc3400/production/_ext/1909873291/m2m_wifi.o
LOAD build/sam_a5d27_som1_winc3400/production/_ext/1483395904/inet_ntop.o
LOAD build/sam_a5d27_som1_winc3400/production/_ext/1483395904/inet_addr.o
LOAD build/sam_a5d27_som1_winc3400/production/_ext/1483395904/socket.o
LOAD build/sam_a5d27_som1_winc3400/production/_ext/1501229872/spi_flash.o
LOAD build/sam_a5d27_som1_winc3400/production/_ext/973425813/wdrv_winc_osal.o
LOAD build/sam_a5d27_som1_winc3400/production/_ext/237603529/wdrv_winc_softap.o
LOAD build/sam_a5d27_som1_winc3400/production/_ext/237603529/wdrv_winc_assoc.o
LOAD build/sam_a5d27_som1_winc3400/production/_ext/237603529/wdrv_winc_httpprovctx.o
LOAD build/sam_a5d27_som1_winc3400/production/_ext/237603529/wdrv_winc_wps.o
LOAD build/sam_a5d27_som1_winc3400/production/_ext/237603529/wdrv_winc_systime.o
LOAD build/sam_a5d27_som1_winc3400/production/_ext/237603529/wdrv_winc_sta.o
LOAD build/sam_a5d27_som1_winc3400/production/_ext/237603529/wdrv_winc_bssctx.o
LOAD build/sam_a5d27_som1_winc3400/production/_ext/237603529/wdrv_winc_bssfind.o
LOAD build/sam_a5d27_som1_winc3400/production/_ext/237603529/wdrv_winc_custie.o
LOAD build/sam_a5d27_som1_winc3400/production/_ext/237603529/wdrv_winc_nvm.o
LOAD build/sam_a5d27_som1_winc3400/production/_ext/237603529/wdrv_winc_socket.o
LOAD build/sam_a5d27_som1_winc3400/production/_ext/237603529/wdrv_winc_powersave.o
LOAD build/sam_a5d27_som1_winc3400/production/_ext/237603529/wdrv_winc.o
LOAD build/sam_a5d27_som1_winc3400/production/_ext/237603529/wdrv_winc_ssl.o
LOAD build/sam_a5d27_som1_winc3400/production/_ext/237603529/wdrv_winc_enterprise.o
LOAD build/sam_a5d27_som1_winc3400/production/_ext/237603529/wdrv_winc_authctx.o
LOAD build/sam_a5d27_som1_winc3400/production/_ext/883939571/plib_aic.o
LOAD build/sam_a5d27_som1_winc3400/production/_ext/883937548/plib_clk.o
LOAD build/sam_a5d27_som1_winc3400/production/_ext/1895127654/plib_flexcom4_spi_master.o
LOAD build/sam_a5d27_som1_winc3400/production/_ext/662486865/plib_matrix.o
LOAD build/sam_a5d27_som1_winc3400/production/_ext/883927897/plib_mmu.o
LOAD build/sam_a5d27_som1_winc3400/production/_ext/883925144/plib_pio.o
LOAD build/sam_a5d27_som1_winc3400/production/_ext/941317725/plib_tc0.o
LOAD build/sam_a5d27_som1_winc3400/production/_ext/1631734212/plib_uart1.o
LOAD build/sam_a5d27_som1_winc3400/production/_ext/958701621/plib_xdmac0.o
LOAD build/sam_a5d27_som1_winc3400/production/_ext/1563713540/xc32_monitor.o
LOAD build/sam_a5d27_som1_winc3400/production/_ext/1788205625/sys_cache.o
LOAD build/sam_a5d27_som1_winc3400/production/_ext/1006343247/sys_console_uart.o
LOAD build/sam_a5d27_som1_winc3400/production/_ext/1006343247/sys_console.o
LOAD build/sam_a5d27_som1_winc3400/production/_ext/100066323/sys_debug.o
LOAD build/sam_a5d27_som1_winc3400/production/_ext/775042947/sys_dma.o
LOAD build/sam_a5d27_som1_winc3400/production/_ext/937565385/sys_int.o
LOAD build/sam_a5d27_som1_winc3400/production/_ext/695691069/sys_time.o
LOAD build/sam_a5d27_som1_winc3400/production/_ext/1420774346/initialization.o
LOAD build/sam_a5d27_som1_winc3400/production/_ext/1420774346/fault_handlers.o
LOAD build/sam_a5d27_som1_winc3400/production/_ext/1420774346/cstartup.o
LOAD build/sam_a5d27_som1_winc3400/production/_ext/1420774346/tasks.o
LOAD build/sam_a5d27_som1_winc3400/production/_ext/1420774346/interrupts.o
LOAD build/sam_a5d27_som1_winc3400/production/_ext/1360937237/app.o
LOAD build/sam_a5d27_som1_winc3400/production/_ext/1360937237/main.o
LOAD build/sam_a5d27_som1_winc3400/production/_ext/1360937237/example.o
                0x00000001                __MPLAB_BUILD = 0x1
                0x00001000                C_STACK_SIZE = 0x1000
                0x00000060                IRQ_STACK_SIZE = 0x60
                0x00000060                FIQ_STACK_SIZE = 0x60
                0x00001000                SVC_STACK_SIZE = 0x1000
                0x00000040                ABT_STACK_SIZE = 0x40
                0x00000040                UND_STACK_SIZE = 0x40

.text           0x26f00000    0x1056c
                0x26f00000                . = ALIGN (0x4)
                0x26f00000                _sfixed = .
 *(.textEntry)
 .textEntry     0x26f00000      0x13c build/sam_a5d27_som1_winc3400/production/_ext/1420774346/cstartup.o
                0x26f00000                entry
 *(.text .text.* .gnu.linkonce.t.*)
 .text          0x26f0013c       0x70 c:/program files/microchip/xc32/v4.10/bin/bin/../../lib/gcc/pic32c/8.3.1/arm/v7-a+simd/hard/crtbegin.o
 .text._DRV_SPI_DriverHandleValidate
                0x26f001ac       0x80 build/sam_a5d27_som1_winc3400/production/_ext/1279932671/drv_spi.o
 .text._DRV_SPI_RemoveTransferObjFromList
                0x26f0022c       0x28 build/sam_a5d27_som1_winc3400/production/_ext/1279932671/drv_spi.o
 .text._DRV_SPI_TX_DMA_CallbackHandler
                0x26f00254       0x7c build/sam_a5d27_som1_winc3400/production/_ext/1279932671/drv_spi.o
                0x26f00254                _DRV_SPI_TX_DMA_CallbackHandler
 .text._DRV_SPI_UpdateTransferSetupAndAssertCS
                0x26f002d0       0xdc build/sam_a5d27_som1_winc3400/production/_ext/1279932671/drv_spi.o
 .text._DRV_SPI_StartDMATransfer
                0x26f003ac      0x27c build/sam_a5d27_som1_winc3400/production/_ext/1279932671/drv_spi.o
 .text._DRV_SPI_ResourceLock
                0x26f00628      0x12c build/sam_a5d27_som1_winc3400/production/_ext/1279932671/drv_spi.o
 .text._DRV_SPI_ResourceUnlock
                0x26f00754      0x104 build/sam_a5d27_som1_winc3400/production/_ext/1279932671/drv_spi.o
 .text._DRV_SPI_RX_DMA_CallbackHandler
                0x26f00858      0x1fc build/sam_a5d27_som1_winc3400/production/_ext/1279932671/drv_spi.o
                0x26f00858                _DRV_SPI_RX_DMA_CallbackHandler
 .text._DRV_SPI_PlibCallbackHandler
                0x26f00a54      0x148 build/sam_a5d27_som1_winc3400/production/_ext/1279932671/drv_spi.o
 .text.DRV_SPI_Initialize
                0x26f00b9c      0x188 build/sam_a5d27_som1_winc3400/production/_ext/1279932671/drv_spi.o
                0x26f00b9c                DRV_SPI_Initialize
 .text.DRV_SPI_Open
                0x26f00d24      0x228 build/sam_a5d27_som1_winc3400/production/_ext/1279932671/drv_spi.o
                0x26f00d24                DRV_SPI_Open
 .text.DRV_SPI_TransferEventHandlerSet
                0x26f00f4c       0x90 build/sam_a5d27_som1_winc3400/production/_ext/1279932671/drv_spi.o
                0x26f00f4c                DRV_SPI_TransferEventHandlerSet
 .text.DRV_SPI_WriteReadTransferAdd
                0x26f00fdc      0x34c build/sam_a5d27_som1_winc3400/production/_ext/1279932671/drv_spi.o
                0x26f00fdc                DRV_SPI_WriteReadTransferAdd
 .text.DRV_SPI_WriteTransferAdd
                0x26f01328       0x20 build/sam_a5d27_som1_winc3400/production/_ext/1279932671/drv_spi.o
                0x26f01328                DRV_SPI_WriteTransferAdd
 .text.WDRV_WINC_GPIOResetAssert
                0x26f01348       0x14 build/sam_a5d27_som1_winc3400/production/_ext/1407615473/wdrv_winc_gpio.o
                0x26f01348                WDRV_WINC_GPIOResetAssert
 .text.WDRV_WINC_GPIOResetDeassert
                0x26f0135c       0x14 build/sam_a5d27_som1_winc3400/production/_ext/1407615473/wdrv_winc_gpio.o
                0x26f0135c                WDRV_WINC_GPIOResetDeassert
 .text.WDRV_WINC_GPIOChipEnableAssert
                0x26f01370       0x14 build/sam_a5d27_som1_winc3400/production/_ext/1407615473/wdrv_winc_gpio.o
                0x26f01370                WDRV_WINC_GPIOChipEnableAssert
 .text.WDRV_WINC_GPIOChipEnableDeassert
                0x26f01384       0x14 build/sam_a5d27_som1_winc3400/production/_ext/1407615473/wdrv_winc_gpio.o
                0x26f01384                WDRV_WINC_GPIOChipEnableDeassert
 .text.WDRV_WINC_INTInitialize
                0x26f01398       0x34 build/sam_a5d27_som1_winc3400/production/_ext/1407615473/wdrv_winc_eint.o
                0x26f01398                WDRV_WINC_INTInitialize
 .text.WDRV_WINC_INTDeinitialize
                0x26f013cc       0x20 build/sam_a5d27_som1_winc3400/production/_ext/1407615473/wdrv_winc_eint.o
                0x26f013cc                WDRV_WINC_INTDeinitialize
 .text._WDRV_WINC_SPITransferEventHandler
                0x26f013ec       0x60 build/sam_a5d27_som1_winc3400/production/_ext/1846510740/wdrv_winc_spi.o
 .text.WDRV_WINC_SPISend
                0x26f0144c       0x70 build/sam_a5d27_som1_winc3400/production/_ext/1846510740/wdrv_winc_spi.o
                0x26f0144c                WDRV_WINC_SPISend
 .text.WDRV_WINC_SPIReceive
                0x26f014bc       0x88 build/sam_a5d27_som1_winc3400/production/_ext/1846510740/wdrv_winc_spi.o
                0x26f014bc                WDRV_WINC_SPIReceive
 .text.WDRV_WINC_SPIOpen
                0x26f01544       0x94 build/sam_a5d27_som1_winc3400/production/_ext/1846510740/wdrv_winc_spi.o
                0x26f01544                WDRV_WINC_SPIOpen
 .text.WDRV_WINC_SPIInitialize
                0x26f015d8       0x24 build/sam_a5d27_som1_winc3400/production/_ext/1846510740/wdrv_winc_spi.o
                0x26f015d8                WDRV_WINC_SPIInitialize
 .text.WDRV_WINC_SPIDeinitialize
                0x26f015fc       0x38 build/sam_a5d27_som1_winc3400/production/_ext/1846510740/wdrv_winc_spi.o
                0x26f015fc                WDRV_WINC_SPIDeinitialize
 .text.nm_sleep
                0x26f01634        0xc build/sam_a5d27_som1_winc3400/production/_ext/1941162184/nm_common.o
                0x26f01634                nm_sleep
 .text.nm_reset
                0x26f01640       0x30 build/sam_a5d27_som1_winc3400/production/_ext/1941162184/nm_common.o
                0x26f01640                nm_reset
 .text.hexstr_2_bytes
                0x26f01670       0xc8 build/sam_a5d27_som1_winc3400/production/_ext/1941162184/nm_common.o
                0x26f01670                hexstr_2_bytes
 .text.spi_cmd  0x26f01738      0x1fc build/sam_a5d27_som1_winc3400/production/_ext/1909873291/nmspi.o
 .text.spi_cmd_rsp
                0x26f01934      0x178 build/sam_a5d27_som1_winc3400/production/_ext/1909873291/nmspi.o
 .text.spi_data_read
                0x26f01aac      0x19c build/sam_a5d27_som1_winc3400/production/_ext/1909873291/nmspi.o
 .text.spi_reset
                0x26f01c48       0x48 build/sam_a5d27_som1_winc3400/production/_ext/1909873291/nmspi.o
 .text.nm_spi_lock_init
                0x26f01c90       0x14 build/sam_a5d27_som1_winc3400/production/_ext/1909873291/nmspi.o
                0x26f01c90                nm_spi_lock_init
 .text.nm_spi_deinit
                0x26f01ca4       0x14 build/sam_a5d27_som1_winc3400/production/_ext/1909873291/nmspi.o
                0x26f01ca4                nm_spi_deinit
 .text.nm_spi_read_reg_with_ret
                0x26f01cb8      0x198 build/sam_a5d27_som1_winc3400/production/_ext/1909873291/nmspi.o
                0x26f01cb8                nm_spi_read_reg_with_ret
 .text.nm_spi_read_reg
                0x26f01e50       0x1c build/sam_a5d27_som1_winc3400/production/_ext/1909873291/nmspi.o
                0x26f01e50                nm_spi_read_reg
 .text.nm_spi_write_reg
                0x26f01e6c      0x13c build/sam_a5d27_som1_winc3400/production/_ext/1909873291/nmspi.o
                0x26f01e6c                nm_spi_write_reg
 .text.nm_spi_init
                0x26f01fa8      0x198 build/sam_a5d27_som1_winc3400/production/_ext/1909873291/nmspi.o
                0x26f01fa8                nm_spi_init
 .text.nm_spi_read_block
                0x26f02140      0x1a8 build/sam_a5d27_som1_winc3400/production/_ext/1909873291/nmspi.o
                0x26f02140                nm_spi_read_block
 .text.nm_spi_write_block
                0x26f022e8      0x35c build/sam_a5d27_som1_winc3400/production/_ext/1909873291/nmspi.o
                0x26f022e8                nm_spi_write_block
 .text.nm_get_hif_info
                0x26f02644       0x58 build/sam_a5d27_som1_winc3400/production/_ext/1909873291/nmdrv.o
                0x26f02644                nm_get_hif_info
 .text.nm_get_firmware_full_info
                0x26f0269c      0x1d4 build/sam_a5d27_som1_winc3400/production/_ext/1909873291/nmdrv.o
                0x26f0269c                nm_get_firmware_full_info
 .text.nm_get_ota_firmware_info
                0x26f02870      0x1d4 build/sam_a5d27_som1_winc3400/production/_ext/1909873291/nmdrv.o
                0x26f02870                nm_get_ota_firmware_info
 .text.nm_drv_init_download_mode
                0x26f02a44       0x94 build/sam_a5d27_som1_winc3400/production/_ext/1909873291/nmdrv.o
                0x26f02a44                nm_drv_init_download_mode
 .text.nm_drv_init_hold
                0x26f02ad8       0xb0 build/sam_a5d27_som1_winc3400/production/_ext/1909873291/nmdrv.o
                0x26f02ad8                nm_drv_init_hold
 .text.nm_drv_init_start
                0x26f02b88       0xac build/sam_a5d27_som1_winc3400/production/_ext/1909873291/nmdrv.o
                0x26f02b88                nm_drv_init_start
 .text.nm_drv_deinit
                0x26f02c34       0x78 build/sam_a5d27_som1_winc3400/production/_ext/1909873291/nmdrv.o
                0x26f02c34                nm_drv_deinit
 .text.nm_get_state
                0x26f02cac       0x10 build/sam_a5d27_som1_winc3400/production/_ext/1909873291/nmdrv.o
                0x26f02cac                nm_get_state
 .text.m2m_ota_cb
                0x26f02cbc       0x84 build/sam_a5d27_som1_winc3400/production/_ext/1909873291/m2m_ota.o
 .text.m2m_ota_init
                0x26f02d40       0x50 build/sam_a5d27_som1_winc3400/production/_ext/1909873291/m2m_ota.o
                0x26f02d40                m2m_ota_init
 .text.m2m_ssl_cb
                0x26f02d90      0x238 build/sam_a5d27_som1_winc3400/production/_ext/1909873291/m2m_ssl.o
 .text.m2m_ssl_init
                0x26f02fc8       0x74 build/sam_a5d27_som1_winc3400/production/_ext/1909873291/m2m_ssl.o
                0x26f02fc8                m2m_ssl_init
 .text.m2m_hif_cb
                0x26f0303c        0x4 build/sam_a5d27_som1_winc3400/production/_ext/1909873291/m2m_hif.o
 .text.hif_set_rx_done
                0x26f03040       0x70 build/sam_a5d27_som1_winc3400/production/_ext/1909873291/m2m_hif.o
 .text.hif_chip_wake
                0x26f030b0       0x78 build/sam_a5d27_som1_winc3400/production/_ext/1909873291/m2m_hif.o
                0x26f030b0                hif_chip_wake
 .text.hif_chip_sleep
                0x26f03128       0x70 build/sam_a5d27_som1_winc3400/production/_ext/1909873291/m2m_hif.o
                0x26f03128                hif_chip_sleep
 .text.hif_deinit
                0x26f03198       0x28 build/sam_a5d27_som1_winc3400/production/_ext/1909873291/m2m_hif.o
                0x26f03198                hif_deinit
 .text.hif_check_compatibility
                0x26f031c0       0x28 build/sam_a5d27_som1_winc3400/production/_ext/1909873291/m2m_hif.o
                0x26f031c0                hif_check_compatibility
 .text.hif_enable_access
                0x26f031e8      0x13c build/sam_a5d27_som1_winc3400/production/_ext/1909873291/m2m_hif.o
                0x26f031e8                hif_enable_access
 .text.hif_check_code
                0x26f03324       0xf4 build/sam_a5d27_som1_winc3400/production/_ext/1909873291/m2m_hif.o
                0x26f03324                hif_check_code
 .text.hif_send
                0x26f03418      0x508 build/sam_a5d27_som1_winc3400/production/_ext/1909873291/m2m_hif.o
                0x26f03418                hif_send
 .text.hif_handle_isr
                0x26f03920      0x55c build/sam_a5d27_som1_winc3400/production/_ext/1909873291/m2m_hif.o
                0x26f03920                hif_handle_isr
 .text.hif_receive
                0x26f03e7c      0x150 build/sam_a5d27_som1_winc3400/production/_ext/1909873291/m2m_hif.o
                0x26f03e7c                hif_receive
 .text.hif_register_cb
                0x26f03fcc       0xd8 build/sam_a5d27_som1_winc3400/production/_ext/1909873291/m2m_hif.o
                0x26f03fcc                hif_register_cb
 .text.hif_init
                0x26f040a4       0x50 build/sam_a5d27_som1_winc3400/production/_ext/1909873291/m2m_hif.o
                0x26f040a4                hif_init
 .text.chip_apply_conf
                0x26f040f4       0x58 build/sam_a5d27_som1_winc3400/production/_ext/1909873291/nmasic.o
                0x26f040f4                chip_apply_conf
 .text.chip_idle
                0x26f0414c       0x44 build/sam_a5d27_som1_winc3400/production/_ext/1909873291/nmasic.o
                0x26f0414c                chip_idle
 .text.enable_interrupts
                0x26f04190       0x90 build/sam_a5d27_som1_winc3400/production/_ext/1909873291/nmasic.o
                0x26f04190                enable_interrupts
 .text.cpu_start
                0x26f04220      0x120 build/sam_a5d27_som1_winc3400/production/_ext/1909873291/nmasic.o
                0x26f04220                cpu_start
 .text.nmi_get_chipid
                0x26f04340      0x1f0 build/sam_a5d27_som1_winc3400/production/_ext/1909873291/nmasic.o
                0x26f04340                nmi_get_chipid
 .text.chip_sleep
                0x26f04530       0xa0 build/sam_a5d27_som1_winc3400/production/_ext/1909873291/nmasic.o
                0x26f04530                chip_sleep
 .text.chip_wake
                0x26f045d0      0x124 build/sam_a5d27_som1_winc3400/production/_ext/1909873291/nmasic.o
                0x26f045d0                chip_wake
 .text.wait_for_bootrom
                0x26f046f4      0x118 build/sam_a5d27_som1_winc3400/production/_ext/1909873291/nmasic.o
                0x26f046f4                wait_for_bootrom
 .text.wait_for_firmware_start
                0x26f0480c      0x154 build/sam_a5d27_som1_winc3400/production/_ext/1909873291/nmasic.o
                0x26f0480c                wait_for_firmware_start
 .text.chip_deinit
                0x26f04960      0x11c build/sam_a5d27_som1_winc3400/production/_ext/1909873291/nmasic.o
                0x26f04960                chip_deinit
 .text.nmi_get_mac_address
                0x26f04a7c       0x80 build/sam_a5d27_som1_winc3400/production/_ext/1909873291/nmasic.o
                0x26f04a7c                nmi_get_mac_address
 .text.nm_bus_iface_init
                0x26f04afc       0x18 build/sam_a5d27_som1_winc3400/production/_ext/1909873291/nmbus.o
                0x26f04afc                nm_bus_iface_init
 .text.nm_bus_iface_deinit
                0x26f04b14        0x8 build/sam_a5d27_som1_winc3400/production/_ext/1909873291/nmbus.o
                0x26f04b14                nm_bus_iface_deinit
 .text.nm_read_reg
                0x26f04b1c        0xc build/sam_a5d27_som1_winc3400/production/_ext/1909873291/nmbus.o
                0x26f04b1c                nm_read_reg
 .text.nm_read_reg_with_ret
                0x26f04b28        0xc build/sam_a5d27_som1_winc3400/production/_ext/1909873291/nmbus.o
                0x26f04b28                nm_read_reg_with_ret
 .text.nm_write_reg
                0x26f04b34        0xc build/sam_a5d27_som1_winc3400/production/_ext/1909873291/nmbus.o
                0x26f04b34                nm_write_reg
 .text.nm_read_block
                0x26f04b40       0x84 build/sam_a5d27_som1_winc3400/production/_ext/1909873291/nmbus.o
                0x26f04b40                nm_read_block
 .text.nm_write_block
                0x26f04bc4       0x84 build/sam_a5d27_som1_winc3400/production/_ext/1909873291/nmbus.o
                0x26f04bc4                nm_write_block
 .text.m2m_wifi_cb
                0x26f04c48      0x694 build/sam_a5d27_som1_winc3400/production/_ext/1909873291/m2m_wifi.o
 .text.m2m_wifi_connect_prepare_msg
                0x26f052dc      0x150 build/sam_a5d27_som1_winc3400/production/_ext/1909873291/m2m_wifi.o
 .text.legacy_connect_prepare_msg
                0x26f0542c       0x88 build/sam_a5d27_som1_winc3400/production/_ext/1909873291/m2m_wifi.o
 .text.m2m_wifi_download_mode
                0x26f054b4       0x20 build/sam_a5d27_som1_winc3400/production/_ext/1909873291/m2m_wifi.o
                0x26f054b4                m2m_wifi_download_mode
 .text.m2m_wifi_ble_set_gain_table
                0x26f054d4       0x3c build/sam_a5d27_som1_winc3400/production/_ext/1909873291/m2m_wifi.o
                0x26f054d4                m2m_wifi_ble_set_gain_table
 .text.m2m_wifi_init_hold
                0x26f05510        0xc build/sam_a5d27_som1_winc3400/production/_ext/1909873291/m2m_wifi.o
                0x26f05510                m2m_wifi_init_hold
 .text.m2m_wifi_deinit
                0x26f0551c       0x1c build/sam_a5d27_som1_winc3400/production/_ext/1909873291/m2m_wifi.o
                0x26f0551c                m2m_wifi_deinit
 .text.m2m_wifi_get_state
                0x26f05538       0x1c build/sam_a5d27_som1_winc3400/production/_ext/1909873291/m2m_wifi.o
                0x26f05538                m2m_wifi_get_state
 .text.m2m_wifi_handle_events
                0x26f05554       0x20 build/sam_a5d27_som1_winc3400/production/_ext/1909873291/m2m_wifi.o
                0x26f05554                m2m_wifi_handle_events
 .text.m2m_wifi_default_connect
                0x26f05574       0x30 build/sam_a5d27_som1_winc3400/production/_ext/1909873291/m2m_wifi.o
                0x26f05574                m2m_wifi_default_connect
 .text.m2m_wifi_connect_open
                0x26f055a4       0x98 build/sam_a5d27_som1_winc3400/production/_ext/1909873291/m2m_wifi.o
                0x26f055a4                m2m_wifi_connect_open
 .text.m2m_wifi_connect_psk
                0x26f0563c      0x180 build/sam_a5d27_som1_winc3400/production/_ext/1909873291/m2m_wifi.o
                0x26f0563c                m2m_wifi_connect_psk
 .text.m2m_wifi_connect_1x_mschap2
                0x26f057bc      0x20c build/sam_a5d27_som1_winc3400/production/_ext/1909873291/m2m_wifi.o
                0x26f057bc                m2m_wifi_connect_1x_mschap2
 .text.m2m_wifi_connect_1x_tls
                0x26f059c8      0x2cc build/sam_a5d27_som1_winc3400/production/_ext/1909873291/m2m_wifi.o
                0x26f059c8                m2m_wifi_connect_1x_tls
 .text.m2m_wifi_set_static_ip
                0x26f05c94       0x34 build/sam_a5d27_som1_winc3400/production/_ext/1909873291/m2m_wifi.o
                0x26f05c94                m2m_wifi_set_static_ip
 .text.m2m_wifi_enable_dhcp
                0x26f05cc8       0x38 build/sam_a5d27_som1_winc3400/production/_ext/1909873291/m2m_wifi.o
                0x26f05cc8                m2m_wifi_enable_dhcp
 .text.m2m_wifi_set_scan_options
                0x26f05d00      0x168 build/sam_a5d27_som1_winc3400/production/_ext/1909873291/m2m_wifi.o
                0x26f05d00                m2m_wifi_set_scan_options
 .text.m2m_wifi_request_scan
                0x26f05e68       0x58 build/sam_a5d27_som1_winc3400/production/_ext/1909873291/m2m_wifi.o
                0x26f05e68                m2m_wifi_request_scan
 .text.m2m_wifi_request_scan_passive
                0x26f05ec0       0x58 build/sam_a5d27_som1_winc3400/production/_ext/1909873291/m2m_wifi.o
                0x26f05ec0                m2m_wifi_request_scan_passive
 .text.m2m_wifi_request_scan_ssid_list
                0x26f05f18       0xc0 build/sam_a5d27_som1_winc3400/production/_ext/1909873291/m2m_wifi.o
                0x26f05f18                m2m_wifi_request_scan_ssid_list
 .text.m2m_wifi_req_restrict_ble
                0x26f05fd8       0x30 build/sam_a5d27_som1_winc3400/production/_ext/1909873291/m2m_wifi.o
                0x26f05fd8                m2m_wifi_req_restrict_ble
 .text.m2m_wifi_get_mac_address
                0x26f06008       0x30 build/sam_a5d27_som1_winc3400/production/_ext/1909873291/m2m_wifi.o
                0x26f06008                m2m_wifi_get_mac_address
 .text.m2m_wifi_req_scan_result
                0x26f06038       0x38 build/sam_a5d27_som1_winc3400/production/_ext/1909873291/m2m_wifi.o
                0x26f06038                m2m_wifi_req_scan_result
 .text.m2m_wifi_get_num_ap_found
                0x26f06070       0x10 build/sam_a5d27_som1_winc3400/production/_ext/1909873291/m2m_wifi.o
                0x26f06070                m2m_wifi_get_num_ap_found
 .text.m2m_wifi_get_chipId
                0x26f06080        0xc build/sam_a5d27_som1_winc3400/production/_ext/1909873291/m2m_wifi.o
                0x26f06080                m2m_wifi_get_chipId
 .text.m2m_wifi_get_firmware_version
                0x26f0608c       0x30 build/sam_a5d27_som1_winc3400/production/_ext/1909873291/m2m_wifi.o
                0x26f0608c                m2m_wifi_get_firmware_version
 .text.m2m_ota_get_firmware_version
                0x26f060bc       0x30 build/sam_a5d27_som1_winc3400/production/_ext/1909873291/m2m_wifi.o
                0x26f060bc                m2m_ota_get_firmware_version
 .text.m2m_wifi_init_start
                0x26f060ec      0x140 build/sam_a5d27_som1_winc3400/production/_ext/1909873291/m2m_wifi.o
                0x26f060ec                m2m_wifi_init_start
 .text.inet_ntop
                0x26f0622c       0xf4 build/sam_a5d27_som1_winc3400/production/_ext/1483395904/inet_ntop.o
                0x26f0622c                inet_ntop
 .text.m2m_ip_cb
                0x26f06320      0x764 build/sam_a5d27_som1_winc3400/production/_ext/1483395904/socket.o
 .text.socketInit
                0x26f06a84       0x60 build/sam_a5d27_som1_winc3400/production/_ext/1483395904/socket.o
                0x26f06a84                socketInit
 .text.socketDeinit
                0x26f06ae4       0x50 build/sam_a5d27_som1_winc3400/production/_ext/1483395904/socket.o
                0x26f06ae4                socketDeinit
 .text.WDRV_MSDelay
                0x26f06b34       0x38 build/sam_a5d27_som1_winc3400/production/_ext/973425813/wdrv_winc_osal.o
                0x26f06b34                WDRV_MSDelay
 .text.WDRV_WINC_LocalTimeToUTC
                0x26f06b6c       0xd8 build/sam_a5d27_som1_winc3400/production/_ext/237603529/wdrv_winc_systime.o
                0x26f06b6c                WDRV_WINC_LocalTimeToUTC
 .text._WDRV_WINC_ConnNetCfg
                0x26f06c44       0xa8 build/sam_a5d27_som1_winc3400/production/_ext/237603529/wdrv_winc_sta.o
 .text.WDRV_WINC_BSSConnect
                0x26f06cec      0x358 build/sam_a5d27_som1_winc3400/production/_ext/237603529/wdrv_winc_sta.o
                0x26f06cec                WDRV_WINC_BSSConnect
 .text.WDRV_WINC_BSSReconnect
                0x26f07044       0xa4 build/sam_a5d27_som1_winc3400/production/_ext/237603529/wdrv_winc_sta.o
                0x26f07044                WDRV_WINC_BSSReconnect
 .text.WDRV_WINC_BSSCtxIsValid
                0x26f070e8       0xb4 build/sam_a5d27_som1_winc3400/production/_ext/237603529/wdrv_winc_bssctx.o
                0x26f070e8                WDRV_WINC_BSSCtxIsValid
 .text.WDRV_WINC_BSSCtxSetDefaults
                0x26f0719c       0x30 build/sam_a5d27_som1_winc3400/production/_ext/237603529/wdrv_winc_bssctx.o
                0x26f0719c                WDRV_WINC_BSSCtxSetDefaults
 .text.WDRV_WINC_BSSCtxSetSSID
                0x26f071cc       0x70 build/sam_a5d27_som1_winc3400/production/_ext/237603529/wdrv_winc_bssctx.o
                0x26f071cc                WDRV_WINC_BSSCtxSetSSID
 .text.WDRV_WINC_BSSCtxSetChannel
                0x26f0723c       0x48 build/sam_a5d27_som1_winc3400/production/_ext/237603529/wdrv_winc_bssctx.o
                0x26f0723c                WDRV_WINC_BSSCtxSetChannel
 .text.WDRV_WINC_BSSFindFirst
                0x26f07284      0x1d8 build/sam_a5d27_som1_winc3400/production/_ext/237603529/wdrv_winc_bssfind.o
                0x26f07284                WDRV_WINC_BSSFindFirst
 .text.WDRV_WINC_BSSFindNext
                0x26f0745c       0xb8 build/sam_a5d27_som1_winc3400/production/_ext/237603529/wdrv_winc_bssfind.o
                0x26f0745c                WDRV_WINC_BSSFindNext
 .text.WDRV_WINC_BSSFindGetInfo
                0x26f07514       0xbc build/sam_a5d27_som1_winc3400/production/_ext/237603529/wdrv_winc_bssfind.o
                0x26f07514                WDRV_WINC_BSSFindGetInfo
 .text.WDRV_WINC_BSSFindGetNumBSSResults
                0x26f075d0       0x5c build/sam_a5d27_som1_winc3400/production/_ext/237603529/wdrv_winc_bssfind.o
                0x26f075d0                WDRV_WINC_BSSFindGetNumBSSResults
 .text.WDRV_WINC_BSSFindInProgress
                0x26f0762c       0x38 build/sam_a5d27_som1_winc3400/production/_ext/237603529/wdrv_winc_bssfind.o
                0x26f0762c                WDRV_WINC_BSSFindInProgress
 .text.WDRV_WINC_IPUseDHCPSet
                0x26f07664       0x68 build/sam_a5d27_som1_winc3400/production/_ext/237603529/wdrv_winc_socket.o
                0x26f07664                WDRV_WINC_IPUseDHCPSet
 .text.WDRV_WINC_IPLinkActive
                0x26f076cc       0x30 build/sam_a5d27_som1_winc3400/production/_ext/237603529/wdrv_winc_socket.o
                0x26f076cc                WDRV_WINC_IPLinkActive
 .text._WDRV_WINC_OTAUpdateCallback
                0x26f076fc       0x98 build/sam_a5d27_som1_winc3400/production/_ext/237603529/wdrv_winc.o
 .text._WDRV_WINC_SSLCallback
                0x26f07794      0x19c build/sam_a5d27_som1_winc3400/production/_ext/237603529/wdrv_winc.o
 .text._WDRV_WINC_WifiCallback
                0x26f07930      0x6e0 build/sam_a5d27_som1_winc3400/production/_ext/237603529/wdrv_winc.o
 .text.WDRV_WINC_Initialize
                0x26f08010       0xa0 build/sam_a5d27_som1_winc3400/production/_ext/237603529/wdrv_winc.o
                0x26f08010                WDRV_WINC_Initialize
 .text.WDRV_WINC_Status
                0x26f080b0       0x30 build/sam_a5d27_som1_winc3400/production/_ext/237603529/wdrv_winc.o
                0x26f080b0                WDRV_WINC_Status
 .text.WDRV_WINC_Tasks
                0x26f080e0      0x3c4 build/sam_a5d27_som1_winc3400/production/_ext/237603529/wdrv_winc.o
                0x26f080e0                WDRV_WINC_Tasks
 .text.WDRV_WINC_Open
                0x26f084a4      0x19c build/sam_a5d27_som1_winc3400/production/_ext/237603529/wdrv_winc.o
                0x26f084a4                WDRV_WINC_Open
 .text.WDRV_WINC_ISR
                0x26f08640       0x28 build/sam_a5d27_som1_winc3400/production/_ext/237603529/wdrv_winc.o
                0x26f08640                WDRV_WINC_ISR
 .text.WDRV_WINC_AuthCtxSetOpen
                0x26f08668       0x20 build/sam_a5d27_som1_winc3400/production/_ext/237603529/wdrv_winc_authctx.o
                0x26f08668                WDRV_WINC_AuthCtxSetOpen
 .text.WDRV_WINC_AuthCtxSetWPA
                0x26f08688       0x74 build/sam_a5d27_som1_winc3400/production/_ext/237603529/wdrv_winc_authctx.o
                0x26f08688                WDRV_WINC_AuthCtxSetWPA
 .text.AIC_INT_Initialize
                0x26f086fc      0x144 build/sam_a5d27_som1_winc3400/production/_ext/883939571/plib_aic.o
                0x26f086fc                AIC_INT_Initialize
 .text.AIC_INT_IrqDisable
                0x26f08840       0x28 build/sam_a5d27_som1_winc3400/production/_ext/883939571/plib_aic.o
                0x26f08840                AIC_INT_IrqDisable
 .text.AIC_INT_IrqRestore
                0x26f08868       0x20 build/sam_a5d27_som1_winc3400/production/_ext/883939571/plib_aic.o
                0x26f08868                AIC_INT_IrqRestore
 .text.CLK_Initialize
                0x26f08888       0x58 build/sam_a5d27_som1_winc3400/production/_ext/883937548/plib_clk.o
                0x26f08888                CLK_Initialize
 .text.FLEXCOM4_SPI_Initialize
                0x26f088e0       0x4c build/sam_a5d27_som1_winc3400/production/_ext/1895127654/plib_flexcom4_spi_master.o
                0x26f088e0                FLEXCOM4_SPI_Initialize
 .text.FLEXCOM4_SPI_WriteRead
                0x26f0892c      0x29c build/sam_a5d27_som1_winc3400/production/_ext/1895127654/plib_flexcom4_spi_master.o
                0x26f0892c                FLEXCOM4_SPI_WriteRead
 .text.FLEXCOM4_SPI_TransferSetup
                0x26f08bc8       0x98 build/sam_a5d27_som1_winc3400/production/_ext/1895127654/plib_flexcom4_spi_master.o
                0x26f08bc8                FLEXCOM4_SPI_TransferSetup
 .text.FLEXCOM4_SPI_IsTransmitterBusy
                0x26f08c60       0x18 build/sam_a5d27_som1_winc3400/production/_ext/1895127654/plib_flexcom4_spi_master.o
                0x26f08c60                FLEXCOM4_SPI_IsTransmitterBusy
 .text.FLEXCOM4_SPI_CallbackRegister
                0x26f08c78       0x14 build/sam_a5d27_som1_winc3400/production/_ext/1895127654/plib_flexcom4_spi_master.o
                0x26f08c78                FLEXCOM4_SPI_CallbackRegister
 .text.FLEXCOM4_InterruptHandler
                0x26f08c8c      0x340 build/sam_a5d27_som1_winc3400/production/_ext/1895127654/plib_flexcom4_spi_master.o
                0x26f08c8c                FLEXCOM4_InterruptHandler
 .text.Matrix_Initialize
                0x26f08fcc       0x50 build/sam_a5d27_som1_winc3400/production/_ext/662486865/plib_matrix.o
                0x26f08fcc                Matrix_Initialize
 .text.icache_Enable
                0x26f0901c       0x28 build/sam_a5d27_som1_winc3400/production/_ext/883927897/plib_mmu.o
                0x26f0901c                icache_Enable
 .text.MMU_Initialize
                0x26f09044      0x330 build/sam_a5d27_som1_winc3400/production/_ext/883927897/plib_mmu.o
                0x26f09044                MMU_Initialize
 .text.PIO_Initialize
                0x26f09374       0xb4 build/sam_a5d27_som1_winc3400/production/_ext/883925144/plib_pio.o
                0x26f09374                PIO_Initialize
 .text.PIO_PortSet
                0x26f09428       0x14 build/sam_a5d27_som1_winc3400/production/_ext/883925144/plib_pio.o
                0x26f09428                PIO_PortSet
 .text.PIO_PortClear
                0x26f0943c       0x14 build/sam_a5d27_som1_winc3400/production/_ext/883925144/plib_pio.o
                0x26f0943c                PIO_PortClear
 .text.PIO_PortInterruptEnable
                0x26f09450       0x14 build/sam_a5d27_som1_winc3400/production/_ext/883925144/plib_pio.o
                0x26f09450                PIO_PortInterruptEnable
 .text.PIO_PortInterruptDisable
                0x26f09464       0x14 build/sam_a5d27_som1_winc3400/production/_ext/883925144/plib_pio.o
                0x26f09464                PIO_PortInterruptDisable
 .text.PIO_PinInterruptCallbackRegister
                0x26f09478       0xa8 build/sam_a5d27_som1_winc3400/production/_ext/883925144/plib_pio.o
                0x26f09478                PIO_PinInterruptCallbackRegister
 .text.PIOB_InterruptHandler
                0x26f09520       0x5c build/sam_a5d27_som1_winc3400/production/_ext/883925144/plib_pio.o
                0x26f09520                PIOB_InterruptHandler
 .text.TC0_CH0_TimerInitialize
                0x26f0957c       0x30 build/sam_a5d27_som1_winc3400/production/_ext/941317725/plib_tc0.o
                0x26f0957c                TC0_CH0_TimerInitialize
 .text.TC0_CH0_TimerStart
                0x26f095ac       0x14 build/sam_a5d27_som1_winc3400/production/_ext/941317725/plib_tc0.o
                0x26f095ac                TC0_CH0_TimerStart
 .text.TC0_CH0_TimerStop
                0x26f095c0       0x14 build/sam_a5d27_som1_winc3400/production/_ext/941317725/plib_tc0.o
                0x26f095c0                TC0_CH0_TimerStop
 .text.TC0_CH0_TimerFrequencyGet
                0x26f095d4        0xc build/sam_a5d27_som1_winc3400/production/_ext/941317725/plib_tc0.o
                0x26f095d4                TC0_CH0_TimerFrequencyGet
 .text.TC0_CH0_TimerPeriodSet
                0x26f095e0       0x10 build/sam_a5d27_som1_winc3400/production/_ext/941317725/plib_tc0.o
                0x26f095e0                TC0_CH0_TimerPeriodSet
 .text.TC0_CH0_TimerCompareSet
                0x26f095f0       0x10 build/sam_a5d27_som1_winc3400/production/_ext/941317725/plib_tc0.o
                0x26f095f0                TC0_CH0_TimerCompareSet
 .text.TC0_CH0_TimerCounterGet
                0x26f09600       0x10 build/sam_a5d27_som1_winc3400/production/_ext/941317725/plib_tc0.o
                0x26f09600                TC0_CH0_TimerCounterGet
 .text.TC0_CH0_TimerCallbackRegister
                0x26f09610       0x14 build/sam_a5d27_som1_winc3400/production/_ext/941317725/plib_tc0.o
                0x26f09610                TC0_CH0_TimerCallbackRegister
 .text.TC0_CH0_InterruptHandler
                0x26f09624       0x40 build/sam_a5d27_som1_winc3400/production/_ext/941317725/plib_tc0.o
                0x26f09624                TC0_CH0_InterruptHandler
 .text.TC0_InterruptHandler
                0x26f09664        0xc build/sam_a5d27_som1_winc3400/production/_ext/941317725/plib_tc0.o
                0x26f09664                TC0_InterruptHandler
 .text.UART1_WritePendingBytesGet
                0x26f09670       0x20 build/sam_a5d27_som1_winc3400/production/_ext/1631734212/plib_uart1.o
 .text.UART1_Initialize
                0x26f09690       0x70 build/sam_a5d27_som1_winc3400/production/_ext/1631734212/plib_uart1.o
                0x26f09690                UART1_Initialize
 .text.UART1_Read
                0x26f09700       0xd0 build/sam_a5d27_som1_winc3400/production/_ext/1631734212/plib_uart1.o
                0x26f09700                UART1_Read
 .text.UART1_ReadCountGet
                0x26f097d0       0x20 build/sam_a5d27_som1_winc3400/production/_ext/1631734212/plib_uart1.o
                0x26f097d0                UART1_ReadCountGet
 .text.UART1_ReadFreeBufferCountGet
                0x26f097f0       0x10 build/sam_a5d27_som1_winc3400/production/_ext/1631734212/plib_uart1.o
                0x26f097f0                UART1_ReadFreeBufferCountGet
 .text.UART1_WriteCountGet
                0x26f09800        0xc build/sam_a5d27_som1_winc3400/production/_ext/1631734212/plib_uart1.o
                0x26f09800                UART1_WriteCountGet
 .text.UART1_Write
                0x26f0980c       0x98 build/sam_a5d27_som1_winc3400/production/_ext/1631734212/plib_uart1.o
                0x26f0980c                UART1_Write
 .text.UART1_WriteFreeBufferCountGet
                0x26f098a4       0x14 build/sam_a5d27_som1_winc3400/production/_ext/1631734212/plib_uart1.o
                0x26f098a4                UART1_WriteFreeBufferCountGet
 .text.UART1_InterruptHandler
                0x26f098b8      0x24c build/sam_a5d27_som1_winc3400/production/_ext/1631734212/plib_uart1.o
                0x26f098b8                UART1_InterruptHandler
 .text.XDMAC0_InterruptHandler
                0x26f09b04       0xc0 build/sam_a5d27_som1_winc3400/production/_ext/958701621/plib_xdmac0.o
                0x26f09b04                XDMAC0_InterruptHandler
 .text.XDMAC0_Initialize
                0x26f09bc4       0x68 build/sam_a5d27_som1_winc3400/production/_ext/958701621/plib_xdmac0.o
                0x26f09bc4                XDMAC0_Initialize
 .text.XDMAC0_ChannelCallbackRegister
                0x26f09c2c       0x18 build/sam_a5d27_som1_winc3400/production/_ext/958701621/plib_xdmac0.o
                0x26f09c2c                XDMAC0_ChannelCallbackRegister
 .text.XDMAC0_ChannelTransfer
                0x26f09c44       0x9c build/sam_a5d27_som1_winc3400/production/_ext/958701621/plib_xdmac0.o
                0x26f09c44                XDMAC0_ChannelTransfer
 .text.XDMAC0_ChannelSettingsGet
                0x26f09ce0       0x14 build/sam_a5d27_som1_winc3400/production/_ext/958701621/plib_xdmac0.o
                0x26f09ce0                XDMAC0_ChannelSettingsGet
 .text.XDMAC0_ChannelSettingsSet
                0x26f09cf4       0x24 build/sam_a5d27_som1_winc3400/production/_ext/958701621/plib_xdmac0.o
                0x26f09cf4                XDMAC0_ChannelSettingsSet
 .text.Console_UART_Initialize
                0x26f09d18       0x2c build/sam_a5d27_som1_winc3400/production/_ext/1006343247/sys_console_uart.o
                0x26f09d18                Console_UART_Initialize
 .text.Console_UART_Read
                0x26f09d44       0x60 build/sam_a5d27_som1_winc3400/production/_ext/1006343247/sys_console_uart.o
                0x26f09d44                Console_UART_Read
 .text.Console_UART_Flush
                0x26f09da4        0x8 build/sam_a5d27_som1_winc3400/production/_ext/1006343247/sys_console_uart.o
                0x26f09da4                Console_UART_Flush
 .text.Console_UART_Status
                0x26f09dac       0x24 build/sam_a5d27_som1_winc3400/production/_ext/1006343247/sys_console_uart.o
                0x26f09dac                Console_UART_Status
 .text.Console_UART_Tasks
                0x26f09dd0        0x4 build/sam_a5d27_som1_winc3400/production/_ext/1006343247/sys_console_uart.o
                0x26f09dd0                Console_UART_Tasks
 .text.Console_UART_WriteCountGet
                0x26f09dd4       0x5c build/sam_a5d27_som1_winc3400/production/_ext/1006343247/sys_console_uart.o
                0x26f09dd4                Console_UART_WriteCountGet
 .text.Console_UART_WriteFreeBufferCountGet
                0x26f09e30       0x5c build/sam_a5d27_som1_winc3400/production/_ext/1006343247/sys_console_uart.o
                0x26f09e30                Console_UART_WriteFreeBufferCountGet
 .text.Console_UART_Write
                0x26f09e8c       0x60 build/sam_a5d27_som1_winc3400/production/_ext/1006343247/sys_console_uart.o
                0x26f09e8c                Console_UART_Write
 .text.Console_UART_ReadFreeBufferCountGet
                0x26f09eec       0x5c build/sam_a5d27_som1_winc3400/production/_ext/1006343247/sys_console_uart.o
                0x26f09eec                Console_UART_ReadFreeBufferCountGet
 .text.Console_UART_ReadCountGet
                0x26f09f48       0x5c build/sam_a5d27_som1_winc3400/production/_ext/1006343247/sys_console_uart.o
                0x26f09f48                Console_UART_ReadCountGet
 .text.SYS_CONSOLE_Initialize
                0x26f09fa4       0xa4 build/sam_a5d27_som1_winc3400/production/_ext/1006343247/sys_console.o
                0x26f09fa4                SYS_CONSOLE_Initialize
 .text.SYS_CONSOLE_HandleGet
                0x26f0a048       0x10 build/sam_a5d27_som1_winc3400/production/_ext/1006343247/sys_console.o
                0x26f0a048                SYS_CONSOLE_HandleGet
 .text.SYS_CONSOLE_Print
                0x26f0a058       0xe0 build/sam_a5d27_som1_winc3400/production/_ext/1006343247/sys_console.o
                0x26f0a058                SYS_CONSOLE_Print
 .text.SYS_CONSOLE_Message
                0x26f0a138       0x60 build/sam_a5d27_som1_winc3400/production/_ext/1006343247/sys_console.o
                0x26f0a138                SYS_CONSOLE_Message
 .text.SYS_DEBUG_Initialize
                0x26f0a198       0x30 build/sam_a5d27_som1_winc3400/production/_ext/100066323/sys_debug.o
                0x26f0a198                SYS_DEBUG_Initialize
 .text.SYS_DEBUG_ConsoleInstanceGet
                0x26f0a1c8       0x10 build/sam_a5d27_som1_winc3400/production/_ext/100066323/sys_debug.o
                0x26f0a1c8                SYS_DEBUG_ConsoleInstanceGet
 .text.SYS_DEBUG_ErrorLevelGet
                0x26f0a1d8       0x10 build/sam_a5d27_som1_winc3400/production/_ext/100066323/sys_debug.o
                0x26f0a1d8                SYS_DEBUG_ErrorLevelGet
 .text.SYS_DMA_AddressingModeSetup
                0x26f0a1e8       0x30 build/sam_a5d27_som1_winc3400/production/_ext/775042947/sys_dma.o
                0x26f0a1e8                SYS_DMA_AddressingModeSetup
 .text.SYS_DMA_DataWidthSetup
                0x26f0a218       0x28 build/sam_a5d27_som1_winc3400/production/_ext/775042947/sys_dma.o
                0x26f0a218                SYS_DMA_DataWidthSetup
 .text.SYS_INT_Disable
                0x26f0a240        0xc build/sam_a5d27_som1_winc3400/production/_ext/937565385/sys_int.o
                0x26f0a240                SYS_INT_Disable
 .text.SYS_INT_Restore
                0x26f0a24c        0xc build/sam_a5d27_som1_winc3400/production/_ext/937565385/sys_int.o
                0x26f0a24c                SYS_INT_Restore
 .text.SYS_INT_SourceIsEnabled
                0x26f0a258       0x2c build/sam_a5d27_som1_winc3400/production/_ext/937565385/sys_int.o
                0x26f0a258                SYS_INT_SourceIsEnabled
 .text.SYS_INT_SourceEnable
                0x26f0a284       0x2c build/sam_a5d27_som1_winc3400/production/_ext/937565385/sys_int.o
                0x26f0a284                SYS_INT_SourceEnable
 .text.SYS_INT_SourceDisable
                0x26f0a2b0       0x40 build/sam_a5d27_som1_winc3400/production/_ext/937565385/sys_int.o
                0x26f0a2b0                SYS_INT_SourceDisable
 .text.SYS_INT_SourceRestore
                0x26f0a2f0       0x34 build/sam_a5d27_som1_winc3400/production/_ext/937565385/sys_int.o
                0x26f0a2f0                SYS_INT_SourceRestore
 .text.SYS_TIME_GetTimerObject
                0x26f0a324       0x74 build/sam_a5d27_som1_winc3400/production/_ext/695691069/sys_time.o
 .text.SYS_TIME_HwTimerCompareUpdate
                0x26f0a398      0x130 build/sam_a5d27_som1_winc3400/production/_ext/695691069/sys_time.o
 .text.SYS_TIME_RemoveFromList
                0x26f0a4c8       0xbc build/sam_a5d27_som1_winc3400/production/_ext/695691069/sys_time.o
 .text.SYS_TIME_AddToList
                0x26f0a584       0xec build/sam_a5d27_som1_winc3400/production/_ext/695691069/sys_time.o
 .text.SYS_TIME_UpdateTimerList
                0x26f0a670       0x70 build/sam_a5d27_som1_winc3400/production/_ext/695691069/sys_time.o
 .text.SYS_TIME_ResourceLock
                0x26f0a6e0       0x5c build/sam_a5d27_som1_winc3400/production/_ext/695691069/sys_time.o
 .text.SYS_TIME_ResourceUnlock
                0x26f0a73c       0x2c build/sam_a5d27_som1_winc3400/production/_ext/695691069/sys_time.o
 .text.SYS_TIME_TimerObjectCreate
                0x26f0a768      0x12c build/sam_a5d27_som1_winc3400/production/_ext/695691069/sys_time.o
 .text.SYS_TIME_TimerAdd
                0x26f0a894       0x7c build/sam_a5d27_som1_winc3400/production/_ext/695691069/sys_time.o
 .text.SYS_TIME_Initialize
                0x26f0a910      0x110 build/sam_a5d27_som1_winc3400/production/_ext/695691069/sys_time.o
                0x26f0a910                SYS_TIME_Initialize
 .text.SYS_TIME_TimerDestroy
                0x26f0aa20       0x74 build/sam_a5d27_som1_winc3400/production/_ext/695691069/sys_time.o
                0x26f0aa20                SYS_TIME_TimerDestroy
 .text.SYS_TIME_PLIBCallback
                0x26f0aa94      0x184 build/sam_a5d27_som1_winc3400/production/_ext/695691069/sys_time.o
 .text.SYS_TIME_TimerStart
                0x26f0ac18       0xa4 build/sam_a5d27_som1_winc3400/production/_ext/695691069/sys_time.o
                0x26f0ac18                SYS_TIME_TimerStart
 .text.SYS_TIME_TimerPeriodHasExpired
                0x26f0acbc       0x48 build/sam_a5d27_som1_winc3400/production/_ext/695691069/sys_time.o
                0x26f0acbc                SYS_TIME_TimerPeriodHasExpired
 .text.SYS_TIME_DelayMS
                0x26f0ad04       0x84 build/sam_a5d27_som1_winc3400/production/_ext/695691069/sys_time.o
                0x26f0ad04                SYS_TIME_DelayMS
 .text.SYS_TIME_DelayIsComplete
                0x26f0ad88       0x28 build/sam_a5d27_som1_winc3400/production/_ext/695691069/sys_time.o
                0x26f0ad88                SYS_TIME_DelayIsComplete
 .text.SYS_Initialize
                0x26f0adb0       0xac build/sam_a5d27_som1_winc3400/production/_ext/1420774346/initialization.o
                0x26f0adb0                SYS_Initialize
 .text.undefined_instruction_irq_handler
                0x26f0ae5c        0x4 build/sam_a5d27_som1_winc3400/production/_ext/1420774346/fault_handlers.o
                0x26f0ae5c                undefined_instruction_irq_handler
 .text.software_interrupt_irq_handler
                0x26f0ae60        0x4 build/sam_a5d27_som1_winc3400/production/_ext/1420774346/fault_handlers.o
                0x26f0ae60                software_interrupt_irq_handler
 .text.data_abort_irq_handler
                0x26f0ae64        0x4 build/sam_a5d27_som1_winc3400/production/_ext/1420774346/fault_handlers.o
                0x26f0ae64                data_abort_irq_handler
 .text.prefetch_abort_irq_handler
                0x26f0ae68        0x4 build/sam_a5d27_som1_winc3400/production/_ext/1420774346/fault_handlers.o
                0x26f0ae68                prefetch_abort_irq_handler
 *fill*         0x26f0ae6c        0x4 
 .text          0x26f0ae70       0xa4 build/sam_a5d27_som1_winc3400/production/_ext/1420774346/cstartup.o
 .text.SYS_Tasks
                0x26f0af14       0x1c build/sam_a5d27_som1_winc3400/production/_ext/1420774346/tasks.o
                0x26f0af14                SYS_Tasks
 .text.DefaultInterruptHandlerForSpurious
                0x26f0af30       0x18 build/sam_a5d27_som1_winc3400/production/_ext/1420774346/interrupts.o
                0x26f0af30                DefaultInterruptHandlerForSpurious
 .text.APP_Initialize
                0x26f0af48       0x14 build/sam_a5d27_som1_winc3400/production/_ext/1360937237/app.o
                0x26f0af48                APP_Initialize
 .text.APP_Tasks
                0x26f0af5c       0xb8 build/sam_a5d27_som1_winc3400/production/_ext/1360937237/app.o
                0x26f0af5c                APP_Tasks
 .text.main     0x26f0b014       0x14 build/sam_a5d27_som1_winc3400/production/_ext/1360937237/main.o
                0x26f0b014                main
 .text.APP_ExampleConnectNotifyCallback
                0x26f0b028       0x6c build/sam_a5d27_som1_winc3400/production/_ext/1360937237/example.o
 .text.APP_ExampleDHCPAddressEventCallback
                0x26f0b094       0x48 build/sam_a5d27_som1_winc3400/production/_ext/1360937237/example.o
 .text.APP_ExampleInitialize
                0x26f0b0dc       0x5c build/sam_a5d27_som1_winc3400/production/_ext/1360937237/example.o
                0x26f0b0dc                APP_ExampleInitialize
 .text.APP_ExampleTasks
                0x26f0b138      0x2a8 build/sam_a5d27_som1_winc3400/production/_ext/1360937237/example.o
                0x26f0b138                APP_ExampleTasks
 .text          0x26f0b3e0       0xc8 c:/program files/microchip/xc32/v4.10/bin/bin/../../lib/gcc/pic32c/8.3.1/arm/v7-a+simd/hard\libgcc.a(_udivsi3.o)
                0x26f0b3e0                __aeabi_uidiv
                0x26f0b3e0                __udivsi3
                0x26f0b488                __aeabi_uidivmod
 .text          0x26f0b4a8       0xfc c:/program files/microchip/xc32/v4.10/bin/bin/../../lib/gcc/pic32c/8.3.1/arm/v7-a+simd/hard\libgcc.a(_divsi3.o)
                0x26f0b4a8                __divsi3
                0x26f0b4a8                __aeabi_idiv
                0x26f0b584                __aeabi_idivmod
 .text          0x26f0b5a4        0x4 c:/program files/microchip/xc32/v4.10/bin/bin/../../lib/gcc/pic32c/8.3.1/arm/v7-a+simd/hard\libgcc.a(_dvmd_tls.o)
                0x26f0b5a4                __aeabi_idiv0
                0x26f0b5a4                __aeabi_ldiv0
 .text          0x26f0b5a8       0x3c c:/program files/microchip/xc32/v4.10/bin/bin/../../lib/gcc/pic32c/8.3.1/arm/v7-a+simd/hard\libgcc.a(_aeabi_uldivmod.o)
                0x26f0b5a8                __aeabi_uldivmod
 .text          0x26f0b5e4      0x148 c:/program files/microchip/xc32/v4.10/bin/bin/../../lib/gcc/pic32c/8.3.1/arm/v7-a+simd/hard\libgcc.a(_udivmoddi4.o)
                0x26f0b5e4                __udivmoddi4
 .text.__dummy  0x26f0b72c        0x4 c:/program files/microchip/xc32/v4.10/bin/bin/../../lib/gcc/pic32c/8.3.1/../../../../pic32c/lib/arm/v7-a+simd/hard\libc-musl.a(__libc_start_main.o)
                0x26f0b72c                __init_stdio
                0x26f0b72c                __init_host
 .text.__libc_start_init
                0x26f0b730       0x88 c:/program files/microchip/xc32/v4.10/bin/bin/../../lib/gcc/pic32c/8.3.1/../../../../pic32c/lib/arm/v7-a+simd/hard\libc-musl.a(__libc_start_main.o)
                0x26f0b730                __libc_init_array
 .text.bin_index
                0x26f0b7b8       0x48 c:/program files/microchip/xc32/v4.10/bin/bin/../../lib/gcc/pic32c/8.3.1/../../../../pic32c/lib/arm/v7-a+simd/hard\libc-musl.a(malloc.o)
 .text.adjust_size
                0x26f0b800       0x60 c:/program files/microchip/xc32/v4.10/bin/bin/../../lib/gcc/pic32c/8.3.1/../../../../pic32c/lib/arm/v7-a+simd/hard\libc-musl.a(malloc.o)
 .text.lock_bin
                0x26f0b860       0x34 c:/program files/microchip/xc32/v4.10/bin/bin/../../lib/gcc/pic32c/8.3.1/../../../../pic32c/lib/arm/v7-a+simd/hard\libc-musl.a(malloc.o)
 .text.unbin    0x26f0b894       0x90 c:/program files/microchip/xc32/v4.10/bin/bin/../../lib/gcc/pic32c/8.3.1/../../../../pic32c/lib/arm/v7-a+simd/hard\libc-musl.a(malloc.o)
 .text.alloc_fwd
                0x26f0b924       0x4c c:/program files/microchip/xc32/v4.10/bin/bin/../../lib/gcc/pic32c/8.3.1/../../../../pic32c/lib/arm/v7-a+simd/hard\libc-musl.a(malloc.o)
 .text.alloc_rev
                0x26f0b970       0x50 c:/program files/microchip/xc32/v4.10/bin/bin/../../lib/gcc/pic32c/8.3.1/../../../../pic32c/lib/arm/v7-a+simd/hard\libc-musl.a(malloc.o)
 .text.free     0x26f0b9c0      0x16c c:/program files/microchip/xc32/v4.10/bin/bin/../../lib/gcc/pic32c/8.3.1/../../../../pic32c/lib/arm/v7-a+simd/hard\libc-musl.a(malloc.o)
                0x26f0b9c0                free
 .text.trim     0x26f0bb2c       0x40 c:/program files/microchip/xc32/v4.10/bin/bin/../../lib/gcc/pic32c/8.3.1/../../../../pic32c/lib/arm/v7-a+simd/hard\libc-musl.a(malloc.o)
 .text.malloc   0x26f0bb6c      0x284 c:/program files/microchip/xc32/v4.10/bin/bin/../../lib/gcc/pic32c/8.3.1/../../../../pic32c/lib/arm/v7-a+simd/hard\libc-musl.a(malloc.o)
                0x26f0bb6c                malloc
 .text.__expand_heap
                0x26f0bdf0       0x2c c:/program files/microchip/xc32/v4.10/bin/bin/../../lib/gcc/pic32c/8.3.1/../../../../pic32c/lib/arm/v7-a+simd/hard\libc-musl.a(expand_heap.o)
                0x26f0bdf0                __expand_heap
 .text.vsnprintf
                0x26f0be1c       0x98 c:/program files/microchip/xc32/v4.10/bin/bin/../../lib/gcc/pic32c/8.3.1/../../../../pic32c/lib/arm/v7-a+simd/hard\libc-musl.a(vsnprintf.o)
                0x26f0be1c                vsnprintf
 .text.memcmp   0x26f0beb4       0x4c c:/program files/microchip/xc32/v4.10/bin/bin/../../lib/gcc/pic32c/8.3.1/../../../../pic32c/lib/arm/v7-a+simd/hard\libc-musl.a(memcmp.o)
                0x26f0beb4                memcmp
 .text.memcpy   0x26f0bf00       0x1c c:/program files/microchip/xc32/v4.10/bin/bin/../../lib/gcc/pic32c/8.3.1/../../../../pic32c/lib/arm/v7-a+simd/hard\libc-musl.a(memcpy.o)
                0x26f0bf00                memcpy
 .text.memset   0x26f0bf1c       0x18 c:/program files/microchip/xc32/v4.10/bin/bin/../../lib/gcc/pic32c/8.3.1/../../../../pic32c/lib/arm/v7-a+simd/hard\libc-musl.a(memset.o)
                0x26f0bf1c                memset
 .text.strlen   0x26f0bf34       0x20 c:/program files/microchip/xc32/v4.10/bin/bin/../../lib/gcc/pic32c/8.3.1/../../../../pic32c/lib/arm/v7-a+simd/hard\libc-musl.a(strlen.o)
                0x26f0bf34                strlen
 .text.strchr   0x26f0bf54       0x20 c:/program files/microchip/xc32/v4.10/bin/bin/../../lib/gcc/pic32c/8.3.1/../../../../pic32c/lib/arm/v7-a+simd/hard\libc-musl.a(strchr.o)
                0x26f0bf54                strchr
 .text.__strchrnul
                0x26f0bf74       0xa8 c:/program files/microchip/xc32/v4.10/bin/bin/../../lib/gcc/pic32c/8.3.1/../../../../pic32c/lib/arm/v7-a+simd/hard\libc-musl.a(strchrnul.o)
                0x26f0bf74                strchrnul
                0x26f0bf74                __strchrnul
 .text.mktime   0x26f0c01c       0x90 c:/program files/microchip/xc32/v4.10/bin/bin/../../lib/gcc/pic32c/8.3.1/../../../../pic32c/lib/arm/v7-a+simd/hard\libc-musl.a(mktime.o)
                0x26f0c01c                mktime
 .text.vfprintf
                0x26f0c0ac       0x28 c:/program files/microchip/xc32/v4.10/bin/bin/../../lib/gcc/pic32c/8.3.1/../../../../pic32c/lib/arm/v7-a+simd/hard\libc-musl.a(vfprintf.o)
                0x26f0c0ac                vfprintf
 .text.__tm_to_secs
                0x26f0c0d4       0xb8 c:/program files/microchip/xc32/v4.10/bin/bin/../../lib/gcc/pic32c/8.3.1/../../../../pic32c/lib/arm/v7-a+simd/hard\libc-musl.a(__tm_to_secs.o)
                0x26f0c0d4                __tm_to_secs
 *fill*         0x26f0c18c        0x4 
 .text.__year_to_secs
                0x26f0c190      0x17c c:/program files/microchip/xc32/v4.10/bin/bin/../../lib/gcc/pic32c/8.3.1/../../../../pic32c/lib/arm/v7-a+simd/hard\libc-musl.a(__year_to_secs.o)
                0x26f0c190                __year_to_secs
 *fill*         0x26f0c30c        0x4 
 .text.__secs_to_tm
                0x26f0c310      0x288 c:/program files/microchip/xc32/v4.10/bin/bin/../../lib/gcc/pic32c/8.3.1/../../../../pic32c/lib/arm/v7-a+simd/hard\libc-musl.a(__secs_to_tm.o)
                0x26f0c310                __secs_to_tm
 .text.__string_out
                0x26f0c598       0x44 c:/program files/microchip/xc32/v4.10/bin/bin/../../lib/gcc/pic32c/8.3.1/../../../../pic32c/lib/arm/v7-a+simd/hard\libc-musl.a(__printf_core.o)
                0x26f0c598                __out
 .text.__pad    0x26f0c5dc       0xc0 c:/program files/microchip/xc32/v4.10/bin/bin/../../lib/gcc/pic32c/8.3.1/../../../../pic32c/lib/arm/v7-a+simd/hard\libc-musl.a(__printf_core.o)
                0x26f0c5dc                __pad
 .text.__fmt_state
                0x26f0c69c       0x74 c:/program files/microchip/xc32/v4.10/bin/bin/../../lib/gcc/pic32c/8.3.1/../../../../pic32c/lib/arm/v7-a+simd/hard\libc-musl.a(__printf_core.o)
                0x26f0c69c                __fmt_state
 .text.__printf_core
                0x26f0c710      0x51c c:/program files/microchip/xc32/v4.10/bin/bin/../../lib/gcc/pic32c/8.3.1/../../../../pic32c/lib/arm/v7-a+simd/hard\libc-musl.a(__printf_core.o)
                0x26f0c710                __printf_core
 .text.atoi     0x26f0cc2c       0x70 c:/program files/microchip/xc32/v4.10/bin/bin/../../lib/gcc/pic32c/8.3.1/../../../../pic32c/lib/arm/v7-a+simd/hard\libc-musl.a(atoi.o)
                0x26f0cc2c                atoi
 .text.__month_to_secs
                0x26f0cc9c       0x24 c:/program files/microchip/xc32/v4.10/bin/bin/../../lib/gcc/pic32c/8.3.1/../../../../pic32c/lib/arm/v7-a+simd/hard\libc-musl.a(__month_to_secs.o)
                0x26f0cc9c                __month_to_secs
 .text.tolower  0x26f0ccc0       0x10 c:/program files/microchip/xc32/v4.10/bin/bin/../../lib/gcc/pic32c/8.3.1/../../../../pic32c/lib/arm/v7-a+simd/hard\libc-musl.a(tolower.o)
                0x26f0ccc0                tolower
 .text.__fmt_a  0x26f0ccd0      0x57c c:/program files/microchip/xc32/v4.10/bin/bin/../../lib/gcc/pic32c/8.3.1/../../../../pic32c/lib/arm/v7-a+simd/hard\libc-musl.a(__fmt_a.o)
                0x26f0ccd0                __fmt_a_needed
                0x26f0ccd0                __fmt_a
 .text.__fmt_d  0x26f0d24c      0x118 c:/program files/microchip/xc32/v4.10/bin/bin/../../lib/gcc/pic32c/8.3.1/../../../../pic32c/lib/arm/v7-a+simd/hard\libc-musl.a(__fmt_d.o)
                0x26f0d24c                __fmt_d
                0x26f0d24c                __fmt_d_needed
 *fill*         0x26f0d364        0x4 
 .text.__fmt_fp
                0x26f0d368      0x580 c:/program files/microchip/xc32/v4.10/bin/bin/../../lib/gcc/pic32c/8.3.1/../../../../pic32c/lib/arm/v7-a+simd/hard\libc-musl.a(__fmt_fp.o)
                0x26f0d368                __fmt_f_needed
                0x26f0d368                __fmt_fp
 .text.__fmt_o  0x26f0d8e8       0xbc c:/program files/microchip/xc32/v4.10/bin/bin/../../lib/gcc/pic32c/8.3.1/../../../../pic32c/lib/arm/v7-a+simd/hard\libc-musl.a(__fmt_o.o)
                0x26f0d8e8                __fmt_o
                0x26f0d8e8                __fmt_o_needed
 .text.__fmt_s  0x26f0d9a4       0x88 c:/program files/microchip/xc32/v4.10/bin/bin/../../lib/gcc/pic32c/8.3.1/../../../../pic32c/lib/arm/v7-a+simd/hard\libc-musl.a(__fmt_s.o)
                0x26f0d9a4                __fmt_s
                0x26f0d9a4                __fmt_0_needed
                0x26f0d9a4                __fmt_s_needed
 .text.__cvt_u  0x26f0da2c       0xb8 c:/program files/microchip/xc32/v4.10/bin/bin/../../lib/gcc/pic32c/8.3.1/../../../../pic32c/lib/arm/v7-a+simd/hard\libc-musl.a(__fmt_u.o)
                0x26f0da2c                __cvt_u
 .text.__fmt_u  0x26f0dae4       0x94 c:/program files/microchip/xc32/v4.10/bin/bin/../../lib/gcc/pic32c/8.3.1/../../../../pic32c/lib/arm/v7-a+simd/hard\libc-musl.a(__fmt_u.o)
                0x26f0dae4                __fmt_u_needed
                0x26f0dae4                __fmt_u
 .text.__fmt_x  0x26f0db78      0x190 c:/program files/microchip/xc32/v4.10/bin/bin/../../lib/gcc/pic32c/8.3.1/../../../../pic32c/lib/arm/v7-a+simd/hard\libc-musl.a(__fmt_x.o)
                0x26f0db78                __fmt_x_needed
                0x26f0db78                __fmt_x
 .text.__pop_float
                0x26f0dd08       0x44 c:/program files/microchip/xc32/v4.10/bin/bin/../../lib/gcc/pic32c/8.3.1/../../../../pic32c/lib/arm/v7-a+simd/hard\libc-musl.a(__pop_float.o)
                0x26f0dd08                __pop_float_needed
                0x26f0dd08                __pop_float
 .text.__pop_int
                0x26f0dd4c      0x158 c:/program files/microchip/xc32/v4.10/bin/bin/../../lib/gcc/pic32c/8.3.1/../../../../pic32c/lib/arm/v7-a+simd/hard\libc-musl.a(__pop_int.o)
                0x26f0dd4c                __pop_int_needed
                0x26f0dd4c                __pop_int
 .text.__pop_ptr
                0x26f0dea4       0xec c:/program files/microchip/xc32/v4.10/bin/bin/../../lib/gcc/pic32c/8.3.1/../../../../pic32c/lib/arm/v7-a+simd/hard\libc-musl.a(__pop_ptr.o)
                0x26f0dea4                __pop_ptr
                0x26f0dea4                __pop_ptr_needed
 .text.strcpy   0x26f0df90       0x14 c:/program files/microchip/xc32/v4.10/bin/bin/../../lib/gcc/pic32c/8.3.1/../../../../pic32c/lib/arm/v7-a+simd/hard\libc-musl.a(strcpy.o)
                0x26f0df90                strcpy
 .text.toupper  0x26f0dfa4       0x10 c:/program files/microchip/xc32/v4.10/bin/bin/../../lib/gcc/pic32c/8.3.1/../../../../pic32c/lib/arm/v7-a+simd/hard\libc-musl.a(toupper.o)
                0x26f0dfa4                toupper
 .text.stpcpy   0x26f0dfb4       0x1c c:/program files/microchip/xc32/v4.10/bin/bin/../../lib/gcc/pic32c/8.3.1/../../../../pic32c/lib/arm/v7-a+simd/hard\libc-musl.a(stpcpy.o)
                0x26f0dfb4                __stpcpy
                0x26f0dfb4                stpcpy
 .text.floor    0x26f0dfd0       0xa8 c:/program files/microchip/xc32/v4.10/bin/bin/../../lib/gcc/pic32c/8.3.1/../../../../pic32c/lib/arm/v7-a+simd/hard\libm-musl.a(floor.o)
                0x26f0dfd0                floor
 .text.normalize
                0x26f0e078       0x7c c:/program files/microchip/xc32/v4.10/bin/bin/../../lib/gcc/pic32c/8.3.1/../../../../pic32c/lib/arm/v7-a+simd/hard\libm-musl.a(fma.o)
 *fill*         0x26f0e0f4        0x4 
 .text.fma      0x26f0e0f8      0x62c c:/program files/microchip/xc32/v4.10/bin/bin/../../lib/gcc/pic32c/8.3.1/../../../../pic32c/lib/arm/v7-a+simd/hard\libm-musl.a(fma.o)
                0x26f0e0f8                fma
 *fill*         0x26f0e724        0x4 
 .text.scalbn   0x26f0e728       0xac c:/program files/microchip/xc32/v4.10/bin/bin/../../lib/gcc/pic32c/8.3.1/../../../../pic32c/lib/arm/v7-a+simd/hard\libm-musl.a(scalbn.o)
                0x26f0e728                scalbn
 .text._sbrk    0x26f0e7d4       0x3c c:/program files/microchip/xc32/v4.10/bin/bin/../../lib/gcc/pic32c/8.3.1/../../../../pic32c/lib/arm/v7-a+simd/hard\libpic32c.a(sbrk.o)
                0x26f0e7d4                _sbrk
 .text          0x26f0e810      0x3c0 c:/program files/microchip/xc32/v4.10/bin/bin/../../lib/gcc/pic32c/8.3.1/arm/v7-a+simd/hard\libgcc.a(_arm_addsubdf3.o)
                0x26f0e810                __aeabi_drsub
                0x26f0e818                __aeabi_dsub
                0x26f0e818                __subdf3
                0x26f0e81c                __aeabi_dadd
                0x26f0e81c                __adddf3
                0x26f0eac8                __floatunsidf
                0x26f0eac8                __aeabi_ui2d
                0x26f0eaec                __floatsidf
                0x26f0eaec                __aeabi_i2d
                0x26f0eb14                __aeabi_f2d
                0x26f0eb14                __extendsfdf2
                0x26f0eb5c                __floatundidf
                0x26f0eb5c                __aeabi_ul2d
                0x26f0eb70                __floatdidf
                0x26f0eb70                __aeabi_l2d
 .text          0x26f0ebd0       0xd4 c:/program files/microchip/xc32/v4.10/bin/bin/../../lib/gcc/pic32c/8.3.1/arm/v7-a+simd/hard\libgcc.a(_aeabi_ldivmod.o)
                0x26f0ebd0                __aeabi_ldivmod
 *(.rodata .rodata* .gnu.linkonce.r.*)
 .rodata        0x26f0eca4      0x10c build/sam_a5d27_som1_winc3400/production/_ext/1279932671/drv_spi.o
 .rodata        0x26f0edb0       0x14 build/sam_a5d27_som1_winc3400/production/_ext/1846510740/wdrv_winc_spi.o
 .rodata        0x26f0edc4      0x664 build/sam_a5d27_som1_winc3400/production/_ext/1909873291/nmspi.o
 .rodata.crc7_syndrome_table
                0x26f0f428      0x100 build/sam_a5d27_som1_winc3400/production/_ext/1909873291/nmspi.o
 .rodata        0x26f0f528      0x1d8 build/sam_a5d27_som1_winc3400/production/_ext/1909873291/nmdrv.o
 .rodata        0x26f0f700       0x38 build/sam_a5d27_som1_winc3400/production/_ext/1909873291/m2m_ota.o
 .rodata        0x26f0f738      0x10c build/sam_a5d27_som1_winc3400/production/_ext/1909873291/m2m_ssl.o
 .rodata        0x26f0f844      0x450 build/sam_a5d27_som1_winc3400/production/_ext/1909873291/m2m_hif.o
 .rodata.gau16HifBlacklist
                0x26f0fc94       0x1c build/sam_a5d27_som1_winc3400/production/_ext/1909873291/m2m_hif.o
 .rodata        0x26f0fcb0      0x184 build/sam_a5d27_som1_winc3400/production/_ext/1909873291/nmasic.o
 .rodata        0x26f0fe34      0x27c build/sam_a5d27_som1_winc3400/production/_ext/1909873291/m2m_wifi.o
 .rodata        0x26f100b0      0x100 build/sam_a5d27_som1_winc3400/production/_ext/1483395904/socket.o
 .rodata        0x26f101b0       0x80 build/sam_a5d27_som1_winc3400/production/_ext/237603529/wdrv_winc.o
 .rodata.bleGapMDevReadyMsg.12450
                0x26f10230        0xc build/sam_a5d27_som1_winc3400/production/_ext/237603529/wdrv_winc.o
 .rodata.portNumCb
                0x26f1023c        0x8 build/sam_a5d27_som1_winc3400/production/_ext/883925144/plib_pio.o
 .rodata.sysConsoleUARTDevDesc
                0x26f10244       0x2c build/sam_a5d27_som1_winc3400/production/_ext/1006343247/sys_console_uart.o
                0x26f10244                sysConsoleUARTDevDesc
 .rodata.debugInit
                0x26f10270        0x4 build/sam_a5d27_som1_winc3400/production/_ext/1420774346/initialization.o
                0x26f10270                debugInit
 .rodata.drvSPI0InitData
                0x26f10274       0x30 build/sam_a5d27_som1_winc3400/production/_ext/1420774346/initialization.o
                0x26f10274                drvSPI0InitData
 .rodata.drvSPI0InterruptSources
                0x26f102a4       0x18 build/sam_a5d27_som1_winc3400/production/_ext/1420774346/initialization.o
                0x26f102a4                drvSPI0InterruptSources
 .rodata.drvSPI0PlibAPI
                0x26f102bc       0x10 build/sam_a5d27_som1_winc3400/production/_ext/1420774346/initialization.o
                0x26f102bc                drvSPI0PlibAPI
 .rodata.drvSPI0remapClockPhase
                0x26f102cc        0x8 build/sam_a5d27_som1_winc3400/production/_ext/1420774346/initialization.o
                0x26f102cc                drvSPI0remapClockPhase
 .rodata.drvSPI0remapClockPolarity
                0x26f102d4        0x8 build/sam_a5d27_som1_winc3400/production/_ext/1420774346/initialization.o
                0x26f102d4                drvSPI0remapClockPolarity
 .rodata.drvSPI0remapDataBits
                0x26f102dc       0x28 build/sam_a5d27_som1_winc3400/production/_ext/1420774346/initialization.o
                0x26f102dc                drvSPI0remapDataBits
 .rodata.sysConsole0Init
                0x26f10304        0xc build/sam_a5d27_som1_winc3400/production/_ext/1420774346/initialization.o
                0x26f10304                sysConsole0Init
 .rodata.sysConsole0UARTInitData
                0x26f10310        0x4 build/sam_a5d27_som1_winc3400/production/_ext/1420774346/initialization.o
                0x26f10310                sysConsole0UARTInitData
 .rodata.sysConsole0UARTPlibAPI
                0x26f10314       0x18 build/sam_a5d27_som1_winc3400/production/_ext/1420774346/initialization.o
                0x26f10314                sysConsole0UARTPlibAPI
 .rodata.sysTimeInitData
                0x26f1032c        0x8 build/sam_a5d27_som1_winc3400/production/_ext/1420774346/initialization.o
                0x26f1032c                sysTimeInitData
 .rodata.sysTimePlibAPI
                0x26f10334       0x1c build/sam_a5d27_som1_winc3400/production/_ext/1420774346/initialization.o
                0x26f10334                sysTimePlibAPI
 .rodata.wdrvWincInitData
                0x26f10350        0x8 build/sam_a5d27_som1_winc3400/production/_ext/1420774346/initialization.o
 .rodata        0x26f10358       0xfc build/sam_a5d27_som1_winc3400/production/_ext/1360937237/example.o
 .rodata        0x26f10454       0x5c c:/program files/microchip/xc32/v4.10/bin/bin/../../lib/gcc/pic32c/8.3.1/../../../../pic32c/lib/arm/v7-a+simd/hard\libc-musl.a(malloc.o)
 .rodata        0x26f104b0        0x4 c:/program files/microchip/xc32/v4.10/bin/bin/../../lib/gcc/pic32c/8.3.1/../../../../pic32c/lib/arm/v7-a+simd/hard\libc-musl.a(mktime.o)
 .rodata        0x26f104b4        0xc c:/program files/microchip/xc32/v4.10/bin/bin/../../lib/gcc/pic32c/8.3.1/../../../../pic32c/lib/arm/v7-a+simd/hard\libc-musl.a(__secs_to_tm.o)
 .rodata        0x26f104c0       0x1c c:/program files/microchip/xc32/v4.10/bin/bin/../../lib/gcc/pic32c/8.3.1/../../../../pic32c/lib/arm/v7-a+simd/hard\libc-musl.a(__printf_core.o)
 .rodata        0x26f104dc       0x30 c:/program files/microchip/xc32/v4.10/bin/bin/../../lib/gcc/pic32c/8.3.1/../../../../pic32c/lib/arm/v7-a+simd/hard\libc-musl.a(__month_to_secs.o)
 .rodata        0x26f1050c       0x10 c:/program files/microchip/xc32/v4.10/bin/bin/../../lib/gcc/pic32c/8.3.1/../../../../pic32c/lib/arm/v7-a+simd/hard\libc-musl.a(__fmt_a.o)
 .rodata        0x26f1051c       0x10 c:/program files/microchip/xc32/v4.10/bin/bin/../../lib/gcc/pic32c/8.3.1/../../../../pic32c/lib/arm/v7-a+simd/hard\libc-musl.a(__fmt_fp.o)
 .rodata        0x26f1052c        0x7 c:/program files/microchip/xc32/v4.10/bin/bin/../../lib/gcc/pic32c/8.3.1/../../../../pic32c/lib/arm/v7-a+simd/hard\libc-musl.a(__fmt_s.o)
 *(.ARM.extab* .gnu.linkonce.armextab.*)
                0x26f10534                . = ALIGN (0x4)
 *fill*         0x26f10533        0x1 
 *(.init)
 .init          0x26f10534        0xc c:/program files/microchip/xc32/v4.10/bin/bin/../../lib/gcc/pic32c/8.3.1/arm/v7-a+simd/hard/crti.o
                0x26f10534                _init
 .init          0x26f10540        0xc c:/program files/microchip/xc32/v4.10/bin/bin/../../lib/gcc/pic32c/8.3.1/arm/v7-a+simd/hard/crtn.o
                0x26f1054c                . = ALIGN (0x4)
                0x26f1054c                __preinit_array_start = .
 *(.preinit_array)
                0x26f1054c                __preinit_array_end = .
                0x26f1054c                . = ALIGN (0x4)
                0x26f1054c                __init_array_start = .
 *(SORT_BY_NAME(.init_array.*))
 *(.init_array)
 .init_array    0x26f1054c        0x4 c:/program files/microchip/xc32/v4.10/bin/bin/../../lib/gcc/pic32c/8.3.1/arm/v7-a+simd/hard/crtbegin.o
                0x26f10550                __init_array_end = .
                0x26f10550                . = ALIGN (0x4)
 *crtbegin.o(.ctors)
 *(EXCLUDE_FILE(*crtend.o) .ctors)
 *(SORT_BY_NAME(.ctors.*))
 *crtend.o(.ctors)
                0x26f10550                . = ALIGN (0x4)
 *(.fini)
 .fini          0x26f10550        0xc c:/program files/microchip/xc32/v4.10/bin/bin/../../lib/gcc/pic32c/8.3.1/arm/v7-a+simd/hard/crti.o
                0x26f10550                _fini
 .fini          0x26f1055c        0xc c:/program files/microchip/xc32/v4.10/bin/bin/../../lib/gcc/pic32c/8.3.1/arm/v7-a+simd/hard/crtn.o
                0x26f10568                . = ALIGN (0x4)
                0x26f10568                __fini_array_start = .
 *(.fini_array)
 .fini_array    0x26f10568        0x4 c:/program files/microchip/xc32/v4.10/bin/bin/../../lib/gcc/pic32c/8.3.1/arm/v7-a+simd/hard/crtbegin.o
 *(SORT_BY_NAME(.fini_array.*))
                0x26f1056c                __fini_array_end = .
 *crtbegin.o(.dtors)
 *(EXCLUDE_FILE(*crtend.o) .dtors)
 *(SORT_BY_NAME(.dtors.*))
 *crtend.o(.dtors)
 *(.dinit*)
                0x26f1056c                . = ALIGN (0x4)

.data           0x26f1056c       0x78
 *(.data .data.*)
 .data.genuStatus
                0x26f1056c        0x1 build/sam_a5d27_som1_winc3400/production/_ext/1909873291/m2m_ssl.o
 *fill*         0x26f1056d        0x3 
 .data.egstrNmBusCapabilities
                0x26f10570        0x2 build/sam_a5d27_som1_winc3400/production/_ext/1909873291/nmbus.o
                0x26f10570                egstrNmBusCapabilities
 *fill*         0x26f10572        0x2 
 .data.gu321xTlsHsFlags
                0x26f10574        0x4 build/sam_a5d27_som1_winc3400/production/_ext/1909873291/m2m_wifi.o
 .data.gSysTimeTokenCount
                0x26f10578        0x2 build/sam_a5d27_som1_winc3400/production/_ext/695691069/sys_time.o
 *fill*         0x26f1057a        0x2 
 .data.irqData  0x26f1057c       0x64 build/sam_a5d27_som1_winc3400/production/_ext/1420774346/interrupts.o
                0x26f1057c                irqData
 .data.irqDataEntryCount
                0x26f105e0        0x4 build/sam_a5d27_som1_winc3400/production/_ext/1420774346/interrupts.o
                0x26f105e0                irqDataEntryCount
                0x26f105e4                . = ALIGN (0x4)
                0x26f105e4                _efixed = .
                [!provide]                PROVIDE (__exidx_start = .)

.ARM.exidx      0x26f105e4        0x8
 *(.ARM.exidx* .gnu.linkonce.armexidx.*)
 .ARM.exidx     0x26f105e4        0x8 c:/program files/microchip/xc32/v4.10/bin/bin/../../lib/gcc/pic32c/8.3.1/arm/v7-a+simd/hard\libgcc.a(_udivmoddi4.o)
                [!provide]                PROVIDE (__exidx_end = .)
                0x26f105ec                . = ALIGN (0x4)
                0x26f105ec                _etext = .

.relocate       0x00200000       0x3c load address 0x26f105ec
                0x00200000                . = ALIGN (0x4)
                0x00200000                _srelocate = .
 *(.vectors .vectors.*)
 .vectors       0x00200000       0x3c build/sam_a5d27_som1_winc3400/production/_ext/1420774346/cstartup.o
 *(.ramfunc)
                0x0020003c                . = ALIGN (0x4)
                0x0020003c                _erelocate = .

.region_cache_aligned_const
                0x26f10628       0x18
                0x26f10640                . = ALIGN (0x20)
 *fill*         0x26f10628       0x18 
 *(.region_cache_aligned_const .region_cache_aligned_const.*)
                0x26f10640                . = ALIGN (0x20)

.region_sram    0x0020003c        0x0
                0x0020003c                . = ALIGN (0x4)
 *(.region_sram .region_sram.*)

.region_ram     0x26f10640        0x0
                0x26f10640                . = ALIGN (0x4)
 *(.region_ram .region_ram.*)

.region_nocache
                0x20000000        0x0
                0x20000000                . = ALIGN (0x4)
 *(.region_nocache .region_nocache.*)

.bss            0x26f14000     0x8e08
                0x26f14000                . = ALIGN (0x4)
                0x26f14000                _szero = .
 *(.bss .bss.*)
 .bss           0x26f14000       0x1c c:/program files/microchip/xc32/v4.10/bin/bin/../../lib/gcc/pic32c/8.3.1/arm/v7-a+simd/hard/crtbegin.o
 .bss.gDrvSPIObj
                0x26f1401c       0x70 build/sam_a5d27_som1_winc3400/production/_ext/1279932671/drv_spi.o
 *fill*         0x26f1408c       0x14 
 .bss.txDummyData
                0x26f140a0       0x20 build/sam_a5d27_som1_winc3400/production/_ext/1279932671/drv_spi.o
 .bss.dummy.11541
                0x26f140c0        0x1 build/sam_a5d27_som1_winc3400/production/_ext/1846510740/wdrv_winc_spi.o
 *fill*         0x26f140c1        0x3 
 .bss.spiDcpt   0x26f140c4       0x14 build/sam_a5d27_som1_winc3400/production/_ext/1846510740/wdrv_winc_spi.o
 .bss.gu8Crc_off
                0x26f140d8        0x1 build/sam_a5d27_som1_winc3400/production/_ext/1909873291/nmspi.o
 .bss.s_spiLock
                0x26f140d9        0x1 build/sam_a5d27_som1_winc3400/production/_ext/1909873291/nmspi.o
 .bss.genuNmState
                0x26f140da        0x1 build/sam_a5d27_som1_winc3400/production/_ext/1909873291/nmdrv.o
 *fill*         0x26f140db        0x1 
 .bss.gpfOtaUpdateCb
                0x26f140dc        0x4 build/sam_a5d27_som1_winc3400/production/_ext/1909873291/m2m_ota.o
 .bss.gpfAppSSLCb
                0x26f140e0        0x4 build/sam_a5d27_som1_winc3400/production/_ext/1909873291/m2m_ssl.o
 .bss.gu32HIFAddr
                0x26f140e4        0x4 build/sam_a5d27_som1_winc3400/production/_ext/1909873291/m2m_ssl.o
 .bss.gstrHifCxt
                0x26f140e8       0x24 build/sam_a5d27_som1_winc3400/production/_ext/1909873291/m2m_hif.o
                0x26f140e8                gstrHifCxt
 .bss.gu8HifBlOffset
                0x26f1410c        0x1 build/sam_a5d27_som1_winc3400/production/_ext/1909873291/m2m_hif.o
 .bss.hifSemaphore
                0x26f1410d        0x1 build/sam_a5d27_som1_winc3400/production/_ext/1909873291/m2m_hif.o
 *fill*         0x26f1410e        0x2 
 .bss.chipid.11182
                0x26f14110        0x4 build/sam_a5d27_som1_winc3400/production/_ext/1909873291/nmasic.o
 .bss.gau81xRootSha1
                0x26f14114       0x14 build/sam_a5d27_som1_winc3400/production/_ext/1909873291/m2m_wifi.o
 .bss.gau8ethRcvBuf
                0x26f14128        0x4 build/sam_a5d27_som1_winc3400/production/_ext/1909873291/m2m_wifi.o
 .bss.gpfAppEthCb
                0x26f1412c        0x4 build/sam_a5d27_som1_winc3400/production/_ext/1909873291/m2m_wifi.o
 .bss.gpfAppWifiCb
                0x26f14130        0x4 build/sam_a5d27_som1_winc3400/production/_ext/1909873291/m2m_wifi.o
 .bss.gu16ethRcvBufSize
                0x26f14134        0x2 build/sam_a5d27_som1_winc3400/production/_ext/1909873291/m2m_wifi.o
 .bss.gu81xFlags
                0x26f14136        0x1 build/sam_a5d27_som1_winc3400/production/_ext/1909873291/m2m_wifi.o
 .bss.gu8ChNum  0x26f14137        0x1 build/sam_a5d27_som1_winc3400/production/_ext/1909873291/m2m_wifi.o
 .bss.gastrSockets
                0x26f14138       0xc0 build/sam_a5d27_som1_winc3400/production/_ext/1483395904/socket.o
                0x26f14138                gastrSockets
 .bss.gbSocketInit
                0x26f141f8        0x1 build/sam_a5d27_som1_winc3400/production/_ext/1483395904/socket.o
                0x26f141f8                gbSocketInit
 *fill*         0x26f141f9        0x3 
 .bss.gfpPingCb
                0x26f141fc        0x4 build/sam_a5d27_som1_winc3400/production/_ext/1483395904/socket.o
 .bss.gpfAppResolveCb
                0x26f14200        0x4 build/sam_a5d27_som1_winc3400/production/_ext/1483395904/socket.o
                0x26f14200                gpfAppResolveCb
 .bss.gpfAppSocketCb
                0x26f14204        0x4 build/sam_a5d27_som1_winc3400/production/_ext/1483395904/socket.o
                0x26f14204                gpfAppSocketCb
 .bss.gu16SessionID
                0x26f14208        0x2 build/sam_a5d27_som1_winc3400/production/_ext/1483395904/socket.o
                0x26f14208                gu16SessionID
 *fill*         0x26f1420a        0x2 
 .bss.gu32PingId
                0x26f1420c        0x4 build/sam_a5d27_som1_winc3400/production/_ext/1483395904/socket.o
 .bss.wincCtrlDescriptor
                0x26f14210       0xdc build/sam_a5d27_som1_winc3400/production/_ext/237603529/wdrv_winc.o
 .bss.wincDescriptor
                0x26f142ec       0x10 build/sam_a5d27_som1_winc3400/production/_ext/237603529/wdrv_winc.o
 .bss.flexcom4SpiObj
                0x26f142fc       0x2c build/sam_a5d27_som1_winc3400/production/_ext/1895127654/plib_flexcom4_spi_master.o
                0x26f142fc                flexcom4SpiObj
 .bss.isLastByteTransferInProgress.8334
                0x26f14328        0x1 build/sam_a5d27_som1_winc3400/production/_ext/1895127654/plib_flexcom4_spi_master.o
 *fill*         0x26f14329     0x3cd7 
 .bss.tlb       0x26f18000     0x4000 build/sam_a5d27_som1_winc3400/production/_ext/883927897/plib_mmu.o
 .bss.portPinCbObj
                0x26f1c000        0xc build/sam_a5d27_som1_winc3400/production/_ext/883925144/plib_pio.o
 .bss.TC0_CH0_CallbackObj
                0x26f1c00c        0x8 build/sam_a5d27_som1_winc3400/production/_ext/941317725/plib_tc0.o
 .bss.UART1_ReadBuffer
                0x26f1c014       0x80 build/sam_a5d27_som1_winc3400/production/_ext/1631734212/plib_uart1.o
 .bss.UART1_WriteBuffer
                0x26f1c094      0x800 build/sam_a5d27_som1_winc3400/production/_ext/1631734212/plib_uart1.o
 .bss.uart1Obj  0x26f1c894       0x38 build/sam_a5d27_som1_winc3400/production/_ext/1631734212/plib_uart1.o
                0x26f1c894                uart1Obj
 .bss.xdmacChannelObj
                0x26f1c8cc       0x20 build/sam_a5d27_som1_winc3400/production/_ext/958701621/plib_xdmac0.o
                0x26f1c8cc                xdmacChannelObj
 .bss.gConsoleUartData
                0x26f1c8ec       0x10 build/sam_a5d27_som1_winc3400/production/_ext/1006343247/sys_console_uart.o
 .bss.consoleDeviceInstance
                0x26f1c8fc        0xc build/sam_a5d27_som1_winc3400/production/_ext/1006343247/sys_console.o
 .bss.consolePrintBuffer
                0x26f1c908       0xc8 build/sam_a5d27_som1_winc3400/production/_ext/1006343247/sys_console.o
 .bss.consolePrintBufferMutex
                0x26f1c9d0        0x1 build/sam_a5d27_som1_winc3400/production/_ext/1006343247/sys_console.o
 .bss.isConsoleMutexCreated
                0x26f1c9d1        0x1 build/sam_a5d27_som1_winc3400/production/_ext/1006343247/sys_console.o
 .bss.gblErrLvl
                0x26f1c9d2        0x1 build/sam_a5d27_som1_winc3400/production/_ext/100066323/sys_debug.o
                0x26f1c9d2                gblErrLvl
 *fill*         0x26f1c9d3        0x1 
 .bss.sysDebugInstance
                0x26f1c9d4        0x4 build/sam_a5d27_som1_winc3400/production/_ext/100066323/sys_debug.o
 .bss.gSystemCounterObj
                0x26f1c9d8       0x40 build/sam_a5d27_som1_winc3400/production/_ext/695691069/sys_time.o
 .bss.timers    0x26f1ca18       0xa0 build/sam_a5d27_som1_winc3400/production/_ext/695691069/sys_time.o
 .bss.drvSPI0ClientObjPool
                0x26f1cab8       0x28 build/sam_a5d27_som1_winc3400/production/_ext/1420774346/initialization.o
 .bss.drvSPI0TransferObjPool
                0x26f1cae0       0x90 build/sam_a5d27_som1_winc3400/production/_ext/1420774346/initialization.o
 .bss.sysObj    0x26f1cb70       0x14 build/sam_a5d27_som1_winc3400/production/_ext/1420774346/initialization.o
                0x26f1cb70                sysObj
 .bss.wdrvWincSpiInitData
                0x26f1cb84        0x2 build/sam_a5d27_som1_winc3400/production/_ext/1420774346/initialization.o
 *fill*         0x26f1cb86        0x2 
 .bss.spuriousEventCount
                0x26f1cb88        0x4 build/sam_a5d27_som1_winc3400/production/_ext/1420774346/interrupts.o
                0x26f1cb88                spuriousEventCount
 .bss.appData   0x26f1cb8c        0x8 build/sam_a5d27_som1_winc3400/production/_ext/1360937237/app.o
                0x26f1cb8c                appData
 .bss.wdrvHandle
                0x26f1cb94        0x4 build/sam_a5d27_som1_winc3400/production/_ext/1360937237/app.o
 .bss.foundBSS  0x26f1cb98        0x1 build/sam_a5d27_som1_winc3400/production/_ext/1360937237/example.o
 .bss.state     0x26f1cb99        0x1 build/sam_a5d27_som1_winc3400/production/_ext/1360937237/example.o
 *fill*         0x26f1cb9a        0x2 
 .bss           0x26f1cb9c       0x50 c:/program files/microchip/xc32/v4.10/bin/bin/../../lib/gcc/pic32c/8.3.1/../../../../pic32c/lib/arm/v7-a+simd/hard\libc-musl.a(libc.o)
                0x26f1cb9c                __progname_full
                0x26f1cb9c                program_invocation_name
                0x26f1cba0                program_invocation_short_name
                0x26f1cba0                __progname
                0x26f1cba4                __sysinfo
                0x26f1cba8                __hwcap
                0x26f1cbac                __libc
 *fill*         0x26f1cbec        0x4 
 .bss           0x26f1cbf0      0x20c c:/program files/microchip/xc32/v4.10/bin/bin/../../lib/gcc/pic32c/8.3.1/../../../../pic32c/lib/arm/v7-a+simd/hard\libc-musl.a(malloc.o)
 .bss           0x26f1cdfc        0x4 c:/program files/microchip/xc32/v4.10/bin/bin/../../lib/gcc/pic32c/8.3.1/../../../../pic32c/lib/arm/v7-a+simd/hard\libc-musl.a(__environ.o)
                0x26f1cdfc                __environ
                0x26f1cdfc                environ
                0x26f1cdfc                ___environ
                0x26f1cdfc                _environ
 .bss           0x26f1ce00        0x4 c:/program files/microchip/xc32/v4.10/bin/bin/../../lib/gcc/pic32c/8.3.1/../../../../pic32c/lib/arm/v7-a+simd/hard\libc-musl.a(__errno_location.o)
                0x26f1ce00                __errno_val
 .bss           0x26f1ce04        0x4 c:/program files/microchip/xc32/v4.10/bin/bin/../../lib/gcc/pic32c/8.3.1/../../../../pic32c/lib/arm/v7-a+simd/hard\libpic32c.a(sbrk.o)
 *(COMMON)
                0x26f1ce08                . = ALIGN (0x4)
                0x26f1ce08                _ezero = .

.region_cache_aligned
                0x26f1ce08       0x18
                0x26f1ce20                . = ALIGN (0x20)
 *fill*         0x26f1ce08       0x18 
 *(.region_cache_aligned .region_cache_aligned.*)
                0x26f1ce20                . = ALIGN (0x20)

.stacks         0x26f1ce20     0x2140
                0x26f1ce80                . = (. + IRQ_STACK_SIZE)
 *fill*         0x26f1ce20       0x60 
                0x26f1ce80                . = ALIGN (0x8)
                0x26f1ce80                _irqstack = .
                0x26f1cee0                . = (. + FIQ_STACK_SIZE)
 *fill*         0x26f1ce80       0x60 
                0x26f1cee0                . = ALIGN (0x8)
                0x26f1cee0                _fiqstack = .
                0x26f1cf20                . = (. + ABT_STACK_SIZE)
 *fill*         0x26f1cee0       0x40 
                0x26f1cf20                . = ALIGN (0x8)
                0x26f1cf20                _abtstack = .
                0x26f1cf60                . = (. + UND_STACK_SIZE)
 *fill*         0x26f1cf20       0x40 
                0x26f1cf60                . = ALIGN (0x8)
                0x26f1cf60                _undstack = .
                0x26f1df60                . = (. + SVC_STACK_SIZE)
 *fill*         0x26f1cf60     0x1000 
                0x26f1df60                . = ALIGN (0x8)
                0x26f1df60                _svcstack = .
                0x26f1ef60                . = (. + C_STACK_SIZE)
 *fill*         0x26f1df60     0x1000 
                0x26f1ef60                . = ALIGN (0x8)
                0x26f1ef60                _cstack = .
                0x26f1ef60                _end = .
                0x26f1ef60                _ramcode_lma = _end

.ramcode        0x0020003c        0x0 load address 0x26f1ef60
                0x0020003c                _sramcode = .
 *(.ramcode_section .ramcode_section.*)
                0x0020003c                _eramcode = .
                0x26f1ef60                _ramdata_lma = ((_end + _eramcode) - _sramcode)

.ramdata        0x0020003c        0x0 load address 0x26f1ef60
                0x0020003c                _sramdata = .
 *(.ramdata_section .ramdata_section.*)
                0x0020003c                _eramdata = .
                0x00000200                _min_heap_size = 0x200
START GROUP
LOAD c:/program files/microchip/xc32/v4.10/bin/bin/../../lib/gcc/pic32c/8.3.1/../../../../pic32c/lib/arm/v7-a+simd/hard\libpic32c.a
LOAD c:/program files/microchip/xc32/v4.10/bin/bin/../../lib/gcc/pic32c/8.3.1/arm/v7-a+simd/hard\libgcc.a
LOAD c:/program files/microchip/xc32/v4.10/bin/bin/../../lib/gcc/pic32c/8.3.1/../../../../pic32c/lib/arm/v7-a+simd/hard\libm-musl.a
LOAD c:/program files/microchip/xc32/v4.10/bin/bin/../../lib/gcc/pic32c/8.3.1/../../../../pic32c/lib/arm/v7-a+simd/hard\libc-musl.a
LOAD c:/program files/microchip/xc32/v4.10/bin/bin/../../lib/gcc/pic32c/8.3.1/../../../../pic32c/lib/arm/v7-a+simd/hard\libm-musl.a
END GROUP
LOAD c:/program files/microchip/xc32/v4.10/bin/bin/../../lib/gcc/pic32c/8.3.1/arm/v7-a+simd/hard/crtend.o
LOAD c:/program files/microchip/xc32/v4.10/bin/bin/../../lib/gcc/pic32c/8.3.1/arm/v7-a+simd/hard/crtn.o
OUTPUT(dist/sam_a5d27_som1_winc3400/production/sam_a5d27_som1_winc3400.X.production.elf elf32-littlearm)
LOAD stack

.ARM.attributes
                0x00000000       0x37
 .ARM.attributes
                0x00000000       0x1f c:/program files/microchip/xc32/v4.10/bin/bin/../../lib/gcc/pic32c/8.3.1/arm/v7-a+simd/hard/crti.o
 .ARM.attributes
                0x0000001f       0x35 c:/program files/microchip/xc32/v4.10/bin/bin/../../lib/gcc/pic32c/8.3.1/arm/v7-a+simd/hard/crtbegin.o
 .ARM.attributes
                0x00000054       0x39 build/sam_a5d27_som1_winc3400/production/_ext/1279932671/drv_spi.o
 .ARM.attributes
                0x0000008d       0x39 build/sam_a5d27_som1_winc3400/production/_ext/1407615473/wdrv_winc_gpio.o
 .ARM.attributes
                0x000000c6       0x39 build/sam_a5d27_som1_winc3400/production/_ext/1407615473/wdrv_winc_eint.o
 .ARM.attributes
                0x000000ff       0x39 build/sam_a5d27_som1_winc3400/production/_ext/1846510740/wdrv_winc_spi.o
 .ARM.attributes
                0x00000138       0x39 build/sam_a5d27_som1_winc3400/production/_ext/1941162184/nm_common.o
 .ARM.attributes
                0x00000171       0x39 build/sam_a5d27_som1_winc3400/production/_ext/1909873291/nmspi.o
 .ARM.attributes
                0x000001aa       0x39 build/sam_a5d27_som1_winc3400/production/_ext/1909873291/nmdrv.o
 .ARM.attributes
                0x000001e3       0x39 build/sam_a5d27_som1_winc3400/production/_ext/1909873291/m2m_ota.o
 .ARM.attributes
                0x0000021c       0x39 build/sam_a5d27_som1_winc3400/production/_ext/1909873291/m2m_ssl.o
 .ARM.attributes
                0x00000255       0x39 build/sam_a5d27_som1_winc3400/production/_ext/1909873291/m2m_hif.o
 .ARM.attributes
                0x0000028e       0x39 build/sam_a5d27_som1_winc3400/production/_ext/1909873291/nmasic.o
 .ARM.attributes
                0x000002c7       0x39 build/sam_a5d27_som1_winc3400/production/_ext/1909873291/nmbus.o
 .ARM.attributes
                0x00000300       0x39 build/sam_a5d27_som1_winc3400/production/_ext/1909873291/m2m_wifi.o
 .ARM.attributes
                0x00000339       0x39 build/sam_a5d27_som1_winc3400/production/_ext/1483395904/inet_ntop.o
 .ARM.attributes
                0x00000372       0x39 build/sam_a5d27_som1_winc3400/production/_ext/1483395904/socket.o
 .ARM.attributes
                0x000003ab       0x39 build/sam_a5d27_som1_winc3400/production/_ext/973425813/wdrv_winc_osal.o
 .ARM.attributes
                0x000003e4       0x39 build/sam_a5d27_som1_winc3400/production/_ext/237603529/wdrv_winc_systime.o
 .ARM.attributes
                0x0000041d       0x39 build/sam_a5d27_som1_winc3400/production/_ext/237603529/wdrv_winc_sta.o
 .ARM.attributes
                0x00000456       0x39 build/sam_a5d27_som1_winc3400/production/_ext/237603529/wdrv_winc_bssctx.o
 .ARM.attributes
                0x0000048f       0x39 build/sam_a5d27_som1_winc3400/production/_ext/237603529/wdrv_winc_bssfind.o
 .ARM.attributes
                0x000004c8       0x39 build/sam_a5d27_som1_winc3400/production/_ext/237603529/wdrv_winc_socket.o
 .ARM.attributes
                0x00000501       0x39 build/sam_a5d27_som1_winc3400/production/_ext/237603529/wdrv_winc.o
 .ARM.attributes
                0x0000053a       0x39 build/sam_a5d27_som1_winc3400/production/_ext/237603529/wdrv_winc_authctx.o
 .ARM.attributes
                0x00000573       0x39 build/sam_a5d27_som1_winc3400/production/_ext/883939571/plib_aic.o
 .ARM.attributes
                0x000005ac       0x39 build/sam_a5d27_som1_winc3400/production/_ext/883937548/plib_clk.o
 .ARM.attributes
                0x000005e5       0x39 build/sam_a5d27_som1_winc3400/production/_ext/1895127654/plib_flexcom4_spi_master.o
 .ARM.attributes